<?xml version="1.0" encoding="ISO-8859-1" ?>
<link_info>
   <banner>TI ARM Clang Linker PC v3.2.2.LTS</banner>
   <copyright>Copyright (c) 1996-2018 Texas Instruments Incorporated</copyright>
   <link_time>0x66a7b0cc</link_time>
   <link_errors>0x0</link_errors>
   <output_file>C:\Users\HMRda\workspace_ccstheia\empty_LP_MSPM0G3507_nortos_ticlang\Debug\empty_LP_MSPM0G3507_nortos_ticlang.out</output_file>
   <entry_point>
      <name>_c_int00_noargs</name>
      <address>0x1831</address>
   </entry_point>
   <input_file_list>
      <input_file id="fl-1">
         <path>C:\Users\HMRda\workspace_ccstheia\empty_LP_MSPM0G3507_nortos_ticlang\Debug\.\</path>
         <kind>object</kind>
         <file>ti_msp_dl_config.o</file>
         <name>ti_msp_dl_config.o</name>
      </input_file>
      <input_file id="fl-2">
         <path>C:\Users\HMRda\workspace_ccstheia\empty_LP_MSPM0G3507_nortos_ticlang\Debug\.\</path>
         <kind>object</kind>
         <file>startup_mspm0g350x_ticlang.o</file>
         <name>startup_mspm0g350x_ticlang.o</name>
      </input_file>
      <input_file id="fl-3">
         <path>C:\Users\HMRda\workspace_ccstheia\empty_LP_MSPM0G3507_nortos_ticlang\Debug\.\</path>
         <kind>object</kind>
         <file>main.o</file>
         <name>main.o</name>
      </input_file>
      <input_file id="fl-4">
         <path>C:\Users\HMRda\workspace_ccstheia\empty_LP_MSPM0G3507_nortos_ticlang\Debug\.\Delay\</path>
         <kind>object</kind>
         <file>delay.o</file>
         <name>delay.o</name>
      </input_file>
      <input_file id="fl-5">
         <path>C:\Users\HMRda\workspace_ccstheia\empty_LP_MSPM0G3507_nortos_ticlang\Debug\.\ENCODER\</path>
         <kind>object</kind>
         <file>encoder.o</file>
         <name>encoder.o</name>
      </input_file>
      <input_file id="fl-6">
         <path>C:\Users\HMRda\workspace_ccstheia\empty_LP_MSPM0G3507_nortos_ticlang\Debug\.\PWM\</path>
         <kind>object</kind>
         <file>pwm.o</file>
         <name>pwm.o</name>
      </input_file>
      <input_file id="fl-7">
         <path>C:\Users\HMRda\workspace_ccstheia\empty_LP_MSPM0G3507_nortos_ticlang\Debug\.\SSD1106_OLED\</path>
         <kind>object</kind>
         <file>ssd1106.o</file>
         <name>ssd1106.o</name>
      </input_file>
      <input_file id="fl-8">
         <path>C:\Users\HMRda\workspace_ccstheia\empty_LP_MSPM0G3507_nortos_ticlang\Debug\.\UART\</path>
         <kind>object</kind>
         <file>UART.o</file>
         <name>UART.o</name>
      </input_file>
      <input_file id="fl-15">
         <path>C:\Users\HMRda\workspace_ccstheia\empty_LP_MSPM0G3507_nortos_ticlang\Debug\</path>
         <kind>object</kind>
         <file>&lt;internal&gt;</file>
         <name>&lt;internal&gt;</name>
      </input_file>
      <input_file id="fl-16">
         <path>E:\ti\mspm0_sdk_2_01_00_03\source\ti\driverlib\lib\ticlang\m0p\mspm0g1x0x_g3x0x\</path>
         <kind>archive</kind>
         <file>driverlib.a</file>
         <name>dl_common.o</name>
      </input_file>
      <input_file id="fl-17">
         <path>E:\ti\mspm0_sdk_2_01_00_03\source\ti\driverlib\lib\ticlang\m0p\mspm0g1x0x_g3x0x\</path>
         <kind>archive</kind>
         <file>driverlib.a</file>
         <name>dl_timer.o</name>
      </input_file>
      <input_file id="fl-18">
         <path>E:\ti\mspm0_sdk_2_01_00_03\source\ti\driverlib\lib\ticlang\m0p\mspm0g1x0x_g3x0x\</path>
         <kind>archive</kind>
         <file>driverlib.a</file>
         <name>dl_uart.o</name>
      </input_file>
      <input_file id="fl-27">
         <path>E:\ti\ccstheia141\ccs\tools\compiler\ti-cgt-armllvm_3.2.2.LTS\lib\armv6m-ti-none-eabi\c\</path>
         <kind>archive</kind>
         <file>libc.a</file>
         <name>boot_cortex_m.c.obj</name>
      </input_file>
      <input_file id="fl-28">
         <path>E:\ti\ccstheia141\ccs\tools\compiler\ti-cgt-armllvm_3.2.2.LTS\lib\armv6m-ti-none-eabi\c\</path>
         <kind>archive</kind>
         <file>libc.a</file>
         <name>mathacl_init.c.obj</name>
      </input_file>
      <input_file id="fl-29">
         <path>E:\ti\ccstheia141\ccs\tools\compiler\ti-cgt-armllvm_3.2.2.LTS\lib\armv6m-ti-none-eabi\c\</path>
         <kind>archive</kind>
         <file>libc.a</file>
         <name>autoinit.c.obj</name>
      </input_file>
      <input_file id="fl-2a">
         <path>E:\ti\ccstheia141\ccs\tools\compiler\ti-cgt-armllvm_3.2.2.LTS\lib\armv6m-ti-none-eabi\c\</path>
         <kind>archive</kind>
         <file>libc.a</file>
         <name>pre_init.c.obj</name>
      </input_file>
      <input_file id="fl-2b">
         <path>E:\ti\ccstheia141\ccs\tools\compiler\ti-cgt-armllvm_3.2.2.LTS\lib\armv6m-ti-none-eabi\c\</path>
         <kind>archive</kind>
         <file>libc.a</file>
         <name>cpy_tbl.c.obj</name>
      </input_file>
      <input_file id="fl-2c">
         <path>E:\ti\ccstheia141\ccs\tools\compiler\ti-cgt-armllvm_3.2.2.LTS\lib\armv6m-ti-none-eabi\c\</path>
         <kind>archive</kind>
         <file>libc.a</file>
         <name>copy_zero_init.c.obj</name>
      </input_file>
      <input_file id="fl-2d">
         <path>E:\ti\ccstheia141\ccs\tools\compiler\ti-cgt-armllvm_3.2.2.LTS\lib\armv6m-ti-none-eabi\c\</path>
         <kind>archive</kind>
         <file>libc.a</file>
         <name>copy_decompress_none.c.obj</name>
      </input_file>
      <input_file id="fl-2e">
         <path>E:\ti\ccstheia141\ccs\tools\compiler\ti-cgt-armllvm_3.2.2.LTS\lib\armv6m-ti-none-eabi\c\</path>
         <kind>archive</kind>
         <file>libc.a</file>
         <name>copy_decompress_lzss.c.obj</name>
      </input_file>
      <input_file id="fl-2f">
         <path>E:\ti\ccstheia141\ccs\tools\compiler\ti-cgt-armllvm_3.2.2.LTS\lib\armv6m-ti-none-eabi\c\</path>
         <kind>archive</kind>
         <file>libc.a</file>
         <name>exit.c.obj</name>
      </input_file>
      <input_file id="fl-30">
         <path>E:\ti\ccstheia141\ccs\tools\compiler\ti-cgt-armllvm_3.2.2.LTS\lib\armv6m-ti-none-eabi\c\</path>
         <kind>archive</kind>
         <file>libc.a</file>
         <name>_lock.c.obj</name>
      </input_file>
      <input_file id="fl-31">
         <path>E:\ti\ccstheia141\ccs\tools\compiler\ti-cgt-armllvm_3.2.2.LTS\lib\armv6m-ti-none-eabi\c\</path>
         <kind>archive</kind>
         <file>libc.a</file>
         <name>args_main.c.obj</name>
      </input_file>
      <input_file id="fl-97">
         <path>E:\ti\ccstheia141\ccs\tools\compiler\ti-cgt-armllvm_3.2.2.LTS\lib\clang\15.0.7\lib\armv6m-ti-none-eabi\</path>
         <kind>archive</kind>
         <file>libclang_rt.builtins.a</file>
         <name>addsf3.S.obj</name>
      </input_file>
      <input_file id="fl-98">
         <path>E:\ti\ccstheia141\ccs\tools\compiler\ti-cgt-armllvm_3.2.2.LTS\lib\clang\15.0.7\lib\armv6m-ti-none-eabi\</path>
         <kind>archive</kind>
         <file>libclang_rt.builtins.a</file>
         <name>muldf3.S.obj</name>
      </input_file>
      <input_file id="fl-99">
         <path>E:\ti\ccstheia141\ccs\tools\compiler\ti-cgt-armllvm_3.2.2.LTS\lib\clang\15.0.7\lib\armv6m-ti-none-eabi\</path>
         <kind>archive</kind>
         <file>libclang_rt.builtins.a</file>
         <name>muldsi3.S.obj</name>
      </input_file>
      <input_file id="fl-9a">
         <path>E:\ti\ccstheia141\ccs\tools\compiler\ti-cgt-armllvm_3.2.2.LTS\lib\clang\15.0.7\lib\armv6m-ti-none-eabi\</path>
         <kind>archive</kind>
         <file>libclang_rt.builtins.a</file>
         <name>mulsf3.S.obj</name>
      </input_file>
      <input_file id="fl-9b">
         <path>E:\ti\ccstheia141\ccs\tools\compiler\ti-cgt-armllvm_3.2.2.LTS\lib\clang\15.0.7\lib\armv6m-ti-none-eabi\</path>
         <kind>archive</kind>
         <file>libclang_rt.builtins.a</file>
         <name>divdf3.S.obj</name>
      </input_file>
      <input_file id="fl-9c">
         <path>E:\ti\ccstheia141\ccs\tools\compiler\ti-cgt-armllvm_3.2.2.LTS\lib\clang\15.0.7\lib\armv6m-ti-none-eabi\</path>
         <kind>archive</kind>
         <file>libclang_rt.builtins.a</file>
         <name>fixsfsi.S.obj</name>
      </input_file>
      <input_file id="fl-9d">
         <path>E:\ti\ccstheia141\ccs\tools\compiler\ti-cgt-armllvm_3.2.2.LTS\lib\clang\15.0.7\lib\armv6m-ti-none-eabi\</path>
         <kind>archive</kind>
         <file>libclang_rt.builtins.a</file>
         <name>fixunssfsi.S.obj</name>
      </input_file>
      <input_file id="fl-9e">
         <path>E:\ti\ccstheia141\ccs\tools\compiler\ti-cgt-armllvm_3.2.2.LTS\lib\clang\15.0.7\lib\armv6m-ti-none-eabi\</path>
         <kind>archive</kind>
         <file>libclang_rt.builtins.a</file>
         <name>floatsidf.S.obj</name>
      </input_file>
      <input_file id="fl-9f">
         <path>E:\ti\ccstheia141\ccs\tools\compiler\ti-cgt-armllvm_3.2.2.LTS\lib\clang\15.0.7\lib\armv6m-ti-none-eabi\</path>
         <kind>archive</kind>
         <file>libclang_rt.builtins.a</file>
         <name>floatunsisf.S.obj</name>
      </input_file>
      <input_file id="fl-a0">
         <path>E:\ti\ccstheia141\ccs\tools\compiler\ti-cgt-armllvm_3.2.2.LTS\lib\clang\15.0.7\lib\armv6m-ti-none-eabi\</path>
         <kind>archive</kind>
         <file>libclang_rt.builtins.a</file>
         <name>truncdfsf2.S.obj</name>
      </input_file>
      <input_file id="fl-a1">
         <path>E:\ti\ccstheia141\ccs\tools\compiler\ti-cgt-armllvm_3.2.2.LTS\lib\clang\15.0.7\lib\armv6m-ti-none-eabi\</path>
         <kind>archive</kind>
         <file>libclang_rt.builtins.a</file>
         <name>aeabi_fcmp.S.obj</name>
      </input_file>
      <input_file id="fl-a2">
         <path>E:\ti\ccstheia141\ccs\tools\compiler\ti-cgt-armllvm_3.2.2.LTS\lib\clang\15.0.7\lib\armv6m-ti-none-eabi\</path>
         <kind>archive</kind>
         <file>libclang_rt.builtins.a</file>
         <name>aeabi_memcpy.S.obj</name>
      </input_file>
      <input_file id="fl-a3">
         <path>E:\ti\ccstheia141\ccs\tools\compiler\ti-cgt-armllvm_3.2.2.LTS\lib\clang\15.0.7\lib\armv6m-ti-none-eabi\</path>
         <kind>archive</kind>
         <file>libclang_rt.builtins.a</file>
         <name>aeabi_memset.S.obj</name>
      </input_file>
      <input_file id="fl-a4">
         <path>E:\ti\ccstheia141\ccs\tools\compiler\ti-cgt-armllvm_3.2.2.LTS\lib\clang\15.0.7\lib\armv6m-ti-none-eabi\</path>
         <kind>archive</kind>
         <file>libclang_rt.builtins.a</file>
         <name>aeabi_uidivmod.S.obj</name>
      </input_file>
      <input_file id="fl-a5">
         <path>E:\ti\ccstheia141\ccs\tools\compiler\ti-cgt-armllvm_3.2.2.LTS\lib\clang\15.0.7\lib\armv6m-ti-none-eabi\</path>
         <kind>archive</kind>
         <file>libclang_rt.builtins.a</file>
         <name>comparesf2.S.obj</name>
      </input_file>
      <input_file id="fl-a6">
         <path>E:\ti\ccstheia141\ccs\tools\compiler\ti-cgt-armllvm_3.2.2.LTS\lib\clang\15.0.7\lib\armv6m-ti-none-eabi\</path>
         <kind>archive</kind>
         <file>libclang_rt.builtins.a</file>
         <name>aeabi_div0.c.obj</name>
      </input_file>
      <input_file id="fl-a7">
         <path>E:\ti\ccstheia141\ccs\tools\compiler\ti-cgt-armllvm_3.2.2.LTS\lib\armv6m-ti-none-eabi\c\</path>
         <kind>archive</kind>
         <file>libc.a</file>
         <name>memcpy16.S.obj</name>
      </input_file>
      <input_file id="fl-a8">
         <path>E:\ti\ccstheia141\ccs\tools\compiler\ti-cgt-armllvm_3.2.2.LTS\lib\armv6m-ti-none-eabi\c\</path>
         <kind>archive</kind>
         <file>libc.a</file>
         <name>memset16.S.obj</name>
      </input_file>
   </input_file_list>
   <object_component_list>
      <object_component id="oc-18">
         <name>.intvecs</name>
         <load_address>0x0</load_address>
         <readonly>true</readonly>
         <run_address>0x0</run_address>
         <size>0xc0</size>
         <alignment>0x4</alignment>
         <input_file_ref idref="fl-2"/>
      </object_component>
      <object_component id="oc-6a">
         <name>.text.Data_Decoder</name>
         <load_address>0xc0</load_address>
         <readonly>true</readonly>
         <executable>true</executable>
         <run_address>0xc0</run_address>
         <size>0x17c</size>
         <alignment>0x4</alignment>
         <input_file_ref idref="fl-8"/>
      </object_component>
      <object_component id="oc-bb">
         <name>.text.SSD1106_ShowFNum</name>
         <load_address>0x23c</load_address>
         <readonly>true</readonly>
         <executable>true</executable>
         <run_address>0x23c</run_address>
         <size>0x174</size>
         <alignment>0x2</alignment>
         <input_file_ref idref="fl-7"/>
      </object_component>
      <object_component id="oc-fe">
         <name>.text.SSD1106_ShowChar</name>
         <load_address>0x3b0</load_address>
         <readonly>true</readonly>
         <executable>true</executable>
         <run_address>0x3b0</run_address>
         <size>0x120</size>
         <alignment>0x4</alignment>
         <input_file_ref idref="fl-7"/>
      </object_component>
      <object_component id="oc-107">
         <name>.text.__divdf3</name>
         <load_address>0x4d0</load_address>
         <readonly>true</readonly>
         <executable>true</executable>
         <run_address>0x4d0</run_address>
         <size>0x10c</size>
         <alignment>0x4</alignment>
         <input_file_ref idref="fl-9b"/>
      </object_component>
      <object_component id="oc-b3">
         <name>.text.SSD1106_Init</name>
         <load_address>0x5dc</load_address>
         <readonly>true</readonly>
         <executable>true</executable>
         <run_address>0x5dc</run_address>
         <size>0x104</size>
         <alignment>0x2</alignment>
         <input_file_ref idref="fl-7"/>
      </object_component>
      <object_component id="oc-e8">
         <name>.text.SYSCFG_DL_GPIO_init</name>
         <load_address>0x6e0</load_address>
         <readonly>true</readonly>
         <executable>true</executable>
         <run_address>0x6e0</run_address>
         <size>0xf4</size>
         <alignment>0x4</alignment>
         <input_file_ref idref="fl-1"/>
      </object_component>
      <object_component id="oc-7f">
         <name>.text.main</name>
         <load_address>0x7d4</load_address>
         <readonly>true</readonly>
         <executable>true</executable>
         <run_address>0x7d4</run_address>
         <size>0xf0</size>
         <alignment>0x4</alignment>
         <input_file_ref idref="fl-3"/>
      </object_component>
      <object_component id="oc-15d">
         <name>.text.DL_Timer_initTimerMode</name>
         <load_address>0x8c4</load_address>
         <readonly>true</readonly>
         <executable>true</executable>
         <run_address>0x8c4</run_address>
         <size>0xe8</size>
         <alignment>0x4</alignment>
         <input_file_ref idref="fl-17"/>
      </object_component>
      <object_component id="oc-103">
         <name>.text.__muldf3</name>
         <load_address>0x9ac</load_address>
         <readonly>true</readonly>
         <executable>true</executable>
         <run_address>0x9ac</run_address>
         <size>0xe4</size>
         <alignment>0x4</alignment>
         <input_file_ref idref="fl-98"/>
      </object_component>
      <object_component id="oc-152">
         <name>.text.DL_Timer_initPWMMode</name>
         <load_address>0xa90</load_address>
         <readonly>true</readonly>
         <executable>true</executable>
         <run_address>0xa90</run_address>
         <size>0xc4</size>
         <alignment>0x4</alignment>
         <input_file_ref idref="fl-17"/>
      </object_component>
      <object_component id="oc-f9">
         <name>.text.SSD1106_WR_Byte</name>
         <load_address>0xb54</load_address>
         <readonly>true</readonly>
         <executable>true</executable>
         <run_address>0xb54</run_address>
         <size>0xb4</size>
         <alignment>0x4</alignment>
         <input_file_ref idref="fl-7"/>
      </object_component>
      <object_component id="oc-118">
         <name>.text.__mulsf3</name>
         <load_address>0xc08</load_address>
         <readonly>true</readonly>
         <executable>true</executable>
         <run_address>0xc08</run_address>
         <size>0x8c</size>
         <alignment>0x4</alignment>
         <input_file_ref idref="fl-9a"/>
      </object_component>
      <object_component id="oc-34">
         <name>.text.GROUP1_IRQHandler</name>
         <load_address>0xc94</load_address>
         <readonly>true</readonly>
         <executable>true</executable>
         <run_address>0xc94</run_address>
         <size>0x88</size>
         <alignment>0x4</alignment>
         <input_file_ref idref="fl-5"/>
      </object_component>
      <object_component id="oc-ea">
         <name>.text.SYSCFG_DL_PWM_0_init</name>
         <load_address>0xd1c</load_address>
         <readonly>true</readonly>
         <executable>true</executable>
         <run_address>0xd1c</run_address>
         <size>0x84</size>
         <alignment>0x4</alignment>
         <input_file_ref idref="fl-1"/>
      </object_component>
      <object_component id="oc-14b">
         <name>.text.__NVIC_SetPriority</name>
         <load_address>0xda0</load_address>
         <readonly>true</readonly>
         <executable>true</executable>
         <run_address>0xda0</run_address>
         <size>0x84</size>
         <alignment>0x4</alignment>
         <input_file_ref idref="fl-1"/>
      </object_component>
      <object_component id="oc-e7">
         <name>.text.SYSCFG_DL_initPower</name>
         <load_address>0xe24</load_address>
         <readonly>true</readonly>
         <executable>true</executable>
         <run_address>0xe24</run_address>
         <size>0x7c</size>
         <alignment>0x4</alignment>
         <input_file_ref idref="fl-1"/>
      </object_component>
      <object_component id="oc-10b">
         <name>.text.__truncdfsf2</name>
         <load_address>0xea0</load_address>
         <readonly>true</readonly>
         <executable>true</executable>
         <run_address>0xea0</run_address>
         <size>0x74</size>
         <alignment>0x10</alignment>
         <input_file_ref idref="fl-a0"/>
      </object_component>
      <object_component id="oc-b8">
         <name>.text.SSD1106_ShowString</name>
         <load_address>0xf14</load_address>
         <readonly>true</readonly>
         <executable>true</executable>
         <run_address>0xf14</run_address>
         <size>0x70</size>
         <alignment>0x2</alignment>
         <input_file_ref idref="fl-7"/>
      </object_component>
      <object_component id="oc-fa">
         <name>.text.SSD1106_Clear</name>
         <load_address>0xf84</load_address>
         <readonly>true</readonly>
         <executable>true</executable>
         <run_address>0xf84</run_address>
         <size>0x6a</size>
         <alignment>0x2</alignment>
         <input_file_ref idref="fl-7"/>
      </object_component>
      <object_component id="oc-184">
         <name>.text.__aeabi_idiv0</name>
         <load_address>0xfee</load_address>
         <readonly>true</readonly>
         <executable>true</executable>
         <run_address>0xfee</run_address>
         <size>0x2</size>
         <alignment>0x2</alignment>
         <input_file_ref idref="fl-a6"/>
      </object_component>
      <object_component id="oc-ac">
         <name>.text.UART_Init</name>
         <load_address>0xff0</load_address>
         <readonly>true</readonly>
         <executable>true</executable>
         <run_address>0xff0</run_address>
         <size>0x68</size>
         <alignment>0x4</alignment>
         <input_file_ref idref="fl-8"/>
      </object_component>
      <object_component id="oc-10f">
         <name>.text.__aeabi_fcmp</name>
         <load_address>0x1058</load_address>
         <readonly>true</readonly>
         <executable>true</executable>
         <run_address>0x1058</run_address>
         <size>0x62</size>
         <alignment>0x4</alignment>
         <input_file_ref idref="fl-a1"/>
      </object_component>
      <object_component id="oc-be">
         <name>.text.Encoder_GetM1</name>
         <load_address>0x10bc</load_address>
         <readonly>true</readonly>
         <executable>true</executable>
         <run_address>0x10bc</run_address>
         <size>0x5c</size>
         <alignment>0x4</alignment>
         <input_file_ref idref="fl-5"/>
      </object_component>
      <object_component id="oc-bf">
         <name>.text.Encoder_GetM2</name>
         <load_address>0x1118</load_address>
         <readonly>true</readonly>
         <executable>true</executable>
         <run_address>0x1118</run_address>
         <size>0x5c</size>
         <alignment>0x4</alignment>
         <input_file_ref idref="fl-5"/>
      </object_component>
      <object_component id="oc-15a">
         <name>.text.DL_Timer_configQEI</name>
         <load_address>0x1174</load_address>
         <readonly>true</readonly>
         <executable>true</executable>
         <run_address>0x1174</run_address>
         <size>0x54</size>
         <alignment>0x4</alignment>
         <input_file_ref idref="fl-1"/>
      </object_component>
      <object_component id="oc-169">
         <name>.text.DL_UART_setBaudRateDivisor</name>
         <load_address>0x11c8</load_address>
         <readonly>true</readonly>
         <executable>true</executable>
         <run_address>0x11c8</run_address>
         <size>0x4c</size>
         <alignment>0x4</alignment>
         <input_file_ref idref="fl-1"/>
      </object_component>
      <object_component id="oc-eb">
         <name>.text.SYSCFG_DL_QEI_0_init</name>
         <load_address>0x1214</load_address>
         <readonly>true</readonly>
         <executable>true</executable>
         <run_address>0x1214</run_address>
         <size>0x4c</size>
         <alignment>0x4</alignment>
         <input_file_ref idref="fl-1"/>
      </object_component>
      <object_component id="oc-167">
         <name>.text.DL_UART_init</name>
         <load_address>0x1260</load_address>
         <readonly>true</readonly>
         <executable>true</executable>
         <run_address>0x1260</run_address>
         <size>0x48</size>
         <alignment>0x4</alignment>
         <input_file_ref idref="fl-18"/>
      </object_component>
      <object_component id="oc-ed">
         <name>.text.SYSCFG_DL_UART_0_init</name>
         <load_address>0x12a8</load_address>
         <readonly>true</readonly>
         <executable>true</executable>
         <run_address>0x12a8</run_address>
         <size>0x48</size>
         <alignment>0x4</alignment>
         <input_file_ref idref="fl-1"/>
      </object_component>
      <object_component id="oc-bc">
         <name>.text.UART_ReturnPitch</name>
         <load_address>0x12f0</load_address>
         <readonly>true</readonly>
         <executable>true</executable>
         <run_address>0x12f0</run_address>
         <size>0x44</size>
         <alignment>0x4</alignment>
         <input_file_ref idref="fl-8"/>
      </object_component>
      <object_component id="oc-ba">
         <name>.text.UART_ReturnRoll</name>
         <load_address>0x1334</load_address>
         <readonly>true</readonly>
         <executable>true</executable>
         <run_address>0x1334</run_address>
         <size>0x44</size>
         <alignment>0x4</alignment>
         <input_file_ref idref="fl-8"/>
      </object_component>
      <object_component id="oc-bd">
         <name>.text.UART_ReturnYaw</name>
         <load_address>0x1378</load_address>
         <readonly>true</readonly>
         <executable>true</executable>
         <run_address>0x1378</run_address>
         <size>0x44</size>
         <alignment>0x4</alignment>
         <input_file_ref idref="fl-8"/>
      </object_component>
      <object_component id="oc-70">
         <name>.text.GetCount</name>
         <load_address>0x13bc</load_address>
         <readonly>true</readonly>
         <executable>true</executable>
         <run_address>0x13bc</run_address>
         <size>0x40</size>
         <alignment>0x4</alignment>
         <input_file_ref idref="fl-5"/>
      </object_component>
      <object_component id="oc-120">
         <name>.text.__aeabi_uidivmod</name>
         <load_address>0x13fc</load_address>
         <readonly>true</readonly>
         <executable>true</executable>
         <run_address>0x13fc</run_address>
         <size>0x40</size>
         <alignment>0x4</alignment>
         <input_file_ref idref="fl-a4"/>
      </object_component>
      <object_component id="oc-fb">
         <name>.text.SSD1106_Set_Pos</name>
         <load_address>0x143c</load_address>
         <readonly>true</readonly>
         <executable>true</executable>
         <run_address>0x143c</run_address>
         <size>0x3e</size>
         <alignment>0x2</alignment>
         <input_file_ref idref="fl-7"/>
      </object_component>
      <object_component id="oc-17f">
         <name>.text.__gtsf2</name>
         <load_address>0x147c</load_address>
         <readonly>true</readonly>
         <executable>true</executable>
         <run_address>0x147c</run_address>
         <size>0x3c</size>
         <alignment>0x4</alignment>
         <input_file_ref idref="fl-a5"/>
      </object_component>
      <object_component id="oc-ce">
         <name>.text:__TI_auto_init_nobinit_nopinit</name>
         <load_address>0x14b8</load_address>
         <readonly>true</readonly>
         <executable>true</executable>
         <run_address>0x14b8</run_address>
         <size>0x3c</size>
         <alignment>0x4</alignment>
         <input_file_ref idref="fl-29"/>
      </object_component>
      <object_component id="oc-17a">
         <name>.text.__eqsf2</name>
         <load_address>0x14f4</load_address>
         <readonly>true</readonly>
         <executable>true</executable>
         <run_address>0x14f4</run_address>
         <size>0x3a</size>
         <alignment>0x4</alignment>
         <input_file_ref idref="fl-a5"/>
      </object_component>
      <object_component id="oc-173">
         <name>.text.__muldsi3</name>
         <load_address>0x1530</load_address>
         <readonly>true</readonly>
         <executable>true</executable>
         <run_address>0x1530</run_address>
         <size>0x3a</size>
         <alignment>0x4</alignment>
         <input_file_ref idref="fl-99"/>
      </object_component>
      <object_component id="oc-39">
         <name>.text.UART0_IRQHandler</name>
         <load_address>0x156c</load_address>
         <readonly>true</readonly>
         <executable>true</executable>
         <run_address>0x156c</run_address>
         <size>0x38</size>
         <alignment>0x4</alignment>
         <input_file_ref idref="fl-8"/>
      </object_component>
      <object_component id="oc-11c">
         <name>.text.__fixsfsi</name>
         <load_address>0x15a4</load_address>
         <readonly>true</readonly>
         <executable>true</executable>
         <run_address>0x15a4</run_address>
         <size>0x38</size>
         <alignment>0x4</alignment>
         <input_file_ref idref="fl-9c"/>
      </object_component>
      <object_component id="oc-140">
         <name>.text.DL_GPIO_initDigitalInputFeatures</name>
         <load_address>0x15dc</load_address>
         <readonly>true</readonly>
         <executable>true</executable>
         <run_address>0x15dc</run_address>
         <size>0x34</size>
         <alignment>0x4</alignment>
         <input_file_ref idref="fl-1"/>
      </object_component>
      <object_component id="oc-ec">
         <name>.text.SYSCFG_DL_TIMER_0_init</name>
         <load_address>0x1610</load_address>
         <readonly>true</readonly>
         <executable>true</executable>
         <run_address>0x1610</run_address>
         <size>0x34</size>
         <alignment>0x4</alignment>
         <input_file_ref idref="fl-1"/>
      </object_component>
      <object_component id="oc-a7">
         <name>.text.SYSCFG_DL_init</name>
         <load_address>0x1644</load_address>
         <readonly>true</readonly>
         <executable>true</executable>
         <run_address>0x1644</run_address>
         <size>0x34</size>
         <alignment>0x4</alignment>
         <input_file_ref idref="fl-1"/>
      </object_component>
      <object_component id="oc-e9">
         <name>.text.SYSCFG_DL_SYSCTL_init</name>
         <load_address>0x1678</load_address>
         <readonly>true</readonly>
         <executable>true</executable>
         <run_address>0x1678</run_address>
         <size>0x32</size>
         <alignment>0x2</alignment>
         <input_file_ref idref="fl-1"/>
      </object_component>
      <object_component id="oc-113">
         <name>.text.SSD1106_pow</name>
         <load_address>0x16aa</load_address>
         <readonly>true</readonly>
         <executable>true</executable>
         <run_address>0x16aa</run_address>
         <size>0x30</size>
         <alignment>0x2</alignment>
         <input_file_ref idref="fl-7"/>
      </object_component>
      <object_component id="oc-f2">
         <name>.text.__NVIC_ClearPendingIRQ</name>
         <load_address>0x16dc</load_address>
         <readonly>true</readonly>
         <executable>true</executable>
         <run_address>0x16dc</run_address>
         <size>0x2c</size>
         <alignment>0x4</alignment>
         <input_file_ref idref="fl-8"/>
      </object_component>
      <object_component id="oc-71">
         <name>.text.__NVIC_ClearPendingIRQ</name>
         <load_address>0x1708</load_address>
         <readonly>true</readonly>
         <executable>true</executable>
         <run_address>0x1708</run_address>
         <size>0x2c</size>
         <alignment>0x4</alignment>
         <input_file_ref idref="fl-5"/>
      </object_component>
      <object_component id="oc-f3">
         <name>.text.__NVIC_EnableIRQ</name>
         <load_address>0x1734</load_address>
         <readonly>true</readonly>
         <executable>true</executable>
         <run_address>0x1734</run_address>
         <size>0x2c</size>
         <alignment>0x4</alignment>
         <input_file_ref idref="fl-8"/>
      </object_component>
      <object_component id="oc-f7">
         <name>.text.__NVIC_EnableIRQ</name>
         <load_address>0x1760</load_address>
         <readonly>true</readonly>
         <executable>true</executable>
         <run_address>0x1760</run_address>
         <size>0x2c</size>
         <alignment>0x4</alignment>
         <input_file_ref idref="fl-5"/>
      </object_component>
      <object_component id="oc-ff">
         <name>.text.__floatsidf</name>
         <load_address>0x178c</load_address>
         <readonly>true</readonly>
         <executable>true</executable>
         <run_address>0x178c</run_address>
         <size>0x2c</size>
         <alignment>0x4</alignment>
         <input_file_ref idref="fl-9e"/>
      </object_component>
      <object_component id="oc-196">
         <name>.text.DL_Common_updateReg</name>
         <load_address>0x17b8</load_address>
         <readonly>true</readonly>
         <executable>true</executable>
         <run_address>0x17b8</run_address>
         <size>0x28</size>
         <alignment>0x2</alignment>
         <input_file_ref idref="fl-1"/>
      </object_component>
      <object_component id="oc-b9">
         <name>.text.UART_GetFlag</name>
         <load_address>0x17e0</load_address>
         <readonly>true</readonly>
         <executable>true</executable>
         <run_address>0x17e0</run_address>
         <size>0x28</size>
         <alignment>0x4</alignment>
         <input_file_ref idref="fl-8"/>
      </object_component>
      <object_component id="oc-114">
         <name>.text.__floatunsisf</name>
         <load_address>0x1808</load_address>
         <readonly>true</readonly>
         <executable>true</executable>
         <run_address>0x1808</run_address>
         <size>0x28</size>
         <alignment>0x4</alignment>
         <input_file_ref idref="fl-9f"/>
      </object_component>
      <object_component id="oc-5a">
         <name>.text:_c_int00_noargs</name>
         <load_address>0x1830</load_address>
         <readonly>true</readonly>
         <executable>true</executable>
         <run_address>0x1830</run_address>
         <size>0x28</size>
         <alignment>0x4</alignment>
         <input_file_ref idref="fl-27"/>
      </object_component>
      <object_component id="oc-b2">
         <name>.text.Encoder_Init</name>
         <load_address>0x1858</load_address>
         <readonly>true</readonly>
         <executable>true</executable>
         <run_address>0x1858</run_address>
         <size>0x24</size>
         <alignment>0x4</alignment>
         <input_file_ref idref="fl-5"/>
      </object_component>
      <object_component id="oc-3e">
         <name>.text.TIMG0_IRQHandler</name>
         <load_address>0x187c</load_address>
         <readonly>true</readonly>
         <executable>true</executable>
         <run_address>0x187c</run_address>
         <size>0x24</size>
         <alignment>0x4</alignment>
         <input_file_ref idref="fl-5"/>
      </object_component>
      <object_component id="oc-13d">
         <name>.text.DL_GPIO_initPeripheralInputFunction</name>
         <load_address>0x18a0</load_address>
         <readonly>true</readonly>
         <executable>true</executable>
         <run_address>0x18a0</run_address>
         <size>0x20</size>
         <alignment>0x4</alignment>
         <input_file_ref idref="fl-1"/>
      </object_component>
      <object_component id="oc-168">
         <name>.text.DL_UART_setOversampling</name>
         <load_address>0x18c0</load_address>
         <readonly>true</readonly>
         <executable>true</executable>
         <run_address>0x18c0</run_address>
         <size>0x1e</size>
         <alignment>0x2</alignment>
         <input_file_ref idref="fl-1"/>
      </object_component>
      <object_component id="oc-63">
         <name>.text.DL_GPIO_clearInterruptStatus</name>
         <load_address>0x18e0</load_address>
         <readonly>true</readonly>
         <executable>true</executable>
         <run_address>0x18e0</run_address>
         <size>0x1c</size>
         <alignment>0x4</alignment>
         <input_file_ref idref="fl-5"/>
      </object_component>
      <object_component id="oc-143">
         <name>.text.DL_GPIO_clearInterruptStatus</name>
         <load_address>0x18fc</load_address>
         <readonly>true</readonly>
         <executable>true</executable>
         <run_address>0x18fc</run_address>
         <size>0x1c</size>
         <alignment>0x4</alignment>
         <input_file_ref idref="fl-1"/>
      </object_component>
      <object_component id="oc-144">
         <name>.text.DL_GPIO_enableInterrupt</name>
         <load_address>0x1918</load_address>
         <readonly>true</readonly>
         <executable>true</executable>
         <run_address>0x1918</run_address>
         <size>0x1c</size>
         <alignment>0x4</alignment>
         <input_file_ref idref="fl-1"/>
      </object_component>
      <object_component id="oc-13f">
         <name>.text.DL_GPIO_initDigitalInput</name>
         <load_address>0x1934</load_address>
         <readonly>true</readonly>
         <executable>true</executable>
         <run_address>0x1934</run_address>
         <size>0x1c</size>
         <alignment>0x4</alignment>
         <input_file_ref idref="fl-1"/>
      </object_component>
      <object_component id="oc-13b">
         <name>.text.DL_GPIO_initPeripheralOutputFunction</name>
         <load_address>0x1950</load_address>
         <readonly>true</readonly>
         <executable>true</executable>
         <run_address>0x1950</run_address>
         <size>0x1c</size>
         <alignment>0x4</alignment>
         <input_file_ref idref="fl-1"/>
      </object_component>
      <object_component id="oc-142">
         <name>.text.DL_GPIO_setLowerPinsPolarity</name>
         <load_address>0x196c</load_address>
         <readonly>true</readonly>
         <executable>true</executable>
         <run_address>0x196c</run_address>
         <size>0x1c</size>
         <alignment>0x4</alignment>
         <input_file_ref idref="fl-1"/>
      </object_component>
      <object_component id="oc-14a">
         <name>.text.DL_SYSCTL_setMCLKDivider</name>
         <load_address>0x1988</load_address>
         <readonly>true</readonly>
         <executable>true</executable>
         <run_address>0x1988</run_address>
         <size>0x1c</size>
         <alignment>0x4</alignment>
         <input_file_ref idref="fl-1"/>
      </object_component>
      <object_component id="oc-146">
         <name>.text.DL_SYSCTL_setSYSOSCFreq</name>
         <load_address>0x19a4</load_address>
         <readonly>true</readonly>
         <executable>true</executable>
         <run_address>0x19a4</run_address>
         <size>0x1c</size>
         <alignment>0x4</alignment>
         <input_file_ref idref="fl-1"/>
      </object_component>
      <object_component id="oc-149">
         <name>.text.DL_SYSCTL_setULPCLKDivider</name>
         <load_address>0x19c0</load_address>
         <readonly>true</readonly>
         <executable>true</executable>
         <run_address>0x19c0</run_address>
         <size>0x1c</size>
         <alignment>0x4</alignment>
         <input_file_ref idref="fl-1"/>
      </object_component>
      <object_component id="oc-15e">
         <name>.text.DL_Timer_enableInterrupt</name>
         <load_address>0x19dc</load_address>
         <readonly>true</readonly>
         <executable>true</executable>
         <run_address>0x19dc</run_address>
         <size>0x1c</size>
         <alignment>0x4</alignment>
         <input_file_ref idref="fl-1"/>
      </object_component>
      <object_component id="oc-154">
         <name>.text.DL_Timer_setCaptCompUpdateMethod</name>
         <load_address>0x19f8</load_address>
         <readonly>true</readonly>
         <executable>true</executable>
         <run_address>0x19f8</run_address>
         <size>0x1c</size>
         <alignment>0x4</alignment>
         <input_file_ref idref="fl-17"/>
      </object_component>
      <object_component id="oc-14c">
         <name>.text.DL_Timer_setClockConfig</name>
         <load_address>0x1a14</load_address>
         <readonly>true</readonly>
         <executable>true</executable>
         <run_address>0x1a14</run_address>
         <size>0x1c</size>
         <alignment>0x4</alignment>
         <input_file_ref idref="fl-17"/>
      </object_component>
      <object_component id="oc-16a">
         <name>.text.DL_UART_enableInterrupt</name>
         <load_address>0x1a30</load_address>
         <readonly>true</readonly>
         <executable>true</executable>
         <run_address>0x1a30</run_address>
         <size>0x1c</size>
         <alignment>0x4</alignment>
         <input_file_ref idref="fl-1"/>
      </object_component>
      <object_component id="oc-13c">
         <name>.text.DL_GPIO_enableOutput</name>
         <load_address>0x1a4c</load_address>
         <readonly>true</readonly>
         <executable>true</executable>
         <run_address>0x1a4c</run_address>
         <size>0x18</size>
         <alignment>0x4</alignment>
         <input_file_ref idref="fl-1"/>
      </object_component>
      <object_component id="oc-134">
         <name>.text.DL_GPIO_enablePower</name>
         <load_address>0x1a64</load_address>
         <readonly>true</readonly>
         <executable>true</executable>
         <run_address>0x1a64</run_address>
         <size>0x18</size>
         <alignment>0x4</alignment>
         <input_file_ref idref="fl-1"/>
      </object_component>
      <object_component id="oc-61">
         <name>.text.DL_GPIO_getEnabledInterruptStatus</name>
         <load_address>0x1a7c</load_address>
         <readonly>true</readonly>
         <executable>true</executable>
         <run_address>0x1a7c</run_address>
         <size>0x18</size>
         <alignment>0x4</alignment>
         <input_file_ref idref="fl-5"/>
      </object_component>
      <object_component id="oc-13e">
         <name>.text.DL_GPIO_initDigitalOutput</name>
         <load_address>0x1a94</load_address>
         <readonly>true</readonly>
         <executable>true</executable>
         <run_address>0x1a94</run_address>
         <size>0x18</size>
         <alignment>0x4</alignment>
         <input_file_ref idref="fl-1"/>
      </object_component>
      <object_component id="oc-131">
         <name>.text.DL_GPIO_reset</name>
         <load_address>0x1aac</load_address>
         <readonly>true</readonly>
         <executable>true</executable>
         <run_address>0x1aac</run_address>
         <size>0x18</size>
         <alignment>0x4</alignment>
         <input_file_ref idref="fl-1"/>
      </object_component>
      <object_component id="oc-16e">
         <name>.text.DL_GPIO_setPins</name>
         <load_address>0x1ac4</load_address>
         <readonly>true</readonly>
         <executable>true</executable>
         <run_address>0x1ac4</run_address>
         <size>0x18</size>
         <alignment>0x4</alignment>
         <input_file_ref idref="fl-7"/>
      </object_component>
      <object_component id="oc-c0">
         <name>.text.DL_GPIO_togglePins</name>
         <load_address>0x1adc</load_address>
         <readonly>true</readonly>
         <executable>true</executable>
         <run_address>0x1adc</run_address>
         <size>0x18</size>
         <alignment>0x4</alignment>
         <input_file_ref idref="fl-3"/>
      </object_component>
      <object_component id="oc-145">
         <name>.text.DL_SYSCTL_setBORThreshold</name>
         <load_address>0x1af4</load_address>
         <readonly>true</readonly>
         <executable>true</executable>
         <run_address>0x1af4</run_address>
         <size>0x18</size>
         <alignment>0x4</alignment>
         <input_file_ref idref="fl-1"/>
      </object_component>
      <object_component id="oc-135">
         <name>.text.DL_Timer_enablePower</name>
         <load_address>0x1b0c</load_address>
         <readonly>true</readonly>
         <executable>true</executable>
         <run_address>0x1b0c</run_address>
         <size>0x18</size>
         <alignment>0x4</alignment>
         <input_file_ref idref="fl-1"/>
      </object_component>
      <object_component id="oc-132">
         <name>.text.DL_Timer_reset</name>
         <load_address>0x1b24</load_address>
         <readonly>true</readonly>
         <executable>true</executable>
         <run_address>0x1b24</run_address>
         <size>0x18</size>
         <alignment>0x4</alignment>
         <input_file_ref idref="fl-1"/>
      </object_component>
      <object_component id="oc-153">
         <name>.text.DL_Timer_setCaptureCompareOutCtl</name>
         <load_address>0x1b3c</load_address>
         <readonly>true</readonly>
         <executable>true</executable>
         <run_address>0x1b3c</run_address>
         <size>0x18</size>
         <alignment>0x4</alignment>
         <input_file_ref idref="fl-17"/>
      </object_component>
      <object_component id="oc-15b">
         <name>.text.DL_Timer_setLoadValue</name>
         <load_address>0x1b54</load_address>
         <readonly>true</readonly>
         <executable>true</executable>
         <run_address>0x1b54</run_address>
         <size>0x18</size>
         <alignment>0x4</alignment>
         <input_file_ref idref="fl-1"/>
      </object_component>
      <object_component id="oc-f8">
         <name>.text.DL_Timer_startCounter</name>
         <load_address>0x1b6c</load_address>
         <readonly>true</readonly>
         <executable>true</executable>
         <run_address>0x1b6c</run_address>
         <size>0x18</size>
         <alignment>0x4</alignment>
         <input_file_ref idref="fl-5"/>
      </object_component>
      <object_component id="oc-f4">
         <name>.text.DL_Timer_startCounter</name>
         <load_address>0x1b84</load_address>
         <readonly>true</readonly>
         <executable>true</executable>
         <run_address>0x1b84</run_address>
         <size>0x18</size>
         <alignment>0x4</alignment>
         <input_file_ref idref="fl-6"/>
      </object_component>
      <object_component id="oc-136">
         <name>.text.DL_UART_enablePower</name>
         <load_address>0x1b9c</load_address>
         <readonly>true</readonly>
         <executable>true</executable>
         <run_address>0x1b9c</run_address>
         <size>0x18</size>
         <alignment>0x4</alignment>
         <input_file_ref idref="fl-1"/>
      </object_component>
      <object_component id="oc-133">
         <name>.text.DL_UART_reset</name>
         <load_address>0x1bb4</load_address>
         <readonly>true</readonly>
         <executable>true</executable>
         <run_address>0x1bb4</run_address>
         <size>0x18</size>
         <alignment>0x4</alignment>
         <input_file_ref idref="fl-1"/>
      </object_component>
      <object_component id="oc-62">
         <name>.text.DL_GPIO_readPins</name>
         <load_address>0x1bcc</load_address>
         <readonly>true</readonly>
         <executable>true</executable>
         <run_address>0x1bcc</run_address>
         <size>0x16</size>
         <alignment>0x2</alignment>
         <input_file_ref idref="fl-5"/>
      </object_component>
      <object_component id="oc-16b">
         <name>.text.DL_UART_enable</name>
         <load_address>0x1be2</load_address>
         <readonly>true</readonly>
         <executable>true</executable>
         <run_address>0x1be2</run_address>
         <size>0x16</size>
         <alignment>0x2</alignment>
         <input_file_ref idref="fl-1"/>
      </object_component>
      <object_component id="oc-51">
         <name>.text:decompress:ZI:__TI_zero_init_nomemset</name>
         <load_address>0x1bf8</load_address>
         <readonly>true</readonly>
         <executable>true</executable>
         <run_address>0x1bf8</run_address>
         <size>0x16</size>
         <alignment>0x2</alignment>
         <input_file_ref idref="fl-2c"/>
      </object_component>
      <object_component id="oc-16f">
         <name>.text.DL_GPIO_clearPins</name>
         <load_address>0x1c0e</load_address>
         <readonly>true</readonly>
         <executable>true</executable>
         <run_address>0x1c0e</run_address>
         <size>0x14</size>
         <alignment>0x2</alignment>
         <input_file_ref idref="fl-7"/>
      </object_component>
      <object_component id="oc-141">
         <name>.text.DL_GPIO_clearPins</name>
         <load_address>0x1c22</load_address>
         <readonly>true</readonly>
         <executable>true</executable>
         <run_address>0x1c22</run_address>
         <size>0x14</size>
         <alignment>0x2</alignment>
         <input_file_ref idref="fl-1"/>
      </object_component>
      <object_component id="oc-148">
         <name>.text.DL_SYSCTL_disableSYSPLL</name>
         <load_address>0x1c38</load_address>
         <readonly>true</readonly>
         <executable>true</executable>
         <run_address>0x1c38</run_address>
         <size>0x14</size>
         <alignment>0x4</alignment>
         <input_file_ref idref="fl-1"/>
      </object_component>
      <object_component id="oc-156">
         <name>.text.DL_Timer_enableClock</name>
         <load_address>0x1c4c</load_address>
         <readonly>true</readonly>
         <executable>true</executable>
         <run_address>0x1c4c</run_address>
         <size>0x14</size>
         <alignment>0x4</alignment>
         <input_file_ref idref="fl-1"/>
      </object_component>
      <object_component id="oc-157">
         <name>.text.DL_Timer_setCCPDirection</name>
         <load_address>0x1c60</load_address>
         <readonly>true</readonly>
         <executable>true</executable>
         <run_address>0x1c60</run_address>
         <size>0x14</size>
         <alignment>0x2</alignment>
         <input_file_ref idref="fl-1"/>
      </object_component>
      <object_component id="oc-9a">
         <name>.text.DL_Timer_setTimerCount</name>
         <load_address>0x1c74</load_address>
         <readonly>true</readonly>
         <executable>true</executable>
         <run_address>0x1c74</run_address>
         <size>0x14</size>
         <alignment>0x2</alignment>
         <input_file_ref idref="fl-5"/>
      </object_component>
      <object_component id="oc-69">
         <name>.text.DL_UART_receiveData</name>
         <load_address>0x1c88</load_address>
         <readonly>true</readonly>
         <executable>true</executable>
         <run_address>0x1c88</run_address>
         <size>0x14</size>
         <alignment>0x4</alignment>
         <input_file_ref idref="fl-8"/>
      </object_component>
      <object_component id="oc-6f">
         <name>.text.DL_Timer_getPendingInterrupt</name>
         <load_address>0x1c9c</load_address>
         <readonly>true</readonly>
         <executable>true</executable>
         <run_address>0x1c9c</run_address>
         <size>0x12</size>
         <alignment>0x2</alignment>
         <input_file_ref idref="fl-5"/>
      </object_component>
      <object_component id="oc-68">
         <name>.text.DL_UART_getPendingInterrupt</name>
         <load_address>0x1cae</load_address>
         <readonly>true</readonly>
         <executable>true</executable>
         <run_address>0x1cae</run_address>
         <size>0x12</size>
         <alignment>0x2</alignment>
         <input_file_ref idref="fl-8"/>
      </object_component>
      <object_component id="oc-161">
         <name>.text.DL_UART_setClockConfig</name>
         <load_address>0x1cc0</load_address>
         <readonly>true</readonly>
         <executable>true</executable>
         <run_address>0x1cc0</run_address>
         <size>0x12</size>
         <alignment>0x2</alignment>
         <input_file_ref idref="fl-18"/>
      </object_component>
      <object_component id="oc-147">
         <name>.text.DL_SYSCTL_disableHFXT</name>
         <load_address>0x1cd4</load_address>
         <readonly>true</readonly>
         <executable>true</executable>
         <run_address>0x1cd4</run_address>
         <size>0x10</size>
         <alignment>0x4</alignment>
         <input_file_ref idref="fl-1"/>
      </object_component>
      <object_component id="oc-99">
         <name>.text.DL_Timer_getTimerCount</name>
         <load_address>0x1ce4</load_address>
         <readonly>true</readonly>
         <executable>true</executable>
         <run_address>0x1ce4</run_address>
         <size>0x10</size>
         <alignment>0x2</alignment>
         <input_file_ref idref="fl-5"/>
      </object_component>
      <object_component id="oc-155">
         <name>.text.DL_Timer_setCaptureCompareValue</name>
         <load_address>0x1cf4</load_address>
         <readonly>true</readonly>
         <executable>true</executable>
         <run_address>0x1cf4</run_address>
         <size>0x10</size>
         <alignment>0x4</alignment>
         <input_file_ref idref="fl-17"/>
      </object_component>
      <object_component id="oc-ad">
         <name>.text.PWM_init</name>
         <load_address>0x1d04</load_address>
         <readonly>true</readonly>
         <executable>true</executable>
         <run_address>0x1d04</run_address>
         <size>0x10</size>
         <alignment>0x4</alignment>
         <input_file_ref idref="fl-6"/>
      </object_component>
      <object_component id="oc-137">
         <name>.text.DL_Common_delayCycles</name>
         <load_address>0x1d14</load_address>
         <readonly>true</readonly>
         <executable>true</executable>
         <run_address>0x1d14</run_address>
         <size>0xa</size>
         <alignment>0x2</alignment>
         <input_file_ref idref="fl-16"/>
      </object_component>
      <object_component id="oc-33">
         <name>.text.Default_Handler</name>
         <load_address>0x1d1e</load_address>
         <readonly>true</readonly>
         <executable>true</executable>
         <run_address>0x1d1e</run_address>
         <size>0x4</size>
         <alignment>0x2</alignment>
         <input_file_ref idref="fl-2"/>
      </object_component>
      <object_component id="oc-2f">
         <name>.text.Reset_Handler</name>
         <load_address>0x1d22</load_address>
         <readonly>true</readonly>
         <executable>true</executable>
         <run_address>0x1d22</run_address>
         <size>0x4</size>
         <alignment>0x2</alignment>
         <input_file_ref idref="fl-2"/>
      </object_component>
      <object_component id="oc-7b">
         <name>.text._system_pre_init</name>
         <load_address>0x1d26</load_address>
         <readonly>true</readonly>
         <executable>true</executable>
         <run_address>0x1d26</run_address>
         <size>0x4</size>
         <alignment>0x2</alignment>
         <input_file_ref idref="fl-2a"/>
      </object_component>
      <object_component id="oc-c7">
         <name>.text:abort</name>
         <load_address>0x1d2a</load_address>
         <readonly>true</readonly>
         <executable>true</executable>
         <run_address>0x1d2a</run_address>
         <size>0x4</size>
         <alignment>0x2</alignment>
         <input_file_ref idref="fl-2f"/>
      </object_component>
      <object_component id="oc-1e1">
         <name>.cinit..bss.load</name>
         <load_address>0x2590</load_address>
         <readonly>true</readonly>
         <run_address>0x2590</run_address>
         <size>0x8</size>
         <alignment>0x4</alignment>
      </object_component>
      <object_component id="oc-1df">
         <name>__TI_handler_table</name>
         <load_address>0x2598</load_address>
         <readonly>true</readonly>
         <run_address>0x2598</run_address>
         <size>0x4</size>
         <alignment>0x4</alignment>
      </object_component>
      <object_component id="oc-1e0">
         <name>__TI_cinit_table</name>
         <load_address>0x259c</load_address>
         <readonly>true</readonly>
         <run_address>0x259c</run_address>
         <size>0x8</size>
         <alignment>0x4</alignment>
      </object_component>
      <object_component id="oc-171">
         <name>.rodata.F8X16</name>
         <load_address>0x1d30</load_address>
         <readonly>true</readonly>
         <run_address>0x1d30</run_address>
         <size>0x5f0</size>
         <alignment>0x1</alignment>
         <input_file_ref idref="fl-7"/>
      </object_component>
      <object_component id="oc-170">
         <name>.rodata.F6x8</name>
         <load_address>0x2320</load_address>
         <readonly>true</readonly>
         <run_address>0x2320</run_address>
         <size>0x228</size>
         <alignment>0x1</alignment>
         <input_file_ref idref="fl-7"/>
      </object_component>
      <object_component id="oc-160">
         <name>.rodata.gTIMER_0TimerConfig</name>
         <load_address>0x2548</load_address>
         <readonly>true</readonly>
         <run_address>0x2548</run_address>
         <size>0x14</size>
         <alignment>0x4</alignment>
         <input_file_ref idref="fl-1"/>
      </object_component>
      <object_component id="oc-16d">
         <name>.rodata.gUART_0Config</name>
         <load_address>0x255c</load_address>
         <readonly>true</readonly>
         <run_address>0x255c</run_address>
         <size>0xa</size>
         <alignment>0x2</alignment>
         <input_file_ref idref="fl-1"/>
      </object_component>
      <object_component id="oc-16c">
         <name>.rodata.gUART_0ClockConfig</name>
         <load_address>0x2566</load_address>
         <readonly>true</readonly>
         <run_address>0x2566</run_address>
         <size>0x2</size>
         <alignment>0x1</alignment>
         <input_file_ref idref="fl-1"/>
      </object_component>
      <object_component id="oc-159">
         <name>.rodata.gPWM_0Config</name>
         <load_address>0x2568</load_address>
         <readonly>true</readonly>
         <run_address>0x2568</run_address>
         <size>0x8</size>
         <alignment>0x4</alignment>
         <input_file_ref idref="fl-1"/>
      </object_component>
      <object_component id="oc-c4">
         <name>.rodata.str1.42969106790848045441</name>
         <load_address>0x2570</load_address>
         <readonly>true</readonly>
         <run_address>0x2570</run_address>
         <size>0x5</size>
         <alignment>0x1</alignment>
         <input_file_ref idref="fl-3"/>
      </object_component>
      <object_component id="oc-c1">
         <name>.rodata.str1.176328792963337784071</name>
         <load_address>0x2575</load_address>
         <readonly>true</readonly>
         <run_address>0x2575</run_address>
         <size>0x4</size>
         <alignment>0x1</alignment>
         <input_file_ref idref="fl-3"/>
      </object_component>
      <object_component id="oc-c2">
         <name>.rodata.str1.52501554851255701521</name>
         <load_address>0x2579</load_address>
         <readonly>true</readonly>
         <run_address>0x2579</run_address>
         <size>0x4</size>
         <alignment>0x1</alignment>
         <input_file_ref idref="fl-3"/>
      </object_component>
      <object_component id="oc-c3">
         <name>.rodata.str1.97993385775340092391</name>
         <load_address>0x257d</load_address>
         <readonly>true</readonly>
         <run_address>0x257d</run_address>
         <size>0x4</size>
         <alignment>0x1</alignment>
         <input_file_ref idref="fl-3"/>
      </object_component>
      <object_component id="oc-158">
         <name>.rodata.gPWM_0ClockConfig</name>
         <load_address>0x2581</load_address>
         <readonly>true</readonly>
         <run_address>0x2581</run_address>
         <size>0x3</size>
         <alignment>0x1</alignment>
         <input_file_ref idref="fl-1"/>
      </object_component>
      <object_component id="oc-15c">
         <name>.rodata.gQEI_0ClockConfig</name>
         <load_address>0x2584</load_address>
         <readonly>true</readonly>
         <run_address>0x2584</run_address>
         <size>0x3</size>
         <alignment>0x1</alignment>
         <input_file_ref idref="fl-1"/>
      </object_component>
      <object_component id="oc-15f">
         <name>.rodata.gTIMER_0ClockConfig</name>
         <load_address>0x2587</load_address>
         <readonly>true</readonly>
         <run_address>0x2587</run_address>
         <size>0x3</size>
         <alignment>0x1</alignment>
         <input_file_ref idref="fl-1"/>
      </object_component>
      <object_component id="oc-1a9">
         <name>.binit</name>
         <load_address>0x0</load_address>
         <readonly>true</readonly>
         <run_address>0x0</run_address>
         <size>0x0</size>
         <alignment>0x4</alignment>
      </object_component>
      <object_component id="oc-ee">
         <name>.common:gPWM_0Backup</name>
         <uninitialized>true</uninitialized>
         <readwrite>true</readwrite>
         <run_address>0x20200000</run_address>
         <size>0x78</size>
         <alignment>0x4</alignment>
      </object_component>
      <object_component id="oc-ef">
         <name>.common:gQEI_0Backup</name>
         <uninitialized>true</uninitialized>
         <readwrite>true</readwrite>
         <run_address>0x20200078</run_address>
         <size>0x78</size>
         <alignment>0x4</alignment>
      </object_component>
      <object_component id="oc-9b">
         <name>.common:monitor1</name>
         <uninitialized>true</uninitialized>
         <readwrite>true</readwrite>
         <run_address>0x202000f6</run_address>
         <size>0x2</size>
         <alignment>0x2</alignment>
      </object_component>
      <object_component id="oc-65">
         <name>.common:gEncoderCount</name>
         <uninitialized>true</uninitialized>
         <readwrite>true</readwrite>
         <run_address>0x202000f4</run_address>
         <size>0x2</size>
         <alignment>0x2</alignment>
      </object_component>
      <object_component id="oc-9c">
         <name>.common:monitor2</name>
         <uninitialized>true</uninitialized>
         <readwrite>true</readwrite>
         <run_address>0x202000f8</run_address>
         <size>0x2</size>
         <alignment>0x2</alignment>
      </object_component>
      <object_component id="oc-64">
         <name>.common:gpioA</name>
         <uninitialized>true</uninitialized>
         <readwrite>true</readwrite>
         <run_address>0x202000f0</run_address>
         <size>0x4</size>
         <alignment>0x4</alignment>
      </object_component>
      <object_component id="oc-8e">
         <name>.common:stage</name>
         <uninitialized>true</uninitialized>
         <readwrite>true</readwrite>
         <run_address>0x20200106</run_address>
         <size>0x1</size>
         <alignment>0x1</alignment>
      </object_component>
      <object_component id="oc-90">
         <name>.common:RollL</name>
         <uninitialized>true</uninitialized>
         <readwrite>true</readwrite>
         <run_address>0x202000fd</run_address>
         <size>0x1</size>
         <alignment>0x1</alignment>
      </object_component>
      <object_component id="oc-8f">
         <name>.common:RollH</name>
         <uninitialized>true</uninitialized>
         <readwrite>true</readwrite>
         <run_address>0x202000fc</run_address>
         <size>0x1</size>
         <alignment>0x1</alignment>
      </object_component>
      <object_component id="oc-92">
         <name>.common:PitchL</name>
         <uninitialized>true</uninitialized>
         <readwrite>true</readwrite>
         <run_address>0x202000fb</run_address>
         <size>0x1</size>
         <alignment>0x1</alignment>
      </object_component>
      <object_component id="oc-91">
         <name>.common:PitchH</name>
         <uninitialized>true</uninitialized>
         <readwrite>true</readwrite>
         <run_address>0x202000fa</run_address>
         <size>0x1</size>
         <alignment>0x1</alignment>
      </object_component>
      <object_component id="oc-94">
         <name>.common:YawL</name>
         <uninitialized>true</uninitialized>
         <readwrite>true</readwrite>
         <run_address>0x20200102</run_address>
         <size>0x1</size>
         <alignment>0x1</alignment>
      </object_component>
      <object_component id="oc-93">
         <name>.common:YawH</name>
         <uninitialized>true</uninitialized>
         <readwrite>true</readwrite>
         <run_address>0x20200101</run_address>
         <size>0x1</size>
         <alignment>0x1</alignment>
      </object_component>
      <object_component id="oc-96">
         <name>.common:VL</name>
         <uninitialized>true</uninitialized>
         <readwrite>true</readwrite>
         <run_address>0x20200100</run_address>
         <size>0x1</size>
         <alignment>0x1</alignment>
      </object_component>
      <object_component id="oc-95">
         <name>.common:VH</name>
         <uninitialized>true</uninitialized>
         <readwrite>true</readwrite>
         <run_address>0x202000ff</run_address>
         <size>0x1</size>
         <alignment>0x1</alignment>
      </object_component>
      <object_component id="oc-97">
         <name>.common:SUM</name>
         <uninitialized>true</uninitialized>
         <readwrite>true</readwrite>
         <run_address>0x202000fe</run_address>
         <size>0x1</size>
         <alignment>0x1</alignment>
      </object_component>
      <object_component id="oc-6b">
         <name>.common:flag</name>
         <uninitialized>true</uninitialized>
         <readwrite>true</readwrite>
         <run_address>0x20200103</run_address>
         <size>0x1</size>
         <alignment>0x1</alignment>
      </object_component>
      <object_component id="oc-6c">
         <name>.common:gEchoData</name>
         <uninitialized>true</uninitialized>
         <readwrite>true</readwrite>
         <run_address>0x20200104</run_address>
         <size>0x1</size>
         <alignment>0x1</alignment>
      </object_component>
      <object_component id="oc-98">
         <name>.common:parity</name>
         <uninitialized>true</uninitialized>
         <readwrite>true</readwrite>
         <run_address>0x20200105</run_address>
         <size>0x1</size>
         <alignment>0x1</alignment>
      </object_component>
      <object_component id="oc-1a">
         <name>.stack</name>
         <uninitialized>true</uninitialized>
         <readwrite>true</readwrite>
         <run_address>0x20207e00</run_address>
         <size>0x4</size>
         <alignment>0x4</alignment>
         <input_file_ref idref="fl-27"/>
      </object_component>
      <object_component id="oc-1e3">
         <name>.stack</name>
         <uninitialized>true</uninitialized>
         <readwrite>true</readwrite>
         <run_address>0x20207e00</run_address>
         <size>0x0</size>
         <alignment>0x8</alignment>
      </object_component>
      <object_component id="oc-f0">
         <name>.debug_abbrev</name>
         <load_address>0x0</load_address>
         <run_address>0x0</run_address>
         <size>0x210</size>
         <alignment>0x1</alignment>
         <input_file_ref idref="fl-1"/>
      </object_component>
      <object_component id="oc-3f">
         <name>.debug_abbrev</name>
         <load_address>0x210</load_address>
         <run_address>0x210</run_address>
         <size>0x6d</size>
         <alignment>0x1</alignment>
         <input_file_ref idref="fl-2"/>
      </object_component>
      <object_component id="oc-c5">
         <name>.debug_abbrev</name>
         <load_address>0x27d</load_address>
         <run_address>0x27d</run_address>
         <size>0x100</size>
         <alignment>0x1</alignment>
         <input_file_ref idref="fl-3"/>
      </object_component>
      <object_component id="oc-66">
         <name>.debug_abbrev</name>
         <load_address>0x37d</load_address>
         <run_address>0x37d</run_address>
         <size>0x189</size>
         <alignment>0x1</alignment>
         <input_file_ref idref="fl-5"/>
      </object_component>
      <object_component id="oc-f5">
         <name>.debug_abbrev</name>
         <load_address>0x506</load_address>
         <run_address>0x506</run_address>
         <size>0x116</size>
         <alignment>0x1</alignment>
         <input_file_ref idref="fl-6"/>
      </object_component>
      <object_component id="oc-fc">
         <name>.debug_abbrev</name>
         <load_address>0x61c</load_address>
         <run_address>0x61c</run_address>
         <size>0x12b</size>
         <alignment>0x1</alignment>
         <input_file_ref idref="fl-7"/>
      </object_component>
      <object_component id="oc-6d">
         <name>.debug_abbrev</name>
         <load_address>0x747</load_address>
         <run_address>0x747</run_address>
         <size>0x1b2</size>
         <alignment>0x1</alignment>
         <input_file_ref idref="fl-8"/>
      </object_component>
      <object_component id="oc-193">
         <name>.debug_abbrev</name>
         <load_address>0x8f9</load_address>
         <run_address>0x8f9</run_address>
         <size>0x62</size>
         <alignment>0x1</alignment>
         <input_file_ref idref="fl-16"/>
      </object_component>
      <object_component id="oc-197">
         <name>.debug_abbrev</name>
         <load_address>0x95b</load_address>
         <run_address>0x95b</run_address>
         <size>0x258</size>
         <alignment>0x1</alignment>
         <input_file_ref idref="fl-17"/>
      </object_component>
      <object_component id="oc-199">
         <name>.debug_abbrev</name>
         <load_address>0xbb3</load_address>
         <run_address>0xbb3</run_address>
         <size>0x27f</size>
         <alignment>0x1</alignment>
         <input_file_ref idref="fl-18"/>
      </object_component>
      <object_component id="oc-41">
         <name>.debug_abbrev</name>
         <load_address>0xe32</load_address>
         <run_address>0xe32</run_address>
         <size>0xaf</size>
         <alignment>0x1</alignment>
         <input_file_ref idref="fl-27"/>
      </object_component>
      <object_component id="oc-12a">
         <name>.debug_abbrev</name>
         <load_address>0xee1</load_address>
         <run_address>0xee1</run_address>
         <size>0x186</size>
         <alignment>0x1</alignment>
         <input_file_ref idref="fl-29"/>
      </object_component>
      <object_component id="oc-a5">
         <name>.debug_abbrev</name>
         <load_address>0x1067</load_address>
         <run_address>0x1067</run_address>
         <size>0x39</size>
         <alignment>0x1</alignment>
         <input_file_ref idref="fl-2a"/>
      </object_component>
      <object_component id="oc-74">
         <name>.debug_abbrev</name>
         <load_address>0x10a0</load_address>
         <run_address>0x10a0</run_address>
         <size>0xc2</size>
         <alignment>0x1</alignment>
         <input_file_ref idref="fl-2c"/>
      </object_component>
      <object_component id="oc-124">
         <name>.debug_abbrev</name>
         <load_address>0x1162</load_address>
         <run_address>0x1162</run_address>
         <size>0xb3</size>
         <alignment>0x1</alignment>
         <input_file_ref idref="fl-2f"/>
      </object_component>
      <object_component id="oc-177">
         <name>.debug_abbrev</name>
         <load_address>0x1215</load_address>
         <run_address>0x1215</run_address>
         <size>0x27</size>
         <alignment>0x1</alignment>
         <input_file_ref idref="fl-98"/>
      </object_component>
      <object_component id="oc-19b">
         <name>.debug_abbrev</name>
         <load_address>0x123c</load_address>
         <run_address>0x123c</run_address>
         <size>0x27</size>
         <alignment>0x1</alignment>
         <input_file_ref idref="fl-99"/>
      </object_component>
      <object_component id="oc-182">
         <name>.debug_abbrev</name>
         <load_address>0x1263</load_address>
         <run_address>0x1263</run_address>
         <size>0x27</size>
         <alignment>0x1</alignment>
         <input_file_ref idref="fl-9a"/>
      </object_component>
      <object_component id="oc-178">
         <name>.debug_abbrev</name>
         <load_address>0x128a</load_address>
         <run_address>0x128a</run_address>
         <size>0x27</size>
         <alignment>0x1</alignment>
         <input_file_ref idref="fl-9b"/>
      </object_component>
      <object_component id="oc-183">
         <name>.debug_abbrev</name>
         <load_address>0x12b1</load_address>
         <run_address>0x12b1</run_address>
         <size>0x27</size>
         <alignment>0x1</alignment>
         <input_file_ref idref="fl-9c"/>
      </object_component>
      <object_component id="oc-172">
         <name>.debug_abbrev</name>
         <load_address>0x12d8</load_address>
         <run_address>0x12d8</run_address>
         <size>0x27</size>
         <alignment>0x1</alignment>
         <input_file_ref idref="fl-9e"/>
      </object_component>
      <object_component id="oc-181">
         <name>.debug_abbrev</name>
         <load_address>0x12ff</load_address>
         <run_address>0x12ff</run_address>
         <size>0x27</size>
         <alignment>0x1</alignment>
         <input_file_ref idref="fl-9f"/>
      </object_component>
      <object_component id="oc-179">
         <name>.debug_abbrev</name>
         <load_address>0x1326</load_address>
         <run_address>0x1326</run_address>
         <size>0x27</size>
         <alignment>0x1</alignment>
         <input_file_ref idref="fl-a0"/>
      </object_component>
      <object_component id="oc-180">
         <name>.debug_abbrev</name>
         <load_address>0x134d</load_address>
         <run_address>0x134d</run_address>
         <size>0x27</size>
         <alignment>0x1</alignment>
         <input_file_ref idref="fl-a1"/>
      </object_component>
      <object_component id="oc-189">
         <name>.debug_abbrev</name>
         <load_address>0x1374</load_address>
         <run_address>0x1374</run_address>
         <size>0x27</size>
         <alignment>0x1</alignment>
         <input_file_ref idref="fl-a4"/>
      </object_component>
      <object_component id="oc-19c">
         <name>.debug_abbrev</name>
         <load_address>0x139b</load_address>
         <run_address>0x139b</run_address>
         <size>0x25</size>
         <alignment>0x1</alignment>
         <input_file_ref idref="fl-a5"/>
      </object_component>
      <object_component id="oc-19d">
         <name>.debug_abbrev</name>
         <load_address>0x13c0</load_address>
         <run_address>0x13c0</run_address>
         <size>0x59</size>
         <alignment>0x1</alignment>
         <input_file_ref idref="fl-a6"/>
      </object_component>
      <object_component id="oc-1e5">
         <name>.debug_abbrev</name>
         <load_address>0x1419</load_address>
         <run_address>0x1419</run_address>
         <size>0xf</size>
         <alignment>0x0</alignment>
      </object_component>
      <object_component id="oc-a9">
         <name>.debug_info</name>
         <load_address>0x0</load_address>
         <run_address>0x0</run_address>
         <size>0x3c38</size>
         <alignment>0x1</alignment>
         <input_file_ref idref="fl-1"/>
      </object_component>
      <object_component id="oc-19">
         <name>.debug_info</name>
         <load_address>0x3c38</load_address>
         <run_address>0x3c38</run_address>
         <size>0x80</size>
         <alignment>0x1</alignment>
         <input_file_ref idref="fl-2"/>
      </object_component>
      <object_component id="oc-81">
         <name>.debug_info</name>
         <load_address>0x3cb8</load_address>
         <run_address>0x3cb8</run_address>
         <size>0x853</size>
         <alignment>0x1</alignment>
         <input_file_ref idref="fl-3"/>
      </object_component>
      <object_component id="oc-38">
         <name>.debug_info</name>
         <load_address>0x450b</load_address>
         <run_address>0x450b</run_address>
         <size>0x120b</size>
         <alignment>0x1</alignment>
         <input_file_ref idref="fl-5"/>
      </object_component>
      <object_component id="oc-af">
         <name>.debug_info</name>
         <load_address>0x5716</load_address>
         <run_address>0x5716</run_address>
         <size>0x752</size>
         <alignment>0x1</alignment>
         <input_file_ref idref="fl-6"/>
      </object_component>
      <object_component id="oc-b5">
         <name>.debug_info</name>
         <load_address>0x5e68</load_address>
         <run_address>0x5e68</run_address>
         <size>0xde0</size>
         <alignment>0x1</alignment>
         <input_file_ref idref="fl-7"/>
      </object_component>
      <object_component id="oc-3d">
         <name>.debug_info</name>
         <load_address>0x6c48</load_address>
         <run_address>0x6c48</run_address>
         <size>0xa1d</size>
         <alignment>0x1</alignment>
         <input_file_ref idref="fl-8"/>
      </object_component>
      <object_component id="oc-13a">
         <name>.debug_info</name>
         <load_address>0x7665</load_address>
         <run_address>0x7665</run_address>
         <size>0x75</size>
         <alignment>0x1</alignment>
         <input_file_ref idref="fl-16"/>
      </object_component>
      <object_component id="oc-150">
         <name>.debug_info</name>
         <load_address>0x76da</load_address>
         <run_address>0x76da</run_address>
         <size>0x2f7d</size>
         <alignment>0x1</alignment>
         <input_file_ref idref="fl-17"/>
      </object_component>
      <object_component id="oc-166">
         <name>.debug_info</name>
         <load_address>0xa657</load_address>
         <run_address>0xa657</run_address>
         <size>0x1259</size>
         <alignment>0x1</alignment>
         <input_file_ref idref="fl-18"/>
      </object_component>
      <object_component id="oc-1b">
         <name>.debug_info</name>
         <load_address>0xb8b0</load_address>
         <run_address>0xb8b0</run_address>
         <size>0x423</size>
         <alignment>0x1</alignment>
         <input_file_ref idref="fl-27"/>
      </object_component>
      <object_component id="oc-d0">
         <name>.debug_info</name>
         <load_address>0xbcd3</load_address>
         <run_address>0xbcd3</run_address>
         <size>0x74a</size>
         <alignment>0x1</alignment>
         <input_file_ref idref="fl-29"/>
      </object_component>
      <object_component id="oc-7e">
         <name>.debug_info</name>
         <load_address>0xc41d</load_address>
         <run_address>0xc41d</run_address>
         <size>0x46</size>
         <alignment>0x1</alignment>
         <input_file_ref idref="fl-2a"/>
      </object_component>
      <object_component id="oc-53">
         <name>.debug_info</name>
         <load_address>0xc463</load_address>
         <run_address>0xc463</run_address>
         <size>0x192</size>
         <alignment>0x1</alignment>
         <input_file_ref idref="fl-2c"/>
      </object_component>
      <object_component id="oc-c8">
         <name>.debug_info</name>
         <load_address>0xc5f5</load_address>
         <run_address>0xc5f5</run_address>
         <size>0xed</size>
         <alignment>0x1</alignment>
         <input_file_ref idref="fl-2f"/>
      </object_component>
      <object_component id="oc-104">
         <name>.debug_info</name>
         <load_address>0xc6e2</load_address>
         <run_address>0xc6e2</run_address>
         <size>0x192</size>
         <alignment>0x1</alignment>
         <input_file_ref idref="fl-98"/>
      </object_component>
      <object_component id="oc-176">
         <name>.debug_info</name>
         <load_address>0xc874</load_address>
         <run_address>0xc874</run_address>
         <size>0x194</size>
         <alignment>0x1</alignment>
         <input_file_ref idref="fl-99"/>
      </object_component>
      <object_component id="oc-11b">
         <name>.debug_info</name>
         <load_address>0xca08</load_address>
         <run_address>0xca08</run_address>
         <size>0x192</size>
         <alignment>0x1</alignment>
         <input_file_ref idref="fl-9a"/>
      </object_component>
      <object_component id="oc-108">
         <name>.debug_info</name>
         <load_address>0xcb9a</load_address>
         <run_address>0xcb9a</run_address>
         <size>0x192</size>
         <alignment>0x1</alignment>
         <input_file_ref idref="fl-9b"/>
      </object_component>
      <object_component id="oc-11f">
         <name>.debug_info</name>
         <load_address>0xcd2c</load_address>
         <run_address>0xcd2c</run_address>
         <size>0x194</size>
         <alignment>0x1</alignment>
         <input_file_ref idref="fl-9c"/>
      </object_component>
      <object_component id="oc-102">
         <name>.debug_info</name>
         <load_address>0xcec0</load_address>
         <run_address>0xcec0</run_address>
         <size>0x198</size>
         <alignment>0x1</alignment>
         <input_file_ref idref="fl-9e"/>
      </object_component>
      <object_component id="oc-115">
         <name>.debug_info</name>
         <load_address>0xd058</load_address>
         <run_address>0xd058</run_address>
         <size>0x19c</size>
         <alignment>0x1</alignment>
         <input_file_ref idref="fl-9f"/>
      </object_component>
      <object_component id="oc-10d">
         <name>.debug_info</name>
         <load_address>0xd1f4</load_address>
         <run_address>0xd1f4</run_address>
         <size>0x19a</size>
         <alignment>0x1</alignment>
         <input_file_ref idref="fl-a0"/>
      </object_component>
      <object_component id="oc-110">
         <name>.debug_info</name>
         <load_address>0xd38e</load_address>
         <run_address>0xd38e</run_address>
         <size>0x21c</size>
         <alignment>0x1</alignment>
         <input_file_ref idref="fl-a1"/>
      </object_component>
      <object_component id="oc-123">
         <name>.debug_info</name>
         <load_address>0xd5aa</load_address>
         <run_address>0xd5aa</run_address>
         <size>0x1c1</size>
         <alignment>0x1</alignment>
[...]
         <object_component_ref idref="oc-e9"/>
      </symbol>
      <symbol id="sm-e1">
         <name>SYSCFG_DL_PWM_0_init</name>
         <value>0xd1d</value>
         <object_component_ref idref="oc-ea"/>
      </symbol>
      <symbol id="sm-e2">
         <name>SYSCFG_DL_QEI_0_init</name>
         <value>0x1215</value>
         <object_component_ref idref="oc-eb"/>
      </symbol>
      <symbol id="sm-e3">
         <name>SYSCFG_DL_TIMER_0_init</name>
         <value>0x1611</value>
         <object_component_ref idref="oc-ec"/>
      </symbol>
      <symbol id="sm-e4">
         <name>SYSCFG_DL_UART_0_init</name>
         <value>0x12a9</value>
         <object_component_ref idref="oc-ed"/>
      </symbol>
      <symbol id="sm-e5">
         <name>gPWM_0Backup</name>
         <value>0x20200000</value>
      </symbol>
      <symbol id="sm-e6">
         <name>gQEI_0Backup</name>
         <value>0x20200078</value>
      </symbol>
      <symbol id="sm-f1">
         <name>Default_Handler</name>
         <value>0x1d1f</value>
         <object_component_ref idref="oc-33"/>
      </symbol>
      <symbol id="sm-f2">
         <name>Reset_Handler</name>
         <value>0x1d23</value>
         <object_component_ref idref="oc-2f"/>
      </symbol>
      <symbol id="sm-f3">
         <name>interruptVectors</name>
         <value>0x0</value>
         <object_component_ref idref="oc-18"/>
      </symbol>
      <symbol id="sm-f4">
         <name>NMI_Handler</name>
         <value>0x1d1f</value>
         <object_component_ref idref="oc-33"/>
      </symbol>
      <symbol id="sm-f5">
         <name>HardFault_Handler</name>
         <value>0x1d1f</value>
         <object_component_ref idref="oc-33"/>
      </symbol>
      <symbol id="sm-f6">
         <name>SVC_Handler</name>
         <value>0x1d1f</value>
         <object_component_ref idref="oc-33"/>
      </symbol>
      <symbol id="sm-f7">
         <name>PendSV_Handler</name>
         <value>0x1d1f</value>
         <object_component_ref idref="oc-33"/>
      </symbol>
      <symbol id="sm-f8">
         <name>SysTick_Handler</name>
         <value>0x1d1f</value>
         <object_component_ref idref="oc-33"/>
      </symbol>
      <symbol id="sm-f9">
         <name>GROUP0_IRQHandler</name>
         <value>0x1d1f</value>
         <object_component_ref idref="oc-33"/>
      </symbol>
      <symbol id="sm-fa">
         <name>TIMG8_IRQHandler</name>
         <value>0x1d1f</value>
         <object_component_ref idref="oc-33"/>
      </symbol>
      <symbol id="sm-fb">
         <name>UART3_IRQHandler</name>
         <value>0x1d1f</value>
         <object_component_ref idref="oc-33"/>
      </symbol>
      <symbol id="sm-fc">
         <name>ADC0_IRQHandler</name>
         <value>0x1d1f</value>
         <object_component_ref idref="oc-33"/>
      </symbol>
      <symbol id="sm-fd">
         <name>ADC1_IRQHandler</name>
         <value>0x1d1f</value>
         <object_component_ref idref="oc-33"/>
      </symbol>
      <symbol id="sm-fe">
         <name>CANFD0_IRQHandler</name>
         <value>0x1d1f</value>
         <object_component_ref idref="oc-33"/>
      </symbol>
      <symbol id="sm-ff">
         <name>DAC0_IRQHandler</name>
         <value>0x1d1f</value>
         <object_component_ref idref="oc-33"/>
      </symbol>
      <symbol id="sm-100">
         <name>SPI0_IRQHandler</name>
         <value>0x1d1f</value>
         <object_component_ref idref="oc-33"/>
      </symbol>
      <symbol id="sm-101">
         <name>SPI1_IRQHandler</name>
         <value>0x1d1f</value>
         <object_component_ref idref="oc-33"/>
      </symbol>
      <symbol id="sm-102">
         <name>UART1_IRQHandler</name>
         <value>0x1d1f</value>
         <object_component_ref idref="oc-33"/>
      </symbol>
      <symbol id="sm-103">
         <name>UART2_IRQHandler</name>
         <value>0x1d1f</value>
         <object_component_ref idref="oc-33"/>
      </symbol>
      <symbol id="sm-104">
         <name>TIMG6_IRQHandler</name>
         <value>0x1d1f</value>
         <object_component_ref idref="oc-33"/>
      </symbol>
      <symbol id="sm-105">
         <name>TIMA0_IRQHandler</name>
         <value>0x1d1f</value>
         <object_component_ref idref="oc-33"/>
      </symbol>
      <symbol id="sm-106">
         <name>TIMA1_IRQHandler</name>
         <value>0x1d1f</value>
         <object_component_ref idref="oc-33"/>
      </symbol>
      <symbol id="sm-107">
         <name>TIMG7_IRQHandler</name>
         <value>0x1d1f</value>
         <object_component_ref idref="oc-33"/>
      </symbol>
      <symbol id="sm-108">
         <name>TIMG12_IRQHandler</name>
         <value>0x1d1f</value>
         <object_component_ref idref="oc-33"/>
      </symbol>
      <symbol id="sm-109">
         <name>I2C0_IRQHandler</name>
         <value>0x1d1f</value>
         <object_component_ref idref="oc-33"/>
      </symbol>
      <symbol id="sm-10a">
         <name>I2C1_IRQHandler</name>
         <value>0x1d1f</value>
         <object_component_ref idref="oc-33"/>
      </symbol>
      <symbol id="sm-10b">
         <name>AES_IRQHandler</name>
         <value>0x1d1f</value>
         <object_component_ref idref="oc-33"/>
      </symbol>
      <symbol id="sm-10c">
         <name>RTC_IRQHandler</name>
         <value>0x1d1f</value>
         <object_component_ref idref="oc-33"/>
      </symbol>
      <symbol id="sm-10d">
         <name>DMA_IRQHandler</name>
         <value>0x1d1f</value>
         <object_component_ref idref="oc-33"/>
      </symbol>
      <symbol id="sm-11f">
         <name>main</name>
         <value>0x7d5</value>
         <object_component_ref idref="oc-7f"/>
      </symbol>
      <symbol id="sm-159">
         <name>Encoder_Init</name>
         <value>0x1859</value>
         <object_component_ref idref="oc-b2"/>
      </symbol>
      <symbol id="sm-15a">
         <name>TIMG0_IRQHandler</name>
         <value>0x187d</value>
         <object_component_ref idref="oc-3e"/>
      </symbol>
      <symbol id="sm-15b">
         <name>GetCount</name>
         <value>0x13bd</value>
         <object_component_ref idref="oc-70"/>
      </symbol>
      <symbol id="sm-15c">
         <name>monitor1</name>
         <value>0x202000f6</value>
      </symbol>
      <symbol id="sm-15d">
         <name>gEncoderCount</name>
         <value>0x202000f4</value>
      </symbol>
      <symbol id="sm-15e">
         <name>monitor2</name>
         <value>0x202000f8</value>
      </symbol>
      <symbol id="sm-15f">
         <name>GROUP1_IRQHandler</name>
         <value>0xc95</value>
         <object_component_ref idref="oc-34"/>
      </symbol>
      <symbol id="sm-160">
         <name>gpioA</name>
         <value>0x202000f0</value>
      </symbol>
      <symbol id="sm-161">
         <name>Encoder_GetM1</name>
         <value>0x10bd</value>
         <object_component_ref idref="oc-be"/>
      </symbol>
      <symbol id="sm-162">
         <name>Encoder_GetM2</name>
         <value>0x1119</value>
         <object_component_ref idref="oc-bf"/>
      </symbol>
      <symbol id="sm-170">
         <name>PWM_init</name>
         <value>0x1d05</value>
         <object_component_ref idref="oc-ad"/>
      </symbol>
      <symbol id="sm-190">
         <name>SSD1106_WR_Byte</name>
         <value>0xb55</value>
         <object_component_ref idref="oc-f9"/>
      </symbol>
      <symbol id="sm-191">
         <name>SSD1106_Set_Pos</name>
         <value>0x143d</value>
         <object_component_ref idref="oc-fb"/>
      </symbol>
      <symbol id="sm-192">
         <name>SSD1106_Clear</name>
         <value>0xf85</value>
         <object_component_ref idref="oc-fa"/>
      </symbol>
      <symbol id="sm-193">
         <name>SSD1106_ShowChar</name>
         <value>0x3b1</value>
         <object_component_ref idref="oc-fe"/>
      </symbol>
      <symbol id="sm-194">
         <name>F6x8</name>
         <value>0x2320</value>
         <object_component_ref idref="oc-170"/>
      </symbol>
      <symbol id="sm-195">
         <name>F8X16</name>
         <value>0x1d30</value>
         <object_component_ref idref="oc-171"/>
      </symbol>
      <symbol id="sm-196">
         <name>SSD1106_pow</name>
         <value>0x16ab</value>
         <object_component_ref idref="oc-113"/>
      </symbol>
      <symbol id="sm-197">
         <name>SSD1106_ShowString</name>
         <value>0xf15</value>
         <object_component_ref idref="oc-b8"/>
      </symbol>
      <symbol id="sm-198">
         <name>SSD1106_Init</name>
         <value>0x5dd</value>
         <object_component_ref idref="oc-b3"/>
      </symbol>
      <symbol id="sm-199">
         <name>SSD1106_ShowFNum</name>
         <value>0x23d</value>
         <object_component_ref idref="oc-bb"/>
      </symbol>
      <symbol id="sm-1c6">
         <name>UART_Init</name>
         <value>0xff1</value>
         <object_component_ref idref="oc-ac"/>
      </symbol>
      <symbol id="sm-1c7">
         <name>stage</name>
         <value>0x20200106</value>
      </symbol>
      <symbol id="sm-1c8">
         <name>RollL</name>
         <value>0x202000fd</value>
      </symbol>
      <symbol id="sm-1c9">
         <name>RollH</name>
         <value>0x202000fc</value>
      </symbol>
      <symbol id="sm-1ca">
         <name>PitchL</name>
         <value>0x202000fb</value>
      </symbol>
      <symbol id="sm-1cb">
         <name>PitchH</name>
         <value>0x202000fa</value>
      </symbol>
      <symbol id="sm-1cc">
         <name>YawL</name>
         <value>0x20200102</value>
      </symbol>
      <symbol id="sm-1cd">
         <name>YawH</name>
         <value>0x20200101</value>
      </symbol>
      <symbol id="sm-1ce">
         <name>VL</name>
         <value>0x20200100</value>
      </symbol>
      <symbol id="sm-1cf">
         <name>VH</name>
         <value>0x202000ff</value>
      </symbol>
      <symbol id="sm-1d0">
         <name>SUM</name>
         <value>0x202000fe</value>
      </symbol>
      <symbol id="sm-1d1">
         <name>UART0_IRQHandler</name>
         <value>0x156d</value>
         <object_component_ref idref="oc-39"/>
      </symbol>
      <symbol id="sm-1d2">
         <name>Data_Decoder</name>
         <value>0xc1</value>
         <object_component_ref idref="oc-6a"/>
      </symbol>
      <symbol id="sm-1d3">
         <name>flag</name>
         <value>0x20200103</value>
      </symbol>
      <symbol id="sm-1d4">
         <name>gEchoData</name>
         <value>0x20200104</value>
      </symbol>
      <symbol id="sm-1d5">
         <name>parity</name>
         <value>0x20200105</value>
      </symbol>
      <symbol id="sm-1d6">
         <name>UART_GetFlag</name>
         <value>0x17e1</value>
         <object_component_ref idref="oc-b9"/>
      </symbol>
      <symbol id="sm-1d7">
         <name>UART_ReturnRoll</name>
         <value>0x1335</value>
         <object_component_ref idref="oc-ba"/>
      </symbol>
      <symbol id="sm-1d8">
         <name>UART_ReturnPitch</name>
         <value>0x12f1</value>
         <object_component_ref idref="oc-bc"/>
      </symbol>
      <symbol id="sm-1d9">
         <name>UART_ReturnYaw</name>
         <value>0x1379</value>
         <object_component_ref idref="oc-bd"/>
      </symbol>
      <symbol id="sm-1da">
         <name>__TI_ATRegion0_src_addr</name>
         <value>0x0</value>
      </symbol>
      <symbol id="sm-1db">
         <name>__TI_ATRegion0_trg_addr</name>
         <value>0x0</value>
      </symbol>
      <symbol id="sm-1dc">
         <name>__TI_ATRegion0_region_sz</name>
         <value>0x0</value>
      </symbol>
      <symbol id="sm-1dd">
         <name>__TI_ATRegion1_src_addr</name>
         <value>0x0</value>
      </symbol>
      <symbol id="sm-1de">
         <name>__TI_ATRegion1_trg_addr</name>
         <value>0x0</value>
      </symbol>
      <symbol id="sm-1df">
         <name>__TI_ATRegion1_region_sz</name>
         <value>0x0</value>
      </symbol>
      <symbol id="sm-1e0">
         <name>__TI_ATRegion2_src_addr</name>
         <value>0x0</value>
      </symbol>
      <symbol id="sm-1e1">
         <name>__TI_ATRegion2_trg_addr</name>
         <value>0x0</value>
      </symbol>
      <symbol id="sm-1e2">
         <name>__TI_ATRegion2_region_sz</name>
         <value>0x0</value>
      </symbol>
      <symbol id="sm-1eb">
         <name>DL_Common_delayCycles</name>
         <value>0x1d15</value>
         <object_component_ref idref="oc-137"/>
      </symbol>
      <symbol id="sm-207">
         <name>DL_Timer_setClockConfig</name>
         <value>0x1a15</value>
         <object_component_ref idref="oc-14c"/>
      </symbol>
      <symbol id="sm-208">
         <name>DL_Timer_initTimerMode</name>
         <value>0x8c5</value>
         <object_component_ref idref="oc-15d"/>
      </symbol>
      <symbol id="sm-209">
         <name>DL_Timer_setCaptureCompareValue</name>
         <value>0x1cf5</value>
         <object_component_ref idref="oc-155"/>
      </symbol>
      <symbol id="sm-20a">
         <name>DL_Timer_initPWMMode</name>
         <value>0xa91</value>
         <object_component_ref idref="oc-152"/>
      </symbol>
      <symbol id="sm-20b">
         <name>DL_Timer_setCaptureCompareOutCtl</name>
         <value>0x1b3d</value>
         <object_component_ref idref="oc-153"/>
      </symbol>
      <symbol id="sm-20c">
         <name>DL_Timer_setCaptCompUpdateMethod</name>
         <value>0x19f9</value>
         <object_component_ref idref="oc-154"/>
      </symbol>
      <symbol id="sm-219">
         <name>DL_UART_init</name>
         <value>0x1261</value>
         <object_component_ref idref="oc-167"/>
      </symbol>
      <symbol id="sm-21a">
         <name>DL_UART_setClockConfig</name>
         <value>0x1cc1</value>
         <object_component_ref idref="oc-161"/>
      </symbol>
      <symbol id="sm-225">
         <name>_c_int00_noargs</name>
         <value>0x1831</value>
         <object_component_ref idref="oc-5a"/>
      </symbol>
      <symbol id="sm-226">
         <name>__stack</name>
         <value>0x20207e00</value>
         <object_component_ref idref="oc-1a"/>
      </symbol>
      <symbol id="sm-232">
         <name>__TI_auto_init_nobinit_nopinit</name>
         <value>0x14b9</value>
         <object_component_ref idref="oc-ce"/>
      </symbol>
      <symbol id="sm-23a">
         <name>_system_pre_init</name>
         <value>0x1d27</value>
         <object_component_ref idref="oc-7b"/>
      </symbol>
      <symbol id="sm-245">
         <name>__TI_zero_init_nomemset</name>
         <value>0x1bf9</value>
         <object_component_ref idref="oc-51"/>
      </symbol>
      <symbol id="sm-251">
         <name>abort</name>
         <value>0x1d2b</value>
         <object_component_ref idref="oc-c7"/>
      </symbol>
      <symbol id="sm-252">
         <name>C$$EXIT</name>
         <value>0x1d2a</value>
         <object_component_ref idref="oc-c7"/>
      </symbol>
      <symbol id="sm-25a">
         <name>__aeabi_dmul</name>
         <value>0x9ad</value>
         <object_component_ref idref="oc-103"/>
      </symbol>
      <symbol id="sm-25b">
         <name>__muldf3</name>
         <value>0x9ad</value>
         <object_component_ref idref="oc-103"/>
      </symbol>
      <symbol id="sm-261">
         <name>__muldsi3</name>
         <value>0x1531</value>
         <object_component_ref idref="oc-173"/>
      </symbol>
      <symbol id="sm-267">
         <name>__aeabi_fmul</name>
         <value>0xc09</value>
         <object_component_ref idref="oc-118"/>
      </symbol>
      <symbol id="sm-268">
         <name>__mulsf3</name>
         <value>0xc09</value>
         <object_component_ref idref="oc-118"/>
      </symbol>
      <symbol id="sm-26e">
         <name>__aeabi_ddiv</name>
         <value>0x4d1</value>
         <object_component_ref idref="oc-107"/>
      </symbol>
      <symbol id="sm-26f">
         <name>__divdf3</name>
         <value>0x4d1</value>
         <object_component_ref idref="oc-107"/>
      </symbol>
      <symbol id="sm-275">
         <name>__aeabi_f2iz</name>
         <value>0x15a5</value>
         <object_component_ref idref="oc-11c"/>
      </symbol>
      <symbol id="sm-276">
         <name>__fixsfsi</name>
         <value>0x15a5</value>
         <object_component_ref idref="oc-11c"/>
      </symbol>
      <symbol id="sm-27c">
         <name>__aeabi_i2d</name>
         <value>0x178d</value>
         <object_component_ref idref="oc-ff"/>
      </symbol>
      <symbol id="sm-27d">
         <name>__floatsidf</name>
         <value>0x178d</value>
         <object_component_ref idref="oc-ff"/>
      </symbol>
      <symbol id="sm-283">
         <name>__aeabi_ui2f</name>
         <value>0x1809</value>
         <object_component_ref idref="oc-114"/>
      </symbol>
      <symbol id="sm-284">
         <name>__floatunsisf</name>
         <value>0x1809</value>
         <object_component_ref idref="oc-114"/>
      </symbol>
      <symbol id="sm-28b">
         <name>__aeabi_d2f</name>
         <value>0xea1</value>
         <object_component_ref idref="oc-10b"/>
      </symbol>
      <symbol id="sm-28c">
         <name>__truncdfsf2</name>
         <value>0xea1</value>
         <object_component_ref idref="oc-10b"/>
      </symbol>
      <symbol id="sm-292">
         <name>__aeabi_fcmpeq</name>
         <value>0x1059</value>
         <object_component_ref idref="oc-10f"/>
      </symbol>
      <symbol id="sm-293">
         <name>__aeabi_fcmplt</name>
         <value>0x106d</value>
         <object_component_ref idref="oc-10f"/>
      </symbol>
      <symbol id="sm-294">
         <name>__aeabi_fcmple</name>
         <value>0x1081</value>
         <object_component_ref idref="oc-10f"/>
      </symbol>
      <symbol id="sm-295">
         <name>__aeabi_fcmpge</name>
         <value>0x1095</value>
         <object_component_ref idref="oc-10f"/>
      </symbol>
      <symbol id="sm-296">
         <name>__aeabi_fcmpgt</name>
         <value>0x10a9</value>
         <object_component_ref idref="oc-10f"/>
      </symbol>
      <symbol id="sm-29c">
         <name>__aeabi_uidiv</name>
         <value>0x13fd</value>
         <object_component_ref idref="oc-120"/>
      </symbol>
      <symbol id="sm-29d">
         <name>__aeabi_uidivmod</name>
         <value>0x13fd</value>
         <object_component_ref idref="oc-120"/>
      </symbol>
      <symbol id="sm-2a6">
         <name>__eqsf2</name>
         <value>0x14f5</value>
         <object_component_ref idref="oc-17a"/>
      </symbol>
      <symbol id="sm-2a7">
         <name>__lesf2</name>
         <value>0x14f5</value>
         <object_component_ref idref="oc-17a"/>
      </symbol>
      <symbol id="sm-2a8">
         <name>__ltsf2</name>
         <value>0x14f5</value>
         <object_component_ref idref="oc-17a"/>
      </symbol>
      <symbol id="sm-2a9">
         <name>__nesf2</name>
         <value>0x14f5</value>
         <object_component_ref idref="oc-17a"/>
      </symbol>
      <symbol id="sm-2aa">
         <name>__cmpsf2</name>
         <value>0x14f5</value>
         <object_component_ref idref="oc-17a"/>
      </symbol>
      <symbol id="sm-2ab">
         <name>__gtsf2</name>
         <value>0x147d</value>
         <object_component_ref idref="oc-17f"/>
      </symbol>
      <symbol id="sm-2ac">
         <name>__gesf2</name>
         <value>0x147d</value>
         <object_component_ref idref="oc-17f"/>
      </symbol>
      <symbol id="sm-2b6">
         <name>__aeabi_idiv0</name>
         <value>0xfef</value>
         <object_component_ref idref="oc-184"/>
      </symbol>
      <symbol id="sm-2b7">
         <name>__TI_static_base__</name>
         <value>0x0</value>
      </symbol>
      <symbol id="sm-2b9">
         <name>__mpu_init</name>
         <value>0x0</value>
      </symbol>
      <symbol id="sm-2ba">
         <name>_system_post_cinit</name>
         <value>0x0</value>
      </symbol>
   </symbol_table>
   <title>Link successful</title>
</link_info>
