******************************************************************************
            TI ARM Clang Linker PC v3.2.2                      
******************************************************************************
>> Linked Wed Jul 31 15:53:11 2024

OUTPUT FILE NAME:   <empty_LP_MSPM0G3507_nortos_ticlang.out>
ENTRY POINT SYMBOL: "_c_int00_noargs"  address: 00001de1


MEMORY CONFIGURATION

         name            origin    length      used     unused   attr    fill
----------------------  --------  ---------  --------  --------  ----  --------
  FLASH                 00000000   00020000  00002ba0  0001d460  R  X
  SRAM                  20200000   00008000  00000390  00007c70  RW X
  BCR_CONFIG            41c00000   00000080  00000000  00000080  R   
  BSL_CONFIG            41c00100   00000080  00000000  00000080  R   


SEGMENT ALLOCATION MAP

run origin  load origin   length   init length attrs members
----------  ----------- ---------- ----------- ----- -------
00000000    00000000    00002ba0   00002ba0    r-x
  00000000    00000000    000000c0   000000c0    r-- .intvecs
  000000c0    000000c0    00002240   00002240    r-x .text
  00002300    00002300    00000860   00000860    r-- .rodata
  00002b60    00002b60    00000040   00000040    r-- .cinit
20200000    20200000    00000190   00000000    rw-
  20200000    20200000    00000148   00000000    rw- .bss
  20200148    20200148    00000048   00000000    rw- .data
20207e00    20207e00    00000200   00000000    rw-
  20207e00    20207e00    00000200   00000000    rw- .stack


SECTION ALLOCATION MAP

 output                                  attributes/
section   page    origin      length       input sections
--------  ----  ----------  ----------   ----------------
.intvecs   0    00000000    000000c0     
                  00000000    000000c0     startup_mspm0g350x_ticlang.o (.intvecs)

.text      0    000000c0    00002240     
                  000000c0    00000174     ssd1106.o (.text.SSD1106_ShowFNum)
                  00000234    00000120     ssd1106.o (.text.SSD1106_ShowChar)
                  00000354    00000110     main.o (.text.main)
                  00000464    0000010c     libclang_rt.builtins.a : divdf3.S.obj (.text.__divdf3)
                  00000570    00000104     ssd1106.o (.text.SSD1106_Init)
                  00000674    000000f4     UART.o (.text.Data_Decoder)
                  00000768    000000ec     encoder.o (.text.Duty_change)
                  00000854    000000e8     driverlib.a : dl_timer.o (.text.DL_Timer_initTimerMode)
                  0000093c    000000e4     libclang_rt.builtins.a : muldf3.S.obj (.text.__muldf3)
                  00000a20    000000d8     encoder.o (.text.GetCount)
                  00000af8    000000d8     pid.o (.text.PID_left)
                  00000bd0    000000d8     pid.o (.text.PID_right)
                  00000ca8    000000d8     libclang_rt.builtins.a : addsf3.S.obj (.text)
                  00000d80    000000d4     ssd1106.o (.text.SSD1106_ShowNum)
                  00000e54    000000cc     ti_msp_dl_config.o (.text.SYSCFG_DL_GPIO_init)
                  00000f20    000000c4     driverlib.a : dl_timer.o (.text.DL_Timer_initPWMMode)
                  00000fe4    000000b4     ssd1106.o (.text.SSD1106_WR_Byte)
                  00001098    0000008c     libclang_rt.builtins.a : mulsf3.S.obj (.text.__mulsf3)
                  00001124    00000088     encoder.o (.text.GROUP1_IRQHandler)
                  000011ac    00000084     ti_msp_dl_config.o (.text.__NVIC_SetPriority)
                  00001230    00000080     ti_msp_dl_config.o (.text.SYSCFG_DL_PWM_0_init)
                  000012b0    0000007c     ti_msp_dl_config.o (.text.SYSCFG_DL_initPower)
                  0000132c    00000078     libc.a : copy_decompress_lzss.c.obj (.text:decompress:lzss)
                  000013a4    0000000c     encoder.o (.text.Encoder_GetM1)
                  000013b0    00000074     libclang_rt.builtins.a : truncdfsf2.S.obj (.text.__truncdfsf2)
                  00001424    00000070     ssd1106.o (.text.SSD1106_ShowString)
                  00001494    00000070     libclang_rt.builtins.a : comparedf2.c.obj (.text.__gedf2)
                  00001504    0000006c                            : comparedf2.c.obj (.text.__ledf2)
                  00001570    0000006a     ssd1106.o (.text.SSD1106_Clear)
                  000015da    00000002     libclang_rt.builtins.a : aeabi_div0.c.obj (.text.__aeabi_idiv0)
                  000015dc    00000068     pwm.o (.text.PWM_SetDuty)
                  00001644    00000062     libclang_rt.builtins.a : aeabi_dcmp.S.obj (.text.__aeabi_dcmp)
                  000016a6    00000002     --HOLE-- [fill = 0]
                  000016a8    00000062                            : aeabi_fcmp.S.obj (.text.__aeabi_fcmp)
                  0000170a    00000002     --HOLE-- [fill = 0]
                  0000170c    00000054     ti_msp_dl_config.o (.text.DL_Timer_configQEI)
                  00001760    0000004c     ti_msp_dl_config.o (.text.DL_UART_setBaudRateDivisor)
                  000017ac    0000004c     ti_msp_dl_config.o (.text.SYSCFG_DL_QEI_0_init)
                  000017f8    00000048     driverlib.a : dl_uart.o (.text.DL_UART_init)
                  00001840    00000048     ti_msp_dl_config.o (.text.SYSCFG_DL_UART_0_init)
                  00001888    00000044     encoder.o (.text.Encoder_Init)
                  000018cc    00000040     ti_msp_dl_config.o (.text.SYSCFG_DL_init)
                  0000190c    00000040     libclang_rt.builtins.a : aeabi_uidivmod.S.obj (.text.__aeabi_uidivmod)
                  0000194c    00000040                            : extendsfdf2.S.obj (.text.__extendsfdf2)
                  0000198c    0000003e     ssd1106.o (.text.SSD1106_Set_Pos)
                  000019ca    00000002     --HOLE-- [fill = 0]
                  000019cc    0000003c     ti_msp_dl_config.o (.text.SYSCFG_DL_TIMER_0_init)
                  00001a08    0000003c     libclang_rt.builtins.a : comparesf2.S.obj (.text.__gtsf2)
                  00001a44    0000003c     libc.a : autoinit.c.obj (.text:__TI_auto_init_nobinit_nopinit)
                  00001a80    0000003a     libclang_rt.builtins.a : comparesf2.S.obj (.text.__eqsf2)
                  00001aba    00000002     --HOLE-- [fill = 0]
                  00001abc    0000003a                            : muldsi3.S.obj (.text.__muldsi3)
                  00001af6    00000002     --HOLE-- [fill = 0]
                  00001af8    00000038     UART.o (.text.UART3_IRQHandler)
                  00001b30    00000038     libclang_rt.builtins.a : fixsfsi.S.obj (.text.__fixsfsi)
                  00001b68    00000034     ti_msp_dl_config.o (.text.DL_GPIO_initDigitalInputFeatures)
                  00001b9c    00000032     ti_msp_dl_config.o (.text.SYSCFG_DL_SYSCTL_init)
                  00001bce    00000002     --HOLE-- [fill = 0]
                  00001bd0    00000032     libclang_rt.builtins.a : fixunssfsi.S.obj (.text.__fixunssfsi)
                  00001c02    00000030     ssd1106.o (.text.SSD1106_pow)
                  00001c32    00000002     --HOLE-- [fill = 0]
                  00001c34    00000030     UART.o (.text.UART_Init)
                  00001c64    0000002c     UART.o (.text.__NVIC_ClearPendingIRQ)
                  00001c90    0000002c     encoder.o (.text.__NVIC_ClearPendingIRQ)
                  00001cbc    0000002c     UART.o (.text.__NVIC_EnableIRQ)
                  00001ce8    0000002c     encoder.o (.text.__NVIC_EnableIRQ)
                  00001d14    0000002c     libclang_rt.builtins.a : floatsidf.S.obj (.text.__floatsidf)
                  00001d40    00000028     ti_msp_dl_config.o (.text.DL_Common_updateReg)
                  00001d68    00000028     encoder.o (.text.TIMG0_IRQHandler)
                  00001d90    00000028     UART.o (.text.UART_GetFlag)
                  00001db8    00000028     libclang_rt.builtins.a : floatunsisf.S.obj (.text.__floatunsisf)
                  00001de0    00000028     libc.a : boot_cortex_m.c.obj (.text:_c_int00_noargs)
                  00001e08    00000020     ti_msp_dl_config.o (.text.DL_GPIO_initPeripheralInputFunction)
                  00001e28    00000020     encoder.o (.text.Speed_Change)
                  00001e48    0000001e     ti_msp_dl_config.o (.text.DL_UART_setOversampling)
                  00001e66    00000002     --HOLE-- [fill = 0]
                  00001e68    0000001c     encoder.o (.text.DL_GPIO_clearInterruptStatus)
                  00001e84    0000001c     ti_msp_dl_config.o (.text.DL_GPIO_clearInterruptStatus)
                  00001ea0    0000001c     ti_msp_dl_config.o (.text.DL_GPIO_enableInterrupt)
                  00001ebc    0000001c     ti_msp_dl_config.o (.text.DL_GPIO_initPeripheralOutputFunction)
                  00001ed8    0000001c     ti_msp_dl_config.o (.text.DL_GPIO_setLowerPinsPolarity)
                  00001ef4    0000001c     ti_msp_dl_config.o (.text.DL_SYSCTL_setMCLKDivider)
                  00001f10    0000001c     ti_msp_dl_config.o (.text.DL_SYSCTL_setSYSOSCFreq)
                  00001f2c    0000001c     ti_msp_dl_config.o (.text.DL_SYSCTL_setULPCLKDivider)
                  00001f48    0000001c     ti_msp_dl_config.o (.text.DL_Timer_enableInterrupt)
                  00001f64    0000001c     driverlib.a : dl_timer.o (.text.DL_Timer_setCaptCompUpdateMethod)
                  00001f80    0000001c                 : dl_timer.o (.text.DL_Timer_setClockConfig)
                  00001f9c    0000001c     ti_msp_dl_config.o (.text.DL_UART_enableInterrupt)
                  00001fb8    00000018     ti_msp_dl_config.o (.text.DL_GPIO_enableOutput)
                  00001fd0    00000018     ti_msp_dl_config.o (.text.DL_GPIO_enablePower)
                  00001fe8    00000018     encoder.o (.text.DL_GPIO_getEnabledInterruptStatus)
                  00002000    00000018     ti_msp_dl_config.o (.text.DL_GPIO_initDigitalOutput)
                  00002018    00000018     ti_msp_dl_config.o (.text.DL_GPIO_reset)
                  00002030    00000018     ssd1106.o (.text.DL_GPIO_setPins)
                  00002048    00000018     main.o (.text.DL_GPIO_togglePins)
                  00002060    00000018     ti_msp_dl_config.o (.text.DL_SYSCTL_setBORThreshold)
                  00002078    00000018     ti_msp_dl_config.o (.text.DL_Timer_enablePower)
                  00002090    00000018     ti_msp_dl_config.o (.text.DL_Timer_reset)
                  000020a8    00000018     driverlib.a : dl_timer.o (.text.DL_Timer_setCaptureCompareOutCtl)
                  000020c0    00000018     ti_msp_dl_config.o (.text.DL_Timer_setLoadValue)
                  000020d8    00000018     encoder.o (.text.DL_Timer_startCounter)
                  000020f0    00000018     pwm.o (.text.DL_Timer_startCounter)
                  00002108    00000018     ti_msp_dl_config.o (.text.DL_UART_enablePower)
                  00002120    00000018     ti_msp_dl_config.o (.text.DL_UART_reset)
                  00002138    00000016     encoder.o (.text.DL_GPIO_readPins)
                  0000214e    00000016     ti_msp_dl_config.o (.text.DL_UART_enable)
                  00002164    00000016     libc.a : copy_zero_init.c.obj (.text:decompress:ZI:__TI_zero_init_nomemset)
                  0000217a    00000014     ssd1106.o (.text.DL_GPIO_clearPins)
                  0000218e    00000014     ti_msp_dl_config.o (.text.DL_GPIO_clearPins)
                  000021a2    00000002     --HOLE-- [fill = 0]
                  000021a4    00000014     ti_msp_dl_config.o (.text.DL_SYSCTL_disableSYSPLL)
                  000021b8    00000014     ti_msp_dl_config.o (.text.DL_Timer_enableClock)
                  000021cc    00000014     ti_msp_dl_config.o (.text.DL_Timer_setCCPDirection)
                  000021e0    00000014     encoder.o (.text.DL_Timer_setTimerCount)
                  000021f4    00000014     UART.o (.text.DL_UART_receiveData)
                  00002208    00000012     encoder.o (.text.DL_Timer_getPendingInterrupt)
                  0000221a    00000012     UART.o (.text.DL_UART_getPendingInterrupt)
                  0000222c    00000012     driverlib.a : dl_uart.o (.text.DL_UART_setClockConfig)
                  0000223e    00000012     libc.a : memcpy16.S.obj (.text:TI_memcpy_small)
                  00002250    00000012            : copy_decompress_none.c.obj (.text:decompress:none)
                  00002262    00000002     --HOLE-- [fill = 0]
                  00002264    00000010     ti_msp_dl_config.o (.text.DL_SYSCTL_disableHFXT)
                  00002274    00000010     encoder.o (.text.DL_Timer_getTimerCount)
                  00002284    00000010     driverlib.a : dl_timer.o (.text.DL_Timer_setCaptureCompareValue)
                  00002294    00000010     pwm.o (.text.PWM_init)
                  000022a4    00000010     UART.o (.text.UART_ReturnM1)
                  000022b4    00000010     UART.o (.text.UART_ReturnM2)
                  000022c4    0000000c     encoder.o (.text.Encoder_GetM2)
                  000022d0    0000000a     driverlib.a : dl_common.o (.text.DL_Common_delayCycles)
                  000022da    00000002     --HOLE-- [fill = 0]
                  000022dc    00000008     libclang_rt.builtins.a : aeabi_memcpy.S.obj (.text.__aeabi_memcpy)
                  000022e4    00000004     startup_mspm0g350x_ticlang.o (.text.Default_Handler)
                  000022e8    00000004     startup_mspm0g350x_ticlang.o (.text.Reset_Handler)
                  000022ec    00000004     libc.a : pre_init.c.obj (.text._system_pre_init)
                  000022f0    00000004            : exit.c.obj (.text:abort)
                  000022f4    0000000c     --HOLE-- [fill = 0]

.cinit     0    00002b60    00000040     
                  00002b60    00000017     (.cinit..data.load) [load image, compression = lzss]
                  00002b77    00000001     --HOLE-- [fill = 0]
                  00002b78    0000000c     (__TI_handler_table)
                  00002b84    00000008     (.cinit..bss.load) [load image, compression = zero_init]
                  00002b8c    00000010     (__TI_cinit_table)
                  00002b9c    00000004     --HOLE-- [fill = 0]

.rodata    0    00002300    00000860     
                  00002300    000005f0     ssd1106.o (.rodata.F8X16)
                  000028f0    00000228     ssd1106.o (.rodata.F6x8)
                  00002b18    00000014     ti_msp_dl_config.o (.rodata.gTIMER_0TimerConfig)
                  00002b2c    0000000a     ti_msp_dl_config.o (.rodata.gUART_0Config)
                  00002b36    00000002     ti_msp_dl_config.o (.rodata.gUART_0ClockConfig)
                  00002b38    00000008     ti_msp_dl_config.o (.rodata.gPWM_0Config)
                  00002b40    00000005     main.o (.rodata.str1.176328792963337784071)
                  00002b45    00000005     main.o (.rodata.str1.42969106790848045441)
                  00002b4a    00000005     main.o (.rodata.str1.52501554851255701521)
                  00002b4f    00000005     main.o (.rodata.str1.97993385775340092391)
                  00002b54    00000003     ti_msp_dl_config.o (.rodata.gPWM_0ClockConfig)
                  00002b57    00000003     ti_msp_dl_config.o (.rodata.gQEI_0ClockConfig)
                  00002b5a    00000003     ti_msp_dl_config.o (.rodata.gTIMER_0ClockConfig)
                  00002b5d    00000003     --HOLE-- [fill = 0]

.init_array 
*          0    00000000    00000000     UNINITIALIZED

.binit     0    00000000    00000000     

.bss       0    20200000    00000148     UNINITIALIZED
                  20200000    00000078     (.common:gPWM_0Backup)
                  20200078    00000078     (.common:gQEI_0Backup)
                  202000f0    00000030     (.common:gUART_0Backup)
                  20200120    00000004     (.common:duty_left)
                  20200124    00000004     (.common:duty_right)
                  20200128    00000004     (.common:gpioA)
                  2020012c    00000004     (.common:monitor1)
                  20200130    00000004     (.common:monitor2)
                  20200134    00000004     (.common:speed_left)
                  20200138    00000004     (.common:speed_right)
                  2020013c    00000002     (.common:encoder1)
                  2020013e    00000002     (.common:encoder2)
                  20200140    00000002     (.common:gEncoderCount)
                  20200142    00000001     (.common:M1)
                  20200143    00000001     (.common:M2)
                  20200144    00000001     (.common:flag)
                  20200145    00000001     (.common:gEchoData)
                  20200146    00000001     (.common:stage)
                  20200147    00000001     (.common:stop_flag)

.data      0    20200148    00000048     UNINITIALIZED
                  20200148    00000004     pid.o (.data.d_left)
                  2020014c    00000004     pid.o (.data.d_right)
                  20200150    00000004     pid.o (.data.erro_left0)
                  20200154    00000004     pid.o (.data.erro_left1)
                  20200158    00000004     pid.o (.data.erro_left2)
                  2020015c    00000004     pid.o (.data.erro_right0)
                  20200160    00000004     pid.o (.data.erro_right1)
                  20200164    00000004     pid.o (.data.erro_right2)
                  20200168    00000004     pid.o (.data.i_left)
                  2020016c    00000004     pid.o (.data.i_right)
                  20200170    00000004     pid.o (.data.kd_left)
                  20200174    00000004     pid.o (.data.kd_right)
                  20200178    00000004     pid.o (.data.ki_left)
                  2020017c    00000004     pid.o (.data.ki_right)
                  20200180    00000004     pid.o (.data.kp_left)
                  20200184    00000004     pid.o (.data.kp_right)
                  20200188    00000004     pid.o (.data.p_left)
                  2020018c    00000004     pid.o (.data.p_right)

.stack     0    20207e00    00000200     UNINITIALIZED
                  20207e00    00000004     libc.a : boot_cortex_m.c.obj (.stack)
                  20207e04    000001fc     --HOLE--

__llvm_prf_cnts 
*          0    20200000    00000000     UNINITIALIZED

__llvm_prf_bits 
*          0    20200000    00000000     UNINITIALIZED

MODULE SUMMARY

       Module                         code   ro data   rw data
       ------                         ----   -------   -------
    .\
       ti_msp_dl_config.o             1834   49        288    
       main.o                         296    20        0      
       startup_mspm0g350x_ticlang.o   8      192       0      
    +--+------------------------------+------+---------+---------+
       Total:                         2138   261       288    
                                                              
    .\ENCODER\
       encoder.o                      992    0         34     
    +--+------------------------------+------+---------+---------+
       Total:                         992    0         34     
                                                              
    .\PID\
       pid.o                          432    0         72     
    +--+------------------------------+------+---------+---------+
       Total:                         432    0         72     
                                                              
    .\PWM\
       pwm.o                          144    0         0      
    +--+------------------------------+------+---------+---------+
       Total:                         144    0         0      
                                                              
    .\SSD1106_OLED\
       ssd1106.o                      1684   2072      0      
    +--+------------------------------+------+---------+---------+
       Total:                         1684   2072      0      
                                                              
    .\UART\
       UART.o                         546    0         6      
    +--+------------------------------+------+---------+---------+
       Total:                         546    0         6      
                                                              
    E:/ti/mspm0_sdk_2_01_00_03/source/ti/driverlib/lib/ticlang/m0p/mspm0g1x0x_g3x0x/driverlib.a
       dl_timer.o                     524    0         0      
       dl_uart.o                      90     0         0      
       dl_common.o                    10     0         0      
    +--+------------------------------+------+---------+---------+
       Total:                         624    0         0      
                                                              
    E:\ti\ccstheia141\ccs\tools\compiler\ti-cgt-armllvm_3.2.2.LTS\lib\armv6m-ti-none-eabi/c/libc.a
       copy_decompress_lzss.c.obj     120    0         0      
       autoinit.c.obj                 60     0         0      
       boot_cortex_m.c.obj            40     0         0      
       copy_zero_init.c.obj           22     0         0      
       copy_decompress_none.c.obj     18     0         0      
       memcpy16.S.obj                 18     0         0      
       exit.c.obj                     4      0         0      
       pre_init.c.obj                 4      0         0      
    +--+------------------------------+------+---------+---------+
       Total:                         286    0         0      
                                                              
    E:\ti\ccstheia141\ccs\tools\compiler\ti-cgt-armllvm_3.2.2.LTS\lib\clang/15.0.7/lib/armv6m-ti-none-eabi/libclang_rt.builtins.a
       divdf3.S.obj                   268    0         0      
       muldf3.S.obj                   228    0         0      
       comparedf2.c.obj               220    0         0      
       addsf3.S.obj                   216    0         0      
       mulsf3.S.obj                   140    0         0      
       comparesf2.S.obj               118    0         0      
       truncdfsf2.S.obj               116    0         0      
       aeabi_dcmp.S.obj               98     0         0      
       aeabi_fcmp.S.obj               98     0         0      
       aeabi_uidivmod.S.obj           64     0         0      
       extendsfdf2.S.obj              64     0         0      
       muldsi3.S.obj                  58     0         0      
       fixsfsi.S.obj                  56     0         0      
       fixunssfsi.S.obj               50     0         0      
       floatsidf.S.obj                44     0         0      
       floatunsisf.S.obj              40     0         0      
       aeabi_memcpy.S.obj             8      0         0      
       aeabi_div0.c.obj               2      0         0      
    +--+------------------------------+------+---------+---------+
       Total:                         1888   0         0      
                                                              
       Stack:                         0      0         512    
       Linker Generated:              0      59        0      
    +--+------------------------------+------+---------+---------+
       Grand Total:                   8734   2392      912    


LINKER GENERATED COPY TABLES

__TI_cinit_table @ 00002b8c records: 2, size/record: 8, table size: 16
	.data: load addr=00002b60, load size=00000017 bytes, run addr=20200148, run size=00000048 bytes, compression=lzss
	.bss: load addr=00002b84, load size=00000008 bytes, run addr=20200000, run size=00000148 bytes, compression=zero_init


LINKER GENERATED HANDLER TABLE

__TI_handler_table @ 00002b78 records: 3, size/record: 4, table size: 12
	index: 0, handler: __TI_decompress_lzss
	index: 1, handler: __TI_decompress_none
	index: 2, handler: __TI_zero_init


GLOBAL SYMBOLS: SORTED ALPHABETICALLY BY Name 

address   name                            
-------   ----                            
000022e5  ADC0_IRQHandler                 
000022e5  ADC1_IRQHandler                 
000022e5  AES_IRQHandler                  
000022f0  C$$EXIT                         
000022e5  CANFD0_IRQHandler               
000022e5  DAC0_IRQHandler                 
000022d1  DL_Common_delayCycles           
00000f21  DL_Timer_initPWMMode            
00000855  DL_Timer_initTimerMode          
00001f65  DL_Timer_setCaptCompUpdateMethod
000020a9  DL_Timer_setCaptureCompareOutCtl
00002285  DL_Timer_setCaptureCompareValue 
00001f81  DL_Timer_setClockConfig         
000017f9  DL_UART_init                    
0000222d  DL_UART_setClockConfig          
000022e5  DMA_IRQHandler                  
00000675  Data_Decoder                    
000022e5  Default_Handler                 
00000769  Duty_change                     
000013a5  Encoder_GetM1                   
000022c5  Encoder_GetM2                   
00001889  Encoder_Init                    
000028f0  F6x8                            
00002300  F8X16                           
000022e5  GROUP0_IRQHandler               
00001125  GROUP1_IRQHandler               
00000a21  GetCount                        
000022e5  HardFault_Handler               
000022e5  I2C0_IRQHandler                 
000022e5  I2C1_IRQHandler                 
20200142  M1                              
20200143  M2                              
000022e5  NMI_Handler                     
00000af9  PID_left                        
00000bd1  PID_right                       
000015dd  PWM_SetDuty                     
00002295  PWM_init                        
000022e5  PendSV_Handler                  
000022e5  RTC_IRQHandler                  
000022e9  Reset_Handler                   
000022e5  SPI0_IRQHandler                 
000022e5  SPI1_IRQHandler                 
00001571  SSD1106_Clear                   
00000571  SSD1106_Init                    
0000198d  SSD1106_Set_Pos                 
00000235  SSD1106_ShowChar                
000000c1  SSD1106_ShowFNum                
00000d81  SSD1106_ShowNum                 
00001425  SSD1106_ShowString              
00000fe5  SSD1106_WR_Byte                 
00001c03  SSD1106_pow                     
000022e5  SVC_Handler                     
00000e55  SYSCFG_DL_GPIO_init             
00001231  SYSCFG_DL_PWM_0_init            
000017ad  SYSCFG_DL_QEI_0_init            
00001b9d  SYSCFG_DL_SYSCTL_init           
000019cd  SYSCFG_DL_TIMER_0_init          
00001841  SYSCFG_DL_UART_0_init           
000018cd  SYSCFG_DL_init                  
000012b1  SYSCFG_DL_initPower             
00001e29  Speed_Change                    
000022e5  SysTick_Handler                 
000022e5  TIMA0_IRQHandler                
000022e5  TIMA1_IRQHandler                
00001d69  TIMG0_IRQHandler                
000022e5  TIMG12_IRQHandler               
000022e5  TIMG6_IRQHandler                
000022e5  TIMG7_IRQHandler                
000022e5  TIMG8_IRQHandler                
0000223f  TI_memcpy_small                 
000022e5  UART0_IRQHandler                
000022e5  UART1_IRQHandler                
000022e5  UART2_IRQHandler                
00001af9  UART3_IRQHandler                
00001d91  UART_GetFlag                    
00001c35  UART_Init                       
000022a5  UART_ReturnM1                   
000022b5  UART_ReturnM2                   
20208000  __STACK_END                     
00000200  __STACK_SIZE                    
00000000  __TI_ATRegion0_region_sz        
00000000  __TI_ATRegion0_src_addr         
00000000  __TI_ATRegion0_trg_addr         
00000000  __TI_ATRegion1_region_sz        
00000000  __TI_ATRegion1_src_addr         
00000000  __TI_ATRegion1_trg_addr         
00000000  __TI_ATRegion2_region_sz        
00000000  __TI_ATRegion2_src_addr         
00000000  __TI_ATRegion2_trg_addr         
00002b8c  __TI_CINIT_Base                 
00002b9c  __TI_CINIT_Limit                
00002b9c  __TI_CINIT_Warm                 
00002b78  __TI_Handler_Table_Base         
00002b84  __TI_Handler_Table_Limit        
00001a45  __TI_auto_init_nobinit_nopinit  
0000132d  __TI_decompress_lzss            
00002251  __TI_decompress_none            
ffffffff  __TI_pprof_out_hndl             
ffffffff  __TI_prof_data_size             
ffffffff  __TI_prof_data_start            
00000000  __TI_static_base__              
00002165  __TI_zero_init_nomemset         
00000cb3  __addsf3                        
000013b1  __aeabi_d2f                     
00001645  __aeabi_dcmpeq                  
00001681  __aeabi_dcmpge                  
00001695  __aeabi_dcmpgt                  
0000166d  __aeabi_dcmple                  
00001659  __aeabi_dcmplt                  
00000465  __aeabi_ddiv                    
0000093d  __aeabi_dmul                    
0000194d  __aeabi_f2d                     
00001b31  __aeabi_f2iz                    
00001bd1  __aeabi_f2uiz                   
00000cb3  __aeabi_fadd                    
000016a9  __aeabi_fcmpeq                  
000016e5  __aeabi_fcmpge                  
000016f9  __aeabi_fcmpgt                  
000016d1  __aeabi_fcmple                  
000016bd  __aeabi_fcmplt                  
00001099  __aeabi_fmul                    
00000ca9  __aeabi_fsub                    
00001d15  __aeabi_i2d                     
000015db  __aeabi_idiv0                   
000022dd  __aeabi_memcpy                  
000022dd  __aeabi_memcpy4                 
000022dd  __aeabi_memcpy8                 
00001db9  __aeabi_ui2f                    
0000190d  __aeabi_uidiv                   
0000190d  __aeabi_uidivmod                
ffffffff  __binit__                       
00001505  __cmpdf2                        
00001a81  __cmpsf2                        
00000465  __divdf3                        
00001505  __eqdf2                         
00001a81  __eqsf2                         
0000194d  __extendsfdf2                   
00001b31  __fixsfsi                       
00001bd1  __fixunssfsi                    
00001d15  __floatsidf                     
00001db9  __floatunsisf                   
00001495  __gedf2                         
00001a09  __gesf2                         
00001495  __gtdf2                         
00001a09  __gtsf2                         
00001505  __ledf2                         
00001a81  __lesf2                         
00001505  __ltdf2                         
00001a81  __ltsf2                         
UNDEFED   __mpu_init                      
0000093d  __muldf3                        
00001abd  __muldsi3                       
00001099  __mulsf3                        
00001505  __nedf2                         
00001a81  __nesf2                         
20207e00  __stack                         
20200000  __start___llvm_prf_bits         
20200000  __start___llvm_prf_cnts         
20200000  __stop___llvm_prf_bits          
20200000  __stop___llvm_prf_cnts          
00000ca9  __subsf3                        
000013b1  __truncdfsf2                    
00001de1  _c_int00_noargs                 
UNDEFED   _system_post_cinit              
000022ed  _system_pre_init                
000022f1  abort                           
ffffffff  binit                           
20200148  d_left                          
2020014c  d_right                         
20200120  duty_left                       
20200124  duty_right                      
2020013c  encoder1                        
2020013e  encoder2                        
20200150  erro_left0                      
20200154  erro_left1                      
20200158  erro_left2                      
2020015c  erro_right0                     
20200160  erro_right1                     
20200164  erro_right2                     
20200144  flag                            
20200145  gEchoData                       
20200140  gEncoderCount                   
20200000  gPWM_0Backup                    
20200078  gQEI_0Backup                    
202000f0  gUART_0Backup                   
20200128  gpioA                           
20200168  i_left                          
2020016c  i_right                         
00000000  interruptVectors                
20200170  kd_left                         
20200174  kd_right                        
20200178  ki_left                         
2020017c  ki_right                        
20200180  kp_left                         
20200184  kp_right                        
00000355  main                            
2020012c  monitor1                        
20200130  monitor2                        
20200188  p_left                          
2020018c  p_right                         
20200134  speed_left                      
20200138  speed_right                     
20200146  stage                           
20200147  stop_flag                       


GLOBAL SYMBOLS: SORTED BY Symbol Address 

address   name                            
-------   ----                            
00000000  __TI_ATRegion0_region_sz        
00000000  __TI_ATRegion0_src_addr         
00000000  __TI_ATRegion0_trg_addr         
00000000  __TI_ATRegion1_region_sz        
00000000  __TI_ATRegion1_src_addr         
00000000  __TI_ATRegion1_trg_addr         
00000000  __TI_ATRegion2_region_sz        
00000000  __TI_ATRegion2_src_addr         
00000000  __TI_ATRegion2_trg_addr         
00000000  __TI_static_base__              
00000000  interruptVectors                
000000c1  SSD1106_ShowFNum                
00000200  __STACK_SIZE                    
00000235  SSD1106_ShowChar                
00000355  main                            
00000465  __aeabi_ddiv                    
00000465  __divdf3                        
00000571  SSD1106_Init                    
00000675  Data_Decoder                    
00000769  Duty_change                     
00000855  DL_Timer_initTimerMode          
0000093d  __aeabi_dmul                    
0000093d  __muldf3                        
00000a21  GetCount                        
00000af9  PID_left                        
00000bd1  PID_right                       
00000ca9  __aeabi_fsub                    
00000ca9  __subsf3                        
00000cb3  __addsf3                        
00000cb3  __aeabi_fadd                    
00000d81  SSD1106_ShowNum                 
00000e55  SYSCFG_DL_GPIO_init             
00000f21  DL_Timer_initPWMMode            
00000fe5  SSD1106_WR_Byte                 
00001099  __aeabi_fmul                    
00001099  __mulsf3                        
00001125  GROUP1_IRQHandler               
00001231  SYSCFG_DL_PWM_0_init            
000012b1  SYSCFG_DL_initPower             
0000132d  __TI_decompress_lzss            
000013a5  Encoder_GetM1                   
000013b1  __aeabi_d2f                     
000013b1  __truncdfsf2                    
00001425  SSD1106_ShowString              
00001495  __gedf2                         
00001495  __gtdf2                         
00001505  __cmpdf2                        
00001505  __eqdf2                         
00001505  __ledf2                         
00001505  __ltdf2                         
00001505  __nedf2                         
00001571  SSD1106_Clear                   
000015db  __aeabi_idiv0                   
000015dd  PWM_SetDuty                     
00001645  __aeabi_dcmpeq                  
00001659  __aeabi_dcmplt                  
0000166d  __aeabi_dcmple                  
00001681  __aeabi_dcmpge                  
00001695  __aeabi_dcmpgt                  
000016a9  __aeabi_fcmpeq                  
000016bd  __aeabi_fcmplt                  
000016d1  __aeabi_fcmple                  
000016e5  __aeabi_fcmpge                  
000016f9  __aeabi_fcmpgt                  
000017ad  SYSCFG_DL_QEI_0_init            
000017f9  DL_UART_init                    
00001841  SYSCFG_DL_UART_0_init           
00001889  Encoder_Init                    
000018cd  SYSCFG_DL_init                  
0000190d  __aeabi_uidiv                   
0000190d  __aeabi_uidivmod                
0000194d  __aeabi_f2d                     
0000194d  __extendsfdf2                   
0000198d  SSD1106_Set_Pos                 
000019cd  SYSCFG_DL_TIMER_0_init          
00001a09  __gesf2                         
00001a09  __gtsf2                         
00001a45  __TI_auto_init_nobinit_nopinit  
00001a81  __cmpsf2                        
00001a81  __eqsf2                         
00001a81  __lesf2                         
00001a81  __ltsf2                         
00001a81  __nesf2                         
00001abd  __muldsi3                       
00001af9  UART3_IRQHandler                
00001b31  __aeabi_f2iz                    
00001b31  __fixsfsi                       
00001b9d  SYSCFG_DL_SYSCTL_init           
00001bd1  __aeabi_f2uiz                   
00001bd1  __fixunssfsi                    
00001c03  SSD1106_pow                     
00001c35  UART_Init                       
00001d15  __aeabi_i2d                     
00001d15  __floatsidf                     
00001d69  TIMG0_IRQHandler                
00001d91  UART_GetFlag                    
00001db9  __aeabi_ui2f                    
00001db9  __floatunsisf                   
00001de1  _c_int00_noargs                 
00001e29  Speed_Change                    
00001f65  DL_Timer_setCaptCompUpdateMethod
00001f81  DL_Timer_setClockConfig         
000020a9  DL_Timer_setCaptureCompareOutCtl
00002165  __TI_zero_init_nomemset         
0000222d  DL_UART_setClockConfig          
0000223f  TI_memcpy_small                 
00002251  __TI_decompress_none            
00002285  DL_Timer_setCaptureCompareValue 
00002295  PWM_init                        
000022a5  UART_ReturnM1                   
000022b5  UART_ReturnM2                   
000022c5  Encoder_GetM2                   
000022d1  DL_Common_delayCycles           
000022dd  __aeabi_memcpy                  
000022dd  __aeabi_memcpy4                 
000022dd  __aeabi_memcpy8                 
000022e5  ADC0_IRQHandler                 
000022e5  ADC1_IRQHandler                 
000022e5  AES_IRQHandler                  
000022e5  CANFD0_IRQHandler               
000022e5  DAC0_IRQHandler                 
000022e5  DMA_IRQHandler                  
000022e5  Default_Handler                 
000022e5  GROUP0_IRQHandler               
000022e5  HardFault_Handler               
000022e5  I2C0_IRQHandler                 
000022e5  I2C1_IRQHandler                 
000022e5  NMI_Handler                     
000022e5  PendSV_Handler                  
000022e5  RTC_IRQHandler                  
000022e5  SPI0_IRQHandler                 
000022e5  SPI1_IRQHandler                 
000022e5  SVC_Handler                     
000022e5  SysTick_Handler                 
000022e5  TIMA0_IRQHandler                
000022e5  TIMA1_IRQHandler                
000022e5  TIMG12_IRQHandler               
000022e5  TIMG6_IRQHandler                
000022e5  TIMG7_IRQHandler                
000022e5  TIMG8_IRQHandler                
000022e5  UART0_IRQHandler                
000022e5  UART1_IRQHandler                
000022e5  UART2_IRQHandler                
000022e9  Reset_Handler                   
000022ed  _system_pre_init                
000022f0  C$$EXIT                         
000022f1  abort                           
00002300  F8X16                           
000028f0  F6x8                            
00002b78  __TI_Handler_Table_Base         
00002b84  __TI_Handler_Table_Limit        
00002b8c  __TI_CINIT_Base                 
00002b9c  __TI_CINIT_Limit                
00002b9c  __TI_CINIT_Warm                 
20200000  __start___llvm_prf_bits         
20200000  __start___llvm_prf_cnts         
20200000  __stop___llvm_prf_bits          
20200000  __stop___llvm_prf_cnts          
20200000  gPWM_0Backup                    
20200078  gQEI_0Backup                    
202000f0  gUART_0Backup                   
20200120  duty_left                       
20200124  duty_right                      
20200128  gpioA                           
2020012c  monitor1                        
20200130  monitor2                        
20200134  speed_left                      
20200138  speed_right                     
2020013c  encoder1                        
2020013e  encoder2                        
20200140  gEncoderCount                   
20200142  M1                              
20200143  M2                              
20200144  flag                            
20200145  gEchoData                       
20200146  stage                           
20200147  stop_flag                       
20200148  d_left                          
2020014c  d_right                         
20200150  erro_left0                      
20200154  erro_left1                      
20200158  erro_left2                      
2020015c  erro_right0                     
20200160  erro_right1                     
20200164  erro_right2                     
20200168  i_left                          
2020016c  i_right                         
20200170  kd_left                         
20200174  kd_right                        
20200178  ki_left                         
2020017c  ki_right                        
20200180  kp_left                         
20200184  kp_right                        
20200188  p_left                          
2020018c  p_right                         
20207e00  __stack                         
20208000  __STACK_END                     
ffffffff  __TI_pprof_out_hndl             
ffffffff  __TI_prof_data_size             
ffffffff  __TI_prof_data_start            
ffffffff  __binit__                       
ffffffff  binit                           
UNDEFED   __mpu_init                      
UNDEFED   _system_post_cinit              

[204 symbols]
