<?xml version="1.0" encoding="ISO-8859-1" ?>
<link_info>
   <banner>TI ARM Clang Linker PC v3.2.2.LTS</banner>
   <copyright>Copyright (c) 1996-2018 Texas Instruments Incorporated</copyright>
   <link_time>0x66a9ed67</link_time>
   <link_errors>0x0</link_errors>
   <output_file>C:\Users\HMRda\workspace_ccstheia\empty_LP_MSPM0G3507_nortos_ticlang\Debug\empty_LP_MSPM0G3507_nortos_ticlang.out</output_file>
   <entry_point>
      <name>_c_int00_noargs</name>
      <address>0x1de1</address>
   </entry_point>
   <input_file_list>
      <input_file id="fl-1">
         <path>C:\Users\HMRda\workspace_ccstheia\empty_LP_MSPM0G3507_nortos_ticlang\Debug\.\</path>
         <kind>object</kind>
         <file>ti_msp_dl_config.o</file>
         <name>ti_msp_dl_config.o</name>
      </input_file>
      <input_file id="fl-2">
         <path>C:\Users\HMRda\workspace_ccstheia\empty_LP_MSPM0G3507_nortos_ticlang\Debug\.\</path>
         <kind>object</kind>
         <file>startup_mspm0g350x_ticlang.o</file>
         <name>startup_mspm0g350x_ticlang.o</name>
      </input_file>
      <input_file id="fl-3">
         <path>C:\Users\HMRda\workspace_ccstheia\empty_LP_MSPM0G3507_nortos_ticlang\Debug\.\</path>
         <kind>object</kind>
         <file>main.o</file>
         <name>main.o</name>
      </input_file>
      <input_file id="fl-4">
         <path>C:\Users\HMRda\workspace_ccstheia\empty_LP_MSPM0G3507_nortos_ticlang\Debug\.\Delay\</path>
         <kind>object</kind>
         <file>delay.o</file>
         <name>delay.o</name>
      </input_file>
      <input_file id="fl-5">
         <path>C:\Users\HMRda\workspace_ccstheia\empty_LP_MSPM0G3507_nortos_ticlang\Debug\.\ENCODER\</path>
         <kind>object</kind>
         <file>encoder.o</file>
         <name>encoder.o</name>
      </input_file>
      <input_file id="fl-6">
         <path>C:\Users\HMRda\workspace_ccstheia\empty_LP_MSPM0G3507_nortos_ticlang\Debug\.\PID\</path>
         <kind>object</kind>
         <file>pid.o</file>
         <name>pid.o</name>
      </input_file>
      <input_file id="fl-7">
         <path>C:\Users\HMRda\workspace_ccstheia\empty_LP_MSPM0G3507_nortos_ticlang\Debug\.\PWM\</path>
         <kind>object</kind>
         <file>pwm.o</file>
         <name>pwm.o</name>
      </input_file>
      <input_file id="fl-8">
         <path>C:\Users\HMRda\workspace_ccstheia\empty_LP_MSPM0G3507_nortos_ticlang\Debug\.\SSD1106_OLED\</path>
         <kind>object</kind>
         <file>ssd1106.o</file>
         <name>ssd1106.o</name>
      </input_file>
      <input_file id="fl-9">
         <path>C:\Users\HMRda\workspace_ccstheia\empty_LP_MSPM0G3507_nortos_ticlang\Debug\.\UART\</path>
         <kind>object</kind>
         <file>UART.o</file>
         <name>UART.o</name>
      </input_file>
      <input_file id="fl-16">
         <path>C:\Users\HMRda\workspace_ccstheia\empty_LP_MSPM0G3507_nortos_ticlang\Debug\</path>
         <kind>object</kind>
         <file>&lt;internal&gt;</file>
         <name>&lt;internal&gt;</name>
      </input_file>
      <input_file id="fl-17">
         <path>E:\ti\mspm0_sdk_2_01_00_03\source\ti\driverlib\lib\ticlang\m0p\mspm0g1x0x_g3x0x\</path>
         <kind>archive</kind>
         <file>driverlib.a</file>
         <name>dl_common.o</name>
      </input_file>
      <input_file id="fl-18">
         <path>E:\ti\mspm0_sdk_2_01_00_03\source\ti\driverlib\lib\ticlang\m0p\mspm0g1x0x_g3x0x\</path>
         <kind>archive</kind>
         <file>driverlib.a</file>
         <name>dl_timer.o</name>
      </input_file>
      <input_file id="fl-19">
         <path>E:\ti\mspm0_sdk_2_01_00_03\source\ti\driverlib\lib\ticlang\m0p\mspm0g1x0x_g3x0x\</path>
         <kind>archive</kind>
         <file>driverlib.a</file>
         <name>dl_uart.o</name>
      </input_file>
      <input_file id="fl-28">
         <path>E:\ti\ccstheia141\ccs\tools\compiler\ti-cgt-armllvm_3.2.2.LTS\lib\armv6m-ti-none-eabi\c\</path>
         <kind>archive</kind>
         <file>libc.a</file>
         <name>boot_cortex_m.c.obj</name>
      </input_file>
      <input_file id="fl-29">
         <path>E:\ti\ccstheia141\ccs\tools\compiler\ti-cgt-armllvm_3.2.2.LTS\lib\armv6m-ti-none-eabi\c\</path>
         <kind>archive</kind>
         <file>libc.a</file>
         <name>mathacl_init.c.obj</name>
      </input_file>
      <input_file id="fl-2a">
         <path>E:\ti\ccstheia141\ccs\tools\compiler\ti-cgt-armllvm_3.2.2.LTS\lib\armv6m-ti-none-eabi\c\</path>
         <kind>archive</kind>
         <file>libc.a</file>
         <name>autoinit.c.obj</name>
      </input_file>
      <input_file id="fl-2b">
         <path>E:\ti\ccstheia141\ccs\tools\compiler\ti-cgt-armllvm_3.2.2.LTS\lib\armv6m-ti-none-eabi\c\</path>
         <kind>archive</kind>
         <file>libc.a</file>
         <name>pre_init.c.obj</name>
      </input_file>
      <input_file id="fl-2c">
         <path>E:\ti\ccstheia141\ccs\tools\compiler\ti-cgt-armllvm_3.2.2.LTS\lib\armv6m-ti-none-eabi\c\</path>
         <kind>archive</kind>
         <file>libc.a</file>
         <name>cpy_tbl.c.obj</name>
      </input_file>
      <input_file id="fl-2d">
         <path>E:\ti\ccstheia141\ccs\tools\compiler\ti-cgt-armllvm_3.2.2.LTS\lib\armv6m-ti-none-eabi\c\</path>
         <kind>archive</kind>
         <file>libc.a</file>
         <name>copy_zero_init.c.obj</name>
      </input_file>
      <input_file id="fl-2e">
         <path>E:\ti\ccstheia141\ccs\tools\compiler\ti-cgt-armllvm_3.2.2.LTS\lib\armv6m-ti-none-eabi\c\</path>
         <kind>archive</kind>
         <file>libc.a</file>
         <name>copy_decompress_none.c.obj</name>
      </input_file>
      <input_file id="fl-2f">
         <path>E:\ti\ccstheia141\ccs\tools\compiler\ti-cgt-armllvm_3.2.2.LTS\lib\armv6m-ti-none-eabi\c\</path>
         <kind>archive</kind>
         <file>libc.a</file>
         <name>copy_decompress_lzss.c.obj</name>
      </input_file>
      <input_file id="fl-30">
         <path>E:\ti\ccstheia141\ccs\tools\compiler\ti-cgt-armllvm_3.2.2.LTS\lib\armv6m-ti-none-eabi\c\</path>
         <kind>archive</kind>
         <file>libc.a</file>
         <name>exit.c.obj</name>
      </input_file>
      <input_file id="fl-31">
         <path>E:\ti\ccstheia141\ccs\tools\compiler\ti-cgt-armllvm_3.2.2.LTS\lib\armv6m-ti-none-eabi\c\</path>
         <kind>archive</kind>
         <file>libc.a</file>
         <name>_lock.c.obj</name>
      </input_file>
      <input_file id="fl-32">
         <path>E:\ti\ccstheia141\ccs\tools\compiler\ti-cgt-armllvm_3.2.2.LTS\lib\armv6m-ti-none-eabi\c\</path>
         <kind>archive</kind>
         <file>libc.a</file>
         <name>args_main.c.obj</name>
      </input_file>
      <input_file id="fl-98">
         <path>E:\ti\ccstheia141\ccs\tools\compiler\ti-cgt-armllvm_3.2.2.LTS\lib\clang\15.0.7\lib\armv6m-ti-none-eabi\</path>
         <kind>archive</kind>
         <file>libclang_rt.builtins.a</file>
         <name>addsf3.S.obj</name>
      </input_file>
      <input_file id="fl-99">
         <path>E:\ti\ccstheia141\ccs\tools\compiler\ti-cgt-armllvm_3.2.2.LTS\lib\clang\15.0.7\lib\armv6m-ti-none-eabi\</path>
         <kind>archive</kind>
         <file>libclang_rt.builtins.a</file>
         <name>muldf3.S.obj</name>
      </input_file>
      <input_file id="fl-9a">
         <path>E:\ti\ccstheia141\ccs\tools\compiler\ti-cgt-armllvm_3.2.2.LTS\lib\clang\15.0.7\lib\armv6m-ti-none-eabi\</path>
         <kind>archive</kind>
         <file>libclang_rt.builtins.a</file>
         <name>muldsi3.S.obj</name>
      </input_file>
      <input_file id="fl-9b">
         <path>E:\ti\ccstheia141\ccs\tools\compiler\ti-cgt-armllvm_3.2.2.LTS\lib\clang\15.0.7\lib\armv6m-ti-none-eabi\</path>
         <kind>archive</kind>
         <file>libclang_rt.builtins.a</file>
         <name>mulsf3.S.obj</name>
      </input_file>
      <input_file id="fl-9c">
         <path>E:\ti\ccstheia141\ccs\tools\compiler\ti-cgt-armllvm_3.2.2.LTS\lib\clang\15.0.7\lib\armv6m-ti-none-eabi\</path>
         <kind>archive</kind>
         <file>libclang_rt.builtins.a</file>
         <name>divdf3.S.obj</name>
      </input_file>
      <input_file id="fl-9d">
         <path>E:\ti\ccstheia141\ccs\tools\compiler\ti-cgt-armllvm_3.2.2.LTS\lib\clang\15.0.7\lib\armv6m-ti-none-eabi\</path>
         <kind>archive</kind>
         <file>libclang_rt.builtins.a</file>
         <name>extendsfdf2.S.obj</name>
      </input_file>
      <input_file id="fl-9e">
         <path>E:\ti\ccstheia141\ccs\tools\compiler\ti-cgt-armllvm_3.2.2.LTS\lib\clang\15.0.7\lib\armv6m-ti-none-eabi\</path>
         <kind>archive</kind>
         <file>libclang_rt.builtins.a</file>
         <name>fixsfsi.S.obj</name>
      </input_file>
      <input_file id="fl-9f">
         <path>E:\ti\ccstheia141\ccs\tools\compiler\ti-cgt-armllvm_3.2.2.LTS\lib\clang\15.0.7\lib\armv6m-ti-none-eabi\</path>
         <kind>archive</kind>
         <file>libclang_rt.builtins.a</file>
         <name>fixunssfsi.S.obj</name>
      </input_file>
      <input_file id="fl-a0">
         <path>E:\ti\ccstheia141\ccs\tools\compiler\ti-cgt-armllvm_3.2.2.LTS\lib\clang\15.0.7\lib\armv6m-ti-none-eabi\</path>
         <kind>archive</kind>
         <file>libclang_rt.builtins.a</file>
         <name>floatsidf.S.obj</name>
      </input_file>
      <input_file id="fl-a1">
         <path>E:\ti\ccstheia141\ccs\tools\compiler\ti-cgt-armllvm_3.2.2.LTS\lib\clang\15.0.7\lib\armv6m-ti-none-eabi\</path>
         <kind>archive</kind>
         <file>libclang_rt.builtins.a</file>
         <name>floatunsisf.S.obj</name>
      </input_file>
      <input_file id="fl-a2">
         <path>E:\ti\ccstheia141\ccs\tools\compiler\ti-cgt-armllvm_3.2.2.LTS\lib\clang\15.0.7\lib\armv6m-ti-none-eabi\</path>
         <kind>archive</kind>
         <file>libclang_rt.builtins.a</file>
         <name>truncdfsf2.S.obj</name>
      </input_file>
      <input_file id="fl-a3">
         <path>E:\ti\ccstheia141\ccs\tools\compiler\ti-cgt-armllvm_3.2.2.LTS\lib\clang\15.0.7\lib\armv6m-ti-none-eabi\</path>
         <kind>archive</kind>
         <file>libclang_rt.builtins.a</file>
         <name>aeabi_dcmp.S.obj</name>
      </input_file>
      <input_file id="fl-a4">
         <path>E:\ti\ccstheia141\ccs\tools\compiler\ti-cgt-armllvm_3.2.2.LTS\lib\clang\15.0.7\lib\armv6m-ti-none-eabi\</path>
         <kind>archive</kind>
         <file>libclang_rt.builtins.a</file>
         <name>aeabi_fcmp.S.obj</name>
      </input_file>
      <input_file id="fl-a5">
         <path>E:\ti\ccstheia141\ccs\tools\compiler\ti-cgt-armllvm_3.2.2.LTS\lib\clang\15.0.7\lib\armv6m-ti-none-eabi\</path>
         <kind>archive</kind>
         <file>libclang_rt.builtins.a</file>
         <name>aeabi_memcpy.S.obj</name>
      </input_file>
      <input_file id="fl-a6">
         <path>E:\ti\ccstheia141\ccs\tools\compiler\ti-cgt-armllvm_3.2.2.LTS\lib\clang\15.0.7\lib\armv6m-ti-none-eabi\</path>
         <kind>archive</kind>
         <file>libclang_rt.builtins.a</file>
         <name>aeabi_memset.S.obj</name>
      </input_file>
      <input_file id="fl-a7">
         <path>E:\ti\ccstheia141\ccs\tools\compiler\ti-cgt-armllvm_3.2.2.LTS\lib\clang\15.0.7\lib\armv6m-ti-none-eabi\</path>
         <kind>archive</kind>
         <file>libclang_rt.builtins.a</file>
         <name>aeabi_uidivmod.S.obj</name>
      </input_file>
      <input_file id="fl-a8">
         <path>E:\ti\ccstheia141\ccs\tools\compiler\ti-cgt-armllvm_3.2.2.LTS\lib\clang\15.0.7\lib\armv6m-ti-none-eabi\</path>
         <kind>archive</kind>
         <file>libclang_rt.builtins.a</file>
         <name>comparesf2.S.obj</name>
      </input_file>
      <input_file id="fl-a9">
         <path>E:\ti\ccstheia141\ccs\tools\compiler\ti-cgt-armllvm_3.2.2.LTS\lib\clang\15.0.7\lib\armv6m-ti-none-eabi\</path>
         <kind>archive</kind>
         <file>libclang_rt.builtins.a</file>
         <name>comparedf2.c.obj</name>
      </input_file>
      <input_file id="fl-aa">
         <path>E:\ti\ccstheia141\ccs\tools\compiler\ti-cgt-armllvm_3.2.2.LTS\lib\clang\15.0.7\lib\armv6m-ti-none-eabi\</path>
         <kind>archive</kind>
         <file>libclang_rt.builtins.a</file>
         <name>aeabi_div0.c.obj</name>
      </input_file>
      <input_file id="fl-ab">
         <path>E:\ti\ccstheia141\ccs\tools\compiler\ti-cgt-armllvm_3.2.2.LTS\lib\armv6m-ti-none-eabi\c\</path>
         <kind>archive</kind>
         <file>libc.a</file>
         <name>memcpy16.S.obj</name>
      </input_file>
      <input_file id="fl-ac">
         <path>E:\ti\ccstheia141\ccs\tools\compiler\ti-cgt-armllvm_3.2.2.LTS\lib\armv6m-ti-none-eabi\c\</path>
         <kind>archive</kind>
         <file>libc.a</file>
         <name>memset16.S.obj</name>
      </input_file>
   </input_file_list>
   <object_component_list>
      <object_component id="oc-18">
         <name>.intvecs</name>
         <load_address>0x0</load_address>
         <readonly>true</readonly>
         <run_address>0x0</run_address>
         <size>0xc0</size>
         <alignment>0x4</alignment>
         <input_file_ref idref="fl-2"/>
      </object_component>
      <object_component id="oc-ef">
         <name>.text.SSD1106_ShowFNum</name>
         <load_address>0xc0</load_address>
         <readonly>true</readonly>
         <executable>true</executable>
         <run_address>0xc0</run_address>
         <size>0x174</size>
         <alignment>0x2</alignment>
         <input_file_ref idref="fl-8"/>
      </object_component>
      <object_component id="oc-16a">
         <name>.text.SSD1106_ShowChar</name>
         <load_address>0x234</load_address>
         <readonly>true</readonly>
         <executable>true</executable>
         <run_address>0x234</run_address>
         <size>0x120</size>
         <alignment>0x4</alignment>
         <input_file_ref idref="fl-8"/>
      </object_component>
      <object_component id="oc-80">
         <name>.text.main</name>
         <load_address>0x354</load_address>
         <readonly>true</readonly>
         <executable>true</executable>
         <run_address>0x354</run_address>
         <size>0x110</size>
         <alignment>0x4</alignment>
         <input_file_ref idref="fl-3"/>
      </object_component>
      <object_component id="oc-a1">
         <name>.text.__divdf3</name>
         <load_address>0x464</load_address>
         <readonly>true</readonly>
         <executable>true</executable>
         <run_address>0x464</run_address>
         <size>0x10c</size>
         <alignment>0x4</alignment>
         <input_file_ref idref="fl-9c"/>
      </object_component>
      <object_component id="oc-da">
         <name>.text.SSD1106_Init</name>
         <load_address>0x570</load_address>
         <readonly>true</readonly>
         <executable>true</executable>
         <run_address>0x570</run_address>
         <size>0x104</size>
         <alignment>0x2</alignment>
         <input_file_ref idref="fl-8"/>
      </object_component>
      <object_component id="oc-6a">
         <name>.text.Data_Decoder</name>
         <load_address>0x674</load_address>
         <readonly>true</readonly>
         <executable>true</executable>
         <run_address>0x674</run_address>
         <size>0xf4</size>
         <alignment>0x4</alignment>
         <input_file_ref idref="fl-9"/>
      </object_component>
      <object_component id="oc-71">
         <name>.text.Duty_change</name>
         <load_address>0x768</load_address>
         <readonly>true</readonly>
         <executable>true</executable>
         <run_address>0x768</run_address>
         <size>0xec</size>
         <alignment>0x4</alignment>
         <input_file_ref idref="fl-5"/>
      </object_component>
      <object_component id="oc-1ac">
         <name>.text.DL_Timer_initTimerMode</name>
         <load_address>0x854</load_address>
         <readonly>true</readonly>
         <executable>true</executable>
         <run_address>0x854</run_address>
         <size>0xe8</size>
         <alignment>0x4</alignment>
         <input_file_ref idref="fl-18"/>
      </object_component>
      <object_component id="oc-9d">
         <name>.text.__muldf3</name>
         <load_address>0x93c</load_address>
         <readonly>true</readonly>
         <executable>true</executable>
         <run_address>0x93c</run_address>
         <size>0xe4</size>
         <alignment>0x4</alignment>
         <input_file_ref idref="fl-99"/>
      </object_component>
      <object_component id="oc-70">
         <name>.text.GetCount</name>
         <load_address>0xa20</load_address>
         <readonly>true</readonly>
         <executable>true</executable>
         <run_address>0xa20</run_address>
         <size>0xd8</size>
         <alignment>0x4</alignment>
         <input_file_ref idref="fl-5"/>
      </object_component>
      <object_component id="oc-ae">
         <name>.text.PID_left</name>
         <load_address>0xaf8</load_address>
         <readonly>true</readonly>
         <executable>true</executable>
         <run_address>0xaf8</run_address>
         <size>0xd8</size>
         <alignment>0x4</alignment>
         <input_file_ref idref="fl-6"/>
      </object_component>
      <object_component id="oc-b7">
         <name>.text.PID_right</name>
         <load_address>0xbd0</load_address>
         <readonly>true</readonly>
         <executable>true</executable>
         <run_address>0xbd0</run_address>
         <size>0xd8</size>
         <alignment>0x4</alignment>
         <input_file_ref idref="fl-6"/>
      </object_component>
      <object_component id="oc-b3">
         <name>.text</name>
         <load_address>0xca8</load_address>
         <readonly>true</readonly>
         <executable>true</executable>
         <run_address>0xca8</run_address>
         <size>0xd8</size>
         <alignment>0x4</alignment>
         <input_file_ref idref="fl-98"/>
      </object_component>
      <object_component id="oc-ec">
         <name>.text.SSD1106_ShowNum</name>
         <load_address>0xd80</load_address>
         <readonly>true</readonly>
         <executable>true</executable>
         <run_address>0xd80</run_address>
         <size>0xd4</size>
         <alignment>0x2</alignment>
         <input_file_ref idref="fl-8"/>
      </object_component>
      <object_component id="oc-155">
         <name>.text.SYSCFG_DL_GPIO_init</name>
         <load_address>0xe54</load_address>
         <readonly>true</readonly>
         <executable>true</executable>
         <run_address>0xe54</run_address>
         <size>0xcc</size>
         <alignment>0x4</alignment>
         <input_file_ref idref="fl-1"/>
      </object_component>
      <object_component id="oc-1a2">
         <name>.text.DL_Timer_initPWMMode</name>
         <load_address>0xf20</load_address>
         <readonly>true</readonly>
         <executable>true</executable>
         <run_address>0xf20</run_address>
         <size>0xc4</size>
         <alignment>0x4</alignment>
         <input_file_ref idref="fl-18"/>
      </object_component>
      <object_component id="oc-165">
         <name>.text.SSD1106_WR_Byte</name>
         <load_address>0xfe4</load_address>
         <readonly>true</readonly>
         <executable>true</executable>
         <run_address>0xfe4</run_address>
         <size>0xb4</size>
         <alignment>0x4</alignment>
         <input_file_ref idref="fl-8"/>
      </object_component>
      <object_component id="oc-110">
         <name>.text.__mulsf3</name>
         <load_address>0x1098</load_address>
         <readonly>true</readonly>
         <executable>true</executable>
         <run_address>0x1098</run_address>
         <size>0x8c</size>
         <alignment>0x4</alignment>
         <input_file_ref idref="fl-9b"/>
      </object_component>
      <object_component id="oc-34">
         <name>.text.GROUP1_IRQHandler</name>
         <load_address>0x1124</load_address>
         <readonly>true</readonly>
         <executable>true</executable>
         <run_address>0x1124</run_address>
         <size>0x88</size>
         <alignment>0x4</alignment>
         <input_file_ref idref="fl-5"/>
      </object_component>
      <object_component id="oc-1a0">
         <name>.text.__NVIC_SetPriority</name>
         <load_address>0x11ac</load_address>
         <readonly>true</readonly>
         <executable>true</executable>
         <run_address>0x11ac</run_address>
         <size>0x84</size>
         <alignment>0x4</alignment>
         <input_file_ref idref="fl-1"/>
      </object_component>
      <object_component id="oc-157">
         <name>.text.SYSCFG_DL_PWM_0_init</name>
         <load_address>0x1230</load_address>
         <readonly>true</readonly>
         <executable>true</executable>
         <run_address>0x1230</run_address>
         <size>0x80</size>
         <alignment>0x4</alignment>
         <input_file_ref idref="fl-1"/>
      </object_component>
      <object_component id="oc-154">
         <name>.text.SYSCFG_DL_initPower</name>
         <load_address>0x12b0</load_address>
         <readonly>true</readonly>
         <executable>true</executable>
         <run_address>0x12b0</run_address>
         <size>0x7c</size>
         <alignment>0x4</alignment>
         <input_file_ref idref="fl-1"/>
      </object_component>
      <object_component id="oc-1c">
         <name>.text:decompress:lzss</name>
         <load_address>0x132c</load_address>
         <readonly>true</readonly>
         <executable>true</executable>
         <run_address>0x132c</run_address>
         <size>0x78</size>
         <alignment>0x4</alignment>
         <input_file_ref idref="fl-2f"/>
      </object_component>
      <object_component id="oc-ee">
         <name>.text.Encoder_GetM1</name>
         <load_address>0x13a4</load_address>
         <readonly>true</readonly>
         <executable>true</executable>
         <run_address>0x13a4</run_address>
         <size>0xc</size>
         <alignment>0x4</alignment>
         <input_file_ref idref="fl-5"/>
      </object_component>
      <object_component id="oc-a5">
         <name>.text.__truncdfsf2</name>
         <load_address>0x13b0</load_address>
         <readonly>true</readonly>
         <executable>true</executable>
         <run_address>0x13b0</run_address>
         <size>0x74</size>
         <alignment>0x10</alignment>
         <input_file_ref idref="fl-a2"/>
      </object_component>
      <object_component id="oc-df">
         <name>.text.SSD1106_ShowString</name>
         <load_address>0x1424</load_address>
         <readonly>true</readonly>
         <executable>true</executable>
         <run_address>0x1424</run_address>
         <size>0x70</size>
         <alignment>0x2</alignment>
         <input_file_ref idref="fl-8"/>
      </object_component>
      <object_component id="oc-144">
         <name>.text.__gedf2</name>
         <load_address>0x1494</load_address>
         <readonly>true</readonly>
         <executable>true</executable>
         <run_address>0x1494</run_address>
         <size>0x70</size>
         <alignment>0x4</alignment>
         <input_file_ref idref="fl-a9"/>
      </object_component>
      <object_component id="oc-13e">
         <name>.text.__ledf2</name>
         <load_address>0x1504</load_address>
         <readonly>true</readonly>
         <executable>true</executable>
         <run_address>0x1504</run_address>
         <size>0x6c</size>
         <alignment>0x4</alignment>
         <input_file_ref idref="fl-a9"/>
      </object_component>
      <object_component id="oc-166">
         <name>.text.SSD1106_Clear</name>
         <load_address>0x1570</load_address>
         <readonly>true</readonly>
         <executable>true</executable>
         <run_address>0x1570</run_address>
         <size>0x6a</size>
         <alignment>0x2</alignment>
         <input_file_ref idref="fl-8"/>
      </object_component>
      <object_component id="oc-1c1">
         <name>.text.__aeabi_idiv0</name>
         <load_address>0x15da</load_address>
         <readonly>true</readonly>
         <executable>true</executable>
         <run_address>0x15da</run_address>
         <size>0x2</size>
         <alignment>0x2</alignment>
         <input_file_ref idref="fl-aa"/>
      </object_component>
      <object_component id="oc-8f">
         <name>.text.PWM_SetDuty</name>
         <load_address>0x15dc</load_address>
         <readonly>true</readonly>
         <executable>true</executable>
         <run_address>0x15dc</run_address>
         <size>0x68</size>
         <alignment>0x4</alignment>
         <input_file_ref idref="fl-7"/>
      </object_component>
      <object_component id="oc-bc">
         <name>.text.__aeabi_dcmp</name>
         <load_address>0x1644</load_address>
         <readonly>true</readonly>
         <executable>true</executable>
         <run_address>0x1644</run_address>
         <size>0x62</size>
         <alignment>0x4</alignment>
         <input_file_ref idref="fl-a3"/>
      </object_component>
      <object_component id="oc-c0">
         <name>.text.__aeabi_fcmp</name>
         <load_address>0x16a8</load_address>
         <readonly>true</readonly>
         <executable>true</executable>
         <run_address>0x16a8</run_address>
         <size>0x62</size>
         <alignment>0x4</alignment>
         <input_file_ref idref="fl-a4"/>
      </object_component>
      <object_component id="oc-1a9">
         <name>.text.DL_Timer_configQEI</name>
         <load_address>0x170c</load_address>
         <readonly>true</readonly>
         <executable>true</executable>
         <run_address>0x170c</run_address>
         <size>0x54</size>
         <alignment>0x4</alignment>
         <input_file_ref idref="fl-1"/>
      </object_component>
      <object_component id="oc-1b8">
         <name>.text.DL_UART_setBaudRateDivisor</name>
         <load_address>0x1760</load_address>
         <readonly>true</readonly>
         <executable>true</executable>
         <run_address>0x1760</run_address>
         <size>0x4c</size>
         <alignment>0x4</alignment>
         <input_file_ref idref="fl-1"/>
      </object_component>
      <object_component id="oc-158">
         <name>.text.SYSCFG_DL_QEI_0_init</name>
         <load_address>0x17ac</load_address>
         <readonly>true</readonly>
         <executable>true</executable>
         <run_address>0x17ac</run_address>
         <size>0x4c</size>
         <alignment>0x4</alignment>
         <input_file_ref idref="fl-1"/>
      </object_component>
      <object_component id="oc-1b6">
         <name>.text.DL_UART_init</name>
         <load_address>0x17f8</load_address>
         <readonly>true</readonly>
         <executable>true</executable>
         <run_address>0x17f8</run_address>
         <size>0x48</size>
         <alignment>0x4</alignment>
         <input_file_ref idref="fl-19"/>
      </object_component>
      <object_component id="oc-15a">
         <name>.text.SYSCFG_DL_UART_0_init</name>
         <load_address>0x1840</load_address>
         <readonly>true</readonly>
         <executable>true</executable>
         <run_address>0x1840</run_address>
         <size>0x48</size>
         <alignment>0x4</alignment>
         <input_file_ref idref="fl-1"/>
      </object_component>
      <object_component id="oc-d9">
         <name>.text.Encoder_Init</name>
         <load_address>0x1888</load_address>
         <readonly>true</readonly>
         <executable>true</executable>
         <run_address>0x1888</run_address>
         <size>0x44</size>
         <alignment>0x4</alignment>
         <input_file_ref idref="fl-5"/>
      </object_component>
      <object_component id="oc-d2">
         <name>.text.SYSCFG_DL_init</name>
         <load_address>0x18cc</load_address>
         <readonly>true</readonly>
         <executable>true</executable>
         <run_address>0x18cc</run_address>
         <size>0x40</size>
         <alignment>0x4</alignment>
         <input_file_ref idref="fl-1"/>
      </object_component>
      <object_component id="oc-16e">
         <name>.text.__aeabi_uidivmod</name>
         <load_address>0x190c</load_address>
         <readonly>true</readonly>
         <executable>true</executable>
         <run_address>0x190c</run_address>
         <size>0x40</size>
         <alignment>0x4</alignment>
         <input_file_ref idref="fl-a7"/>
      </object_component>
      <object_component id="oc-b8">
         <name>.text.__extendsfdf2</name>
         <load_address>0x194c</load_address>
         <readonly>true</readonly>
         <executable>true</executable>
         <run_address>0x194c</run_address>
         <size>0x40</size>
         <alignment>0x4</alignment>
         <input_file_ref idref="fl-9d"/>
      </object_component>
      <object_component id="oc-167">
         <name>.text.SSD1106_Set_Pos</name>
         <load_address>0x198c</load_address>
         <readonly>true</readonly>
         <executable>true</executable>
         <run_address>0x198c</run_address>
         <size>0x3e</size>
         <alignment>0x2</alignment>
         <input_file_ref idref="fl-8"/>
      </object_component>
      <object_component id="oc-159">
         <name>.text.SYSCFG_DL_TIMER_0_init</name>
         <load_address>0x19cc</load_address>
         <readonly>true</readonly>
         <executable>true</executable>
         <run_address>0x19cc</run_address>
         <size>0x3c</size>
         <alignment>0x4</alignment>
         <input_file_ref idref="fl-1"/>
      </object_component>
      <object_component id="oc-14b">
         <name>.text.__gtsf2</name>
         <load_address>0x1a08</load_address>
         <readonly>true</readonly>
         <executable>true</executable>
         <run_address>0x1a08</run_address>
         <size>0x3c</size>
         <alignment>0x4</alignment>
         <input_file_ref idref="fl-a8"/>
      </object_component>
      <object_component id="oc-fe">
         <name>.text:__TI_auto_init_nobinit_nopinit</name>
         <load_address>0x1a44</load_address>
         <readonly>true</readonly>
         <executable>true</executable>
         <run_address>0x1a44</run_address>
         <size>0x3c</size>
         <alignment>0x4</alignment>
         <input_file_ref idref="fl-2a"/>
      </object_component>
      <object_component id="oc-146">
         <name>.text.__eqsf2</name>
         <load_address>0x1a80</load_address>
         <readonly>true</readonly>
         <executable>true</executable>
         <run_address>0x1a80</run_address>
         <size>0x3a</size>
         <alignment>0x4</alignment>
         <input_file_ref idref="fl-a8"/>
      </object_component>
      <object_component id="oc-121">
         <name>.text.__muldsi3</name>
         <load_address>0x1abc</load_address>
         <readonly>true</readonly>
         <executable>true</executable>
         <run_address>0x1abc</run_address>
         <size>0x3a</size>
         <alignment>0x4</alignment>
         <input_file_ref idref="fl-9a"/>
      </object_component>
      <object_component id="oc-39">
         <name>.text.UART3_IRQHandler</name>
         <load_address>0x1af8</load_address>
         <readonly>true</readonly>
         <executable>true</executable>
         <run_address>0x1af8</run_address>
         <size>0x38</size>
         <alignment>0x4</alignment>
         <input_file_ref idref="fl-9"/>
      </object_component>
      <object_component id="oc-e2">
         <name>.text.__fixsfsi</name>
         <load_address>0x1b30</load_address>
         <readonly>true</readonly>
         <executable>true</executable>
         <run_address>0x1b30</run_address>
         <size>0x38</size>
         <alignment>0x4</alignment>
         <input_file_ref idref="fl-9e"/>
      </object_component>
      <object_component id="oc-195">
         <name>.text.DL_GPIO_initDigitalInputFeatures</name>
         <load_address>0x1b68</load_address>
         <readonly>true</readonly>
         <executable>true</executable>
         <run_address>0x1b68</run_address>
         <size>0x34</size>
         <alignment>0x4</alignment>
         <input_file_ref idref="fl-1"/>
      </object_component>
      <object_component id="oc-156">
         <name>.text.SYSCFG_DL_SYSCTL_init</name>
         <load_address>0x1b9c</load_address>
         <readonly>true</readonly>
         <executable>true</executable>
         <run_address>0x1b9c</run_address>
         <size>0x32</size>
         <alignment>0x2</alignment>
         <input_file_ref idref="fl-1"/>
      </object_component>
      <object_component id="oc-114">
         <name>.text.__fixunssfsi</name>
         <load_address>0x1bd0</load_address>
         <readonly>true</readonly>
         <executable>true</executable>
         <run_address>0x1bd0</run_address>
         <size>0x32</size>
         <alignment>0x4</alignment>
         <input_file_ref idref="fl-9f"/>
      </object_component>
      <object_component id="oc-16d">
         <name>.text.SSD1106_pow</name>
         <load_address>0x1c02</load_address>
         <readonly>true</readonly>
         <executable>true</executable>
         <run_address>0x1c02</run_address>
         <size>0x30</size>
         <alignment>0x2</alignment>
         <input_file_ref idref="fl-8"/>
      </object_component>
      <object_component id="oc-d7">
         <name>.text.UART_Init</name>
         <load_address>0x1c34</load_address>
         <readonly>true</readonly>
         <executable>true</executable>
         <run_address>0x1c34</run_address>
         <size>0x30</size>
         <alignment>0x4</alignment>
         <input_file_ref idref="fl-9"/>
      </object_component>
      <object_component id="oc-160">
         <name>.text.__NVIC_ClearPendingIRQ</name>
         <load_address>0x1c64</load_address>
         <readonly>true</readonly>
         <executable>true</executable>
         <run_address>0x1c64</run_address>
         <size>0x2c</size>
         <alignment>0x4</alignment>
         <input_file_ref idref="fl-9"/>
      </object_component>
      <object_component id="oc-72">
         <name>.text.__NVIC_ClearPendingIRQ</name>
         <load_address>0x1c90</load_address>
         <readonly>true</readonly>
         <executable>true</executable>
         <run_address>0x1c90</run_address>
         <size>0x2c</size>
         <alignment>0x4</alignment>
         <input_file_ref idref="fl-5"/>
      </object_component>
      <object_component id="oc-161">
         <name>.text.__NVIC_EnableIRQ</name>
         <load_address>0x1cbc</load_address>
         <readonly>true</readonly>
         <executable>true</executable>
         <run_address>0x1cbc</run_address>
         <size>0x2c</size>
         <alignment>0x4</alignment>
         <input_file_ref idref="fl-9"/>
      </object_component>
      <object_component id="oc-163">
         <name>.text.__NVIC_EnableIRQ</name>
         <load_address>0x1ce8</load_address>
         <readonly>true</readonly>
         <executable>true</executable>
         <run_address>0x1ce8</run_address>
         <size>0x2c</size>
         <alignment>0x4</alignment>
         <input_file_ref idref="fl-5"/>
      </object_component>
      <object_component id="oc-99">
         <name>.text.__floatsidf</name>
         <load_address>0x1d14</load_address>
         <readonly>true</readonly>
         <executable>true</executable>
         <run_address>0x1d14</run_address>
         <size>0x2c</size>
         <alignment>0x4</alignment>
         <input_file_ref idref="fl-a0"/>
      </object_component>
      <object_component id="oc-1d3">
         <name>.text.DL_Common_updateReg</name>
         <load_address>0x1d40</load_address>
         <readonly>true</readonly>
         <executable>true</executable>
         <run_address>0x1d40</run_address>
         <size>0x28</size>
         <alignment>0x2</alignment>
         <input_file_ref idref="fl-1"/>
      </object_component>
      <object_component id="oc-3e">
         <name>.text.TIMG0_IRQHandler</name>
         <load_address>0x1d68</load_address>
         <readonly>true</readonly>
         <executable>true</executable>
         <run_address>0x1d68</run_address>
         <size>0x28</size>
         <alignment>0x4</alignment>
         <input_file_ref idref="fl-5"/>
      </object_component>
      <object_component id="oc-e0">
         <name>.text.UART_GetFlag</name>
         <load_address>0x1d90</load_address>
         <readonly>true</readonly>
         <executable>true</executable>
         <run_address>0x1d90</run_address>
         <size>0x28</size>
         <alignment>0x4</alignment>
         <input_file_ref idref="fl-9"/>
      </object_component>
      <object_component id="oc-e7">
         <name>.text.__floatunsisf</name>
         <load_address>0x1db8</load_address>
         <readonly>true</readonly>
         <executable>true</executable>
         <run_address>0x1db8</run_address>
         <size>0x28</size>
         <alignment>0x4</alignment>
         <input_file_ref idref="fl-a1"/>
      </object_component>
      <object_component id="oc-5a">
         <name>.text:_c_int00_noargs</name>
         <load_address>0x1de0</load_address>
         <readonly>true</readonly>
         <executable>true</executable>
         <run_address>0x1de0</run_address>
         <size>0x28</size>
         <alignment>0x4</alignment>
         <input_file_ref idref="fl-28"/>
      </object_component>
      <object_component id="oc-193">
         <name>.text.DL_GPIO_initPeripheralInputFunction</name>
         <load_address>0x1e08</load_address>
         <readonly>true</readonly>
         <executable>true</executable>
         <run_address>0x1e08</run_address>
         <size>0x20</size>
         <alignment>0x4</alignment>
         <input_file_ref idref="fl-1"/>
      </object_component>
      <object_component id="oc-eb">
         <name>.text.Speed_Change</name>
         <load_address>0x1e28</load_address>
         <readonly>true</readonly>
         <executable>true</executable>
         <run_address>0x1e28</run_address>
         <size>0x20</size>
         <alignment>0x4</alignment>
         <input_file_ref idref="fl-5"/>
      </object_component>
      <object_component id="oc-1b7">
         <name>.text.DL_UART_setOversampling</name>
         <load_address>0x1e48</load_address>
         <readonly>true</readonly>
         <executable>true</executable>
         <run_address>0x1e48</run_address>
         <size>0x1e</size>
         <alignment>0x2</alignment>
         <input_file_ref idref="fl-1"/>
      </object_component>
      <object_component id="oc-63">
         <name>.text.DL_GPIO_clearInterruptStatus</name>
         <load_address>0x1e68</load_address>
         <readonly>true</readonly>
         <executable>true</executable>
         <run_address>0x1e68</run_address>
         <size>0x1c</size>
         <alignment>0x4</alignment>
         <input_file_ref idref="fl-5"/>
      </object_component>
      <object_component id="oc-198">
         <name>.text.DL_GPIO_clearInterruptStatus</name>
         <load_address>0x1e84</load_address>
         <readonly>true</readonly>
         <executable>true</executable>
         <run_address>0x1e84</run_address>
         <size>0x1c</size>
         <alignment>0x4</alignment>
         <input_file_ref idref="fl-1"/>
      </object_component>
      <object_component id="oc-199">
         <name>.text.DL_GPIO_enableInterrupt</name>
         <load_address>0x1ea0</load_address>
         <readonly>true</readonly>
         <executable>true</executable>
         <run_address>0x1ea0</run_address>
         <size>0x1c</size>
         <alignment>0x4</alignment>
         <input_file_ref idref="fl-1"/>
      </object_component>
      <object_component id="oc-191">
         <name>.text.DL_GPIO_initPeripheralOutputFunction</name>
         <load_address>0x1ebc</load_address>
         <readonly>true</readonly>
         <executable>true</executable>
         <run_address>0x1ebc</run_address>
         <size>0x1c</size>
         <alignment>0x4</alignment>
         <input_file_ref idref="fl-1"/>
      </object_component>
      <object_component id="oc-197">
         <name>.text.DL_GPIO_setLowerPinsPolarity</name>
         <load_address>0x1ed8</load_address>
         <readonly>true</readonly>
         <executable>true</executable>
         <run_address>0x1ed8</run_address>
         <size>0x1c</size>
         <alignment>0x4</alignment>
         <input_file_ref idref="fl-1"/>
      </object_component>
      <object_component id="oc-19f">
         <name>.text.DL_SYSCTL_setMCLKDivider</name>
         <load_address>0x1ef4</load_address>
         <readonly>true</readonly>
         <executable>true</executable>
         <run_address>0x1ef4</run_address>
         <size>0x1c</size>
         <alignment>0x4</alignment>
         <input_file_ref idref="fl-1"/>
      </object_component>
      <object_component id="oc-19b">
         <name>.text.DL_SYSCTL_setSYSOSCFreq</name>
         <load_address>0x1f10</load_address>
         <readonly>true</readonly>
         <executable>true</executable>
         <run_address>0x1f10</run_address>
         <size>0x1c</size>
         <alignment>0x4</alignment>
         <input_file_ref idref="fl-1"/>
      </object_component>
      <object_component id="oc-19e">
         <name>.text.DL_SYSCTL_setULPCLKDivider</name>
         <load_address>0x1f2c</load_address>
         <readonly>true</readonly>
         <executable>true</executable>
         <run_address>0x1f2c</run_address>
         <size>0x1c</size>
         <alignment>0x4</alignment>
         <input_file_ref idref="fl-1"/>
      </object_component>
      <object_component id="oc-1ad">
         <name>.text.DL_Timer_enableInterrupt</name>
         <load_address>0x1f48</load_address>
         <readonly>true</readonly>
         <executable>true</executable>
         <run_address>0x1f48</run_address>
         <size>0x1c</size>
         <alignment>0x4</alignment>
         <input_file_ref idref="fl-1"/>
      </object_component>
      <object_component id="oc-1a4">
         <name>.text.DL_Timer_setCaptCompUpdateMethod</name>
         <load_address>0x1f64</load_address>
         <readonly>true</readonly>
         <executable>true</executable>
         <run_address>0x1f64</run_address>
         <size>0x1c</size>
         <alignment>0x4</alignment>
         <input_file_ref idref="fl-18"/>
      </object_component>
      <object_component id="oc-1a1">
         <name>.text.DL_Timer_setClockConfig</name>
         <load_address>0x1f80</load_address>
         <readonly>true</readonly>
         <executable>true</executable>
         <run_address>0x1f80</run_address>
         <size>0x1c</size>
         <alignment>0x4</alignment>
         <input_file_ref idref="fl-18"/>
      </object_component>
      <object_component id="oc-1b9">
         <name>.text.DL_UART_enableInterrupt</name>
         <load_address>0x1f9c</load_address>
         <readonly>true</readonly>
         <executable>true</executable>
         <run_address>0x1f9c</run_address>
         <size>0x1c</size>
         <alignment>0x4</alignment>
         <input_file_ref idref="fl-1"/>
      </object_component>
      <object_component id="oc-192">
         <name>.text.DL_GPIO_enableOutput</name>
         <load_address>0x1fb8</load_address>
         <readonly>true</readonly>
         <executable>true</executable>
         <run_address>0x1fb8</run_address>
         <size>0x18</size>
         <alignment>0x4</alignment>
         <input_file_ref idref="fl-1"/>
      </object_component>
      <object_component id="oc-18a">
         <name>.text.DL_GPIO_enablePower</name>
         <load_address>0x1fd0</load_address>
         <readonly>true</readonly>
         <executable>true</executable>
         <run_address>0x1fd0</run_address>
         <size>0x18</size>
         <alignment>0x4</alignment>
         <input_file_ref idref="fl-1"/>
      </object_component>
      <object_component id="oc-61">
         <name>.text.DL_GPIO_getEnabledInterruptStatus</name>
         <load_address>0x1fe8</load_address>
         <readonly>true</readonly>
         <executable>true</executable>
         <run_address>0x1fe8</run_address>
         <size>0x18</size>
         <alignment>0x4</alignment>
         <input_file_ref idref="fl-5"/>
      </object_component>
      <object_component id="oc-194">
         <name>.text.DL_GPIO_initDigitalOutput</name>
         <load_address>0x2000</load_address>
         <readonly>true</readonly>
         <executable>true</executable>
         <run_address>0x2000</run_address>
         <size>0x18</size>
         <alignment>0x4</alignment>
         <input_file_ref idref="fl-1"/>
      </object_component>
      <object_component id="oc-187">
         <name>.text.DL_GPIO_reset</name>
         <load_address>0x2018</load_address>
         <readonly>true</readonly>
         <executable>true</executable>
         <run_address>0x2018</run_address>
         <size>0x18</size>
         <alignment>0x4</alignment>
         <input_file_ref idref="fl-1"/>
      </object_component>
      <object_component id="oc-1bd">
         <name>.text.DL_GPIO_setPins</name>
         <load_address>0x2030</load_address>
         <readonly>true</readonly>
         <executable>true</executable>
         <run_address>0x2030</run_address>
         <size>0x18</size>
         <alignment>0x4</alignment>
         <input_file_ref idref="fl-8"/>
      </object_component>
      <object_component id="oc-ed">
         <name>.text.DL_GPIO_togglePins</name>
         <load_address>0x2048</load_address>
         <readonly>true</readonly>
         <executable>true</executable>
         <run_address>0x2048</run_address>
         <size>0x18</size>
         <alignment>0x4</alignment>
         <input_file_ref idref="fl-3"/>
      </object_component>
      <object_component id="oc-19a">
         <name>.text.DL_SYSCTL_setBORThreshold</name>
         <load_address>0x2060</load_address>
         <readonly>true</readonly>
         <executable>true</executable>
         <run_address>0x2060</run_address>
         <size>0x18</size>
         <alignment>0x4</alignment>
         <input_file_ref idref="fl-1"/>
      </object_component>
      <object_component id="oc-18b">
         <name>.text.DL_Timer_enablePower</name>
         <load_address>0x2078</load_address>
         <readonly>true</readonly>
         <executable>true</executable>
         <run_address>0x2078</run_address>
         <size>0x18</size>
         <alignment>0x4</alignment>
         <input_file_ref idref="fl-1"/>
      </object_component>
      <object_component id="oc-188">
         <name>.text.DL_Timer_reset</name>
         <load_address>0x2090</load_address>
         <readonly>true</readonly>
         <executable>true</executable>
         <run_address>0x2090</run_address>
         <size>0x18</size>
         <alignment>0x4</alignment>
         <input_file_ref idref="fl-1"/>
      </object_component>
      <object_component id="oc-1a3">
         <name>.text.DL_Timer_setCaptureCompareOutCtl</name>
         <load_address>0x20a8</load_address>
         <readonly>true</readonly>
         <executable>true</executable>
         <run_address>0x20a8</run_address>
         <size>0x18</size>
         <alignment>0x4</alignment>
         <input_file_ref idref="fl-18"/>
      </object_component>
      <object_component id="oc-1aa">
         <name>.text.DL_Timer_setLoadValue</name>
         <load_address>0x20c0</load_address>
         <readonly>true</readonly>
         <executable>true</executable>
         <run_address>0x20c0</run_address>
         <size>0x18</size>
         <alignment>0x4</alignment>
         <input_file_ref idref="fl-1"/>
      </object_component>
      <object_component id="oc-164">
         <name>.text.DL_Timer_startCounter</name>
         <load_address>0x20d8</load_address>
         <readonly>true</readonly>
         <executable>true</executable>
         <run_address>0x20d8</run_address>
         <size>0x18</size>
         <alignment>0x4</alignment>
         <input_file_ref idref="fl-5"/>
      </object_component>
      <object_component id="oc-162">
         <name>.text.DL_Timer_startCounter</name>
         <load_address>0x20f0</load_address>
         <readonly>true</readonly>
         <executable>true</executable>
         <run_address>0x20f0</run_address>
         <size>0x18</size>
         <alignment>0x4</alignment>
         <input_file_ref idref="fl-7"/>
      </object_component>
      <object_component id="oc-18c">
         <name>.text.DL_UART_enablePower</name>
         <load_address>0x2108</load_address>
         <readonly>true</readonly>
         <executable>true</executable>
         <run_address>0x2108</run_address>
         <size>0x18</size>
         <alignment>0x4</alignment>
         <input_file_ref idref="fl-1"/>
      </object_component>
      <object_component id="oc-189">
         <name>.text.DL_UART_reset</name>
         <load_address>0x2120</load_address>
         <readonly>true</readonly>
         <executable>true</executable>
         <run_address>0x2120</run_address>
         <size>0x18</size>
         <alignment>0x4</alignment>
         <input_file_ref idref="fl-1"/>
      </object_component>
      <object_component id="oc-62">
         <name>.text.DL_GPIO_readPins</name>
         <load_address>0x2138</load_address>
         <readonly>true</readonly>
         <executable>true</executable>
         <run_address>0x2138</run_address>
         <size>0x16</size>
         <alignment>0x2</alignment>
         <input_file_ref idref="fl-5"/>
      </object_component>
      <object_component id="oc-1ba">
         <name>.text.DL_UART_enable</name>
         <load_address>0x214e</load_address>
         <readonly>true</readonly>
         <executable>true</executable>
         <run_address>0x214e</run_address>
         <size>0x16</size>
         <alignment>0x2</alignment>
         <input_file_ref idref="fl-1"/>
      </object_component>
      <object_component id="oc-51">
         <name>.text:decompress:ZI:__TI_zero_init_nomemset</name>
         <load_address>0x2164</load_address>
         <readonly>true</readonly>
         <executable>true</executable>
         <run_address>0x2164</run_address>
         <size>0x16</size>
         <alignment>0x2</alignment>
         <input_file_ref idref="fl-2d"/>
      </object_component>
      <object_component id="oc-1be">
         <name>.text.DL_GPIO_clearPins</name>
         <load_address>0x217a</load_address>
         <readonly>true</readonly>
         <executable>true</executable>
         <run_address>0x217a</run_address>
         <size>0x14</size>
         <alignment>0x2</alignment>
         <input_file_ref idref="fl-8"/>
      </object_component>
      <object_component id="oc-196">
         <name>.text.DL_GPIO_clearPins</name>
         <load_address>0x218e</load_address>
         <readonly>true</readonly>
         <executable>true</executable>
         <run_address>0x218e</run_address>
         <size>0x14</size>
         <alignment>0x2</alignment>
         <input_file_ref idref="fl-1"/>
      </object_component>
      <object_component id="oc-19d">
         <name>.text.DL_SYSCTL_disableSYSPLL</name>
         <load_address>0x21a4</load_address>
         <readonly>true</readonly>
         <executable>true</executable>
         <run_address>0x21a4</run_address>
         <size>0x14</size>
         <alignment>0x4</alignment>
         <input_file_ref idref="fl-1"/>
      </object_component>
      <object_component id="oc-1a5">
         <name>.text.DL_Timer_enableClock</name>
         <load_address>0x21b8</load_address>
         <readonly>true</readonly>
         <executable>true</executable>
         <run_address>0x21b8</run_address>
         <size>0x14</size>
         <alignment>0x4</alignment>
         <input_file_ref idref="fl-1"/>
      </object_component>
      <object_component id="oc-1a6">
         <name>.text.DL_Timer_setCCPDirection</name>
         <load_address>0x21cc</load_address>
         <readonly>true</readonly>
         <executable>true</executable>
         <run_address>0x21cc</run_address>
         <size>0x14</size>
         <alignment>0x2</alignment>
         <input_file_ref idref="fl-1"/>
      </object_component>
      <object_component id="oc-a9">
         <name>.text.DL_Timer_setTimerCount</name>
         <load_address>0x21e0</load_address>
         <readonly>true</readonly>
         <executable>true</executable>
         <run_address>0x21e0</run_address>
         <size>0x14</size>
         <alignment>0x2</alignment>
         <input_file_ref idref="fl-5"/>
      </object_component>
      <object_component id="oc-69">
         <name>.text.DL_UART_receiveData</name>
         <load_address>0x21f4</load_address>
         <readonly>true</readonly>
         <executable>true</executable>
         <run_address>0x21f4</run_address>
         <size>0x14</size>
         <alignment>0x4</alignment>
         <input_file_ref idref="fl-9"/>
      </object_component>
      <object_component id="oc-6f">
         <name>.text.DL_Timer_getPendingInterrupt</name>
         <load_address>0x2208</load_address>
         <readonly>true</readonly>
         <executable>true</executable>
         <run_address>0x2208</run_address>
         <size>0x12</size>
         <alignment>0x2</alignment>
         <input_file_ref idref="fl-5"/>
      </object_component>
      <object_component id="oc-68">
         <name>.text.DL_UART_getPendingInterrupt</name>
         <load_address>0x221a</load_address>
         <readonly>true</readonly>
         <executable>true</executable>
         <run_address>0x221a</run_address>
         <size>0x12</size>
         <alignment>0x2</alignment>
         <input_file_ref idref="fl-9"/>
      </object_component>
      <object_component id="oc-1b0">
         <name>.text.DL_UART_setClockConfig</name>
         <load_address>0x222c</load_address>
         <readonly>true</readonly>
         <executable>true</executable>
         <run_address>0x222c</run_address>
         <size>0x12</size>
         <alignment>0x2</alignment>
         <input_file_ref idref="fl-19"/>
      </object_component>
      <object_component id="oc-c8">
         <name>.text:TI_memcpy_small</name>
         <load_address>0x223e</load_address>
         <readonly>true</readonly>
         <executable>true</executable>
         <run_address>0x223e</run_address>
         <size>0x12</size>
         <alignment>0x1</alignment>
         <input_file_ref idref="fl-ab"/>
      </object_component>
      <object_component id="oc-20">
         <name>.text:decompress:none</name>
         <load_address>0x2250</load_address>
         <readonly>true</readonly>
         <executable>true</executable>
         <run_address>0x2250</run_address>
         <size>0x12</size>
         <alignment>0x2</alignment>
         <input_file_ref idref="fl-2e"/>
      </object_component>
      <object_component id="oc-19c">
         <name>.text.DL_SYSCTL_disableHFXT</name>
         <load_address>0x2264</load_address>
         <readonly>true</readonly>
         <executable>true</executable>
         <run_address>0x2264</run_address>
         <size>0x10</size>
         <alignment>0x4</alignment>
         <input_file_ref idref="fl-1"/>
      </object_component>
      <object_component id="oc-98">
         <name>.text.DL_Timer_getTimerCount</name>
         <load_address>0x2274</load_address>
         <readonly>true</readonly>
         <executable>true</executable>
         <run_address>0x2274</run_address>
         <size>0x10</size>
         <alignment>0x2</alignment>
         <input_file_ref idref="fl-5"/>
      </object_component>
      <object_component id="oc-118">
         <name>.text.DL_Timer_setCaptureCompareValue</name>
         <load_address>0x2284</load_address>
         <readonly>true</readonly>
         <executable>true</executable>
         <run_address>0x2284</run_address>
         <size>0x10</size>
         <alignment>0x4</alignment>
         <input_file_ref idref="fl-18"/>
      </object_component>
      <object_component id="oc-d8">
         <name>.text.PWM_init</name>
         <load_address>0x2294</load_address>
         <readonly>true</readonly>
         <executable>true</executable>
         <run_address>0x2294</run_address>
         <size>0x10</size>
         <alignment>0x4</alignment>
         <input_file_ref idref="fl-7"/>
      </object_component>
      <object_component id="oc-e1">
         <name>.text.UART_ReturnM1</name>
         <load_address>0x22a4</load_address>
         <readonly>true</readonly>
         <executable>true</executable>
         <run_address>0x22a4</run_address>
         <size>0x10</size>
         <alignment>0x4</alignment>
         <input_file_ref idref="fl-9"/>
      </object_component>
      <object_component id="oc-e6">
         <name>.text.UART_ReturnM2</name>
         <load_address>0x22b4</load_address>
         <readonly>true</readonly>
         <executable>true</executable>
         <run_address>0x22b4</run_address>
         <size>0x10</size>
         <alignment>0x4</alignment>
         <input_file_ref idref="fl-9"/>
      </object_component>
      <object_component id="oc-f0">
         <name>.text.Encoder_GetM2</name>
         <load_address>0x22c4</load_address>
         <readonly>true</readonly>
         <executable>true</executable>
         <run_address>0x22c4</run_address>
         <size>0xc</size>
         <alignment>0x4</alignment>
         <input_file_ref idref="fl-5"/>
      </object_component>
      <object_component id="oc-18d">
         <name>.text.DL_Common_delayCycles</name>
         <load_address>0x22d0</load_address>
         <readonly>true</readonly>
         <executable>true</executable>
         <run_address>0x22d0</run_address>
         <size>0xa</size>
         <alignment>0x2</alignment>
         <input_file_ref idref="fl-17"/>
      </object_component>
      <object_component id="oc-4a">
         <name>.text.__aeabi_memcpy</name>
         <load_address>0x22dc</load_address>
         <readonly>true</readonly>
         <executable>true</executable>
         <run_address>0x22dc</run_address>
         <size>0x8</size>
         <alignment>0x4</alignment>
         <input_file_ref idref="fl-a5"/>
      </object_component>
      <object_component id="oc-33">
         <name>.text.Default_Handler</name>
         <load_address>0x22e4</load_address>
         <readonly>true</readonly>
         <executable>true</executable>
         <run_address>0x22e4</run_address>
         <size>0x4</size>
         <alignment>0x2</alignment>
         <input_file_ref idref="fl-2"/>
      </object_component>
      <object_component id="oc-2f">
         <name>.text.Reset_Handler</name>
         <load_address>0x22e8</load_address>
         <readonly>true</readonly>
         <executable>true</executable>
         <run_address>0x22e8</run_address>
         <size>0x4</size>
         <alignment>0x2</alignment>
         <input_file_ref idref="fl-2"/>
      </object_component>
      <object_component id="oc-7c">
         <name>.text._system_pre_init</name>
         <load_address>0x22ec</load_address>
         <readonly>true</readonly>
         <executable>true</executable>
         <run_address>0x22ec</run_address>
         <size>0x4</size>
         <alignment>0x2</alignment>
         <input_file_ref idref="fl-2b"/>
      </object_component>
      <object_component id="oc-f7">
         <name>.text:abort</name>
         <load_address>0x22f0</load_address>
         <readonly>true</readonly>
         <executable>true</executable>
         <run_address>0x22f0</run_address>
         <size>0x4</size>
         <alignment>0x2</alignment>
         <input_file_ref idref="fl-30"/>
      </object_component>
      <object_component id="oc-21a">
         <name>.cinit..data.load</name>
         <load_address>0x2b60</load_address>
         <readonly>true</readonly>
         <run_address>0x2b60</run_address>
         <size>0x17</size>
         <alignment>0x1</alignment>
      </object_component>
      <object_component id="oc-218">
         <name>__TI_handler_table</name>
         <load_address>0x2b78</load_address>
         <readonly>true</readonly>
         <run_address>0x2b78</run_address>
         <size>0xc</size>
         <alignment>0x4</alignment>
      </object_component>
      <object_component id="oc-21b">
         <name>.cinit..bss.load</name>
         <load_address>0x2b84</load_address>
         <readonly>true</readonly>
         <run_address>0x2b84</run_address>
         <size>0x8</size>
         <alignment>0x4</alignment>
      </object_component>
      <object_component id="oc-219">
         <name>__TI_cinit_table</name>
         <load_address>0x2b8c</load_address>
         <readonly>true</readonly>
         <run_address>0x2b8c</run_address>
         <size>0x10</size>
         <alignment>0x4</alignment>
      </object_component>
      <object_component id="oc-1c0">
         <name>.rodata.F8X16</name>
         <load_address>0x2300</load_address>
         <readonly>true</readonly>
         <run_address>0x2300</run_address>
         <size>0x5f0</size>
         <alignment>0x1</alignment>
         <input_file_ref idref="fl-8"/>
      </object_component>
      <object_component id="oc-1bf">
         <name>.rodata.F6x8</name>
         <load_address>0x28f0</load_address>
         <readonly>true</readonly>
         <run_address>0x28f0</run_address>
         <size>0x228</size>
         <alignment>0x1</alignment>
         <input_file_ref idref="fl-8"/>
      </object_component>
      <object_component id="oc-1af">
         <name>.rodata.gTIMER_0TimerConfig</name>
         <load_address>0x2b18</load_address>
         <readonly>true</readonly>
         <run_address>0x2b18</run_address>
         <size>0x14</size>
         <alignment>0x4</alignment>
         <input_file_ref idref="fl-1"/>
      </object_component>
      <object_component id="oc-1bc">
         <name>.rodata.gUART_0Config</name>
         <load_address>0x2b2c</load_address>
         <readonly>true</readonly>
         <run_address>0x2b2c</run_address>
         <size>0xa</size>
         <alignment>0x2</alignment>
         <input_file_ref idref="fl-1"/>
      </object_component>
      <object_component id="oc-1bb">
         <name>.rodata.gUART_0ClockConfig</name>
         <load_address>0x2b36</load_address>
         <readonly>true</readonly>
         <run_address>0x2b36</run_address>
         <size>0x2</size>
         <alignment>0x1</alignment>
         <input_file_ref idref="fl-1"/>
      </object_component>
      <object_component id="oc-1a8">
         <name>.rodata.gPWM_0Config</name>
         <load_address>0x2b38</load_address>
         <readonly>true</readonly>
         <run_address>0x2b38</run_address>
         <size>0x8</size>
         <alignment>0x4</alignment>
         <input_file_ref idref="fl-1"/>
      </object_component>
      <object_component id="oc-f1">
         <name>.rodata.str1.176328792963337784071</name>
         <load_address>0x2b40</load_address>
         <readonly>true</readonly>
         <run_address>0x2b40</run_address>
         <size>0x5</size>
         <alignment>0x1</alignment>
         <input_file_ref idref="fl-3"/>
      </object_component>
      <object_component id="oc-f4">
         <name>.rodata.str1.42969106790848045441</name>
         <load_address>0x2b45</load_address>
         <readonly>true</readonly>
         <run_address>0x2b45</run_address>
         <size>0x5</size>
         <alignment>0x1</alignment>
         <input_file_ref idref="fl-3"/>
      </object_component>
      <object_component id="oc-f2">
         <name>.rodata.str1.52501554851255701521</name>
         <load_address>0x2b4a</load_address>
         <readonly>true</readonly>
         <run_address>0x2b4a</run_address>
         <size>0x5</size>
         <alignment>0x1</alignment>
         <input_file_ref idref="fl-3"/>
      </object_component>
      <object_component id="oc-f3">
         <name>.rodata.str1.97993385775340092391</name>
         <load_address>0x2b4f</load_address>
         <readonly>true</readonly>
         <run_address>0x2b4f</run_address>
         <size>0x5</size>
         <alignment>0x1</alignment>
         <input_file_ref idref="fl-3"/>
      </object_component>
      <object_component id="oc-1a7">
         <name>.rodata.gPWM_0ClockConfig</name>
         <load_address>0x2b54</load_address>
         <readonly>true</readonly>
         <run_address>0x2b54</run_address>
         <size>0x3</size>
         <alignment>0x1</alignment>
         <input_file_ref idref="fl-1"/>
      </object_component>
      <object_component id="oc-1ab">
         <name>.rodata.gQEI_0ClockConfig</name>
         <load_address>0x2b57</load_address>
         <readonly>true</readonly>
         <run_address>0x2b57</run_address>
         <size>0x3</size>
         <alignment>0x1</alignment>
         <input_file_ref idref="fl-1"/>
      </object_component>
      <object_component id="oc-1ae">
         <name>.rodata.gTIMER_0ClockConfig</name>
         <load_address>0x2b5a</load_address>
         <readonly>true</readonly>
         <run_address>0x2b5a</run_address>
         <size>0x3</size>
         <alignment>0x1</alignment>
         <input_file_ref idref="fl-1"/>
      </object_component>
      <object_component id="oc-1e2">
         <name>.binit</name>
         <load_address>0x0</load_address>
         <readonly>true</readonly>
         <run_address>0x0</run_address>
         <size>0x0</size>
         <alignment>0x4</alignment>
      </object_component>
      <object_component id="oc-12e">
         <name>.data.kp_left</name>
         <load_address>0x20200180</load_address>
         <readwrite>true</readwrite>
         <run_address>0x20200180</run_address>
         <size>0x4</size>
         <alignment>0x4</alignment>
         <input_file_ref idref="fl-6"/>
      </object_component>
      <object_component id="oc-12f">
         <name>.data.ki_left</name>
         <load_address>0x20200178</load_address>
         <readwrite>true</readwrite>
         <run_address>0x20200178</run_address>
         <size>0x4</size>
         <alignment>0x4</alignment>
         <input_file_ref idref="fl-6"/>
      </object_component>
      <object_component id="oc-130">
         <name>.data.kd_left</name>
         <load_address>0x20200170</load_address>
         <readwrite>true</readwrite>
         <run_address>0x20200170</run_address>
         <size>0x4</size>
         <alignment>0x4</alignment>
         <input_file_ref idref="fl-6"/>
      </object_component>
      <object_component id="oc-13a">
         <name>.data.kp_right</name>
         <load_address>0x20200184</load_address>
         <readwrite>true</readwrite>
         <run_address>0x20200184</run_address>
         <size>0x4</size>
         <alignment>0x4</alignment>
         <input_file_ref idref="fl-6"/>
      </object_component>
      <object_component id="oc-13b">
         <name>.data.ki_right</name>
         <load_address>0x2020017c</load_address>
         <readwrite>true</readwrite>
         <run_address>0x2020017c</run_address>
         <size>0x4</size>
         <alignment>0x4</alignment>
         <input_file_ref idref="fl-6"/>
      </object_component>
      <object_component id="oc-13c">
         <name>.data.kd_right</name>
         <load_address>0x20200174</load_address>
         <readwrite>true</readwrite>
         <run_address>0x20200174</run_address>
         <size>0x4</size>
         <alignment>0x4</alignment>
         <input_file_ref idref="fl-6"/>
      </object_component>
      <object_component id="oc-134">
         <name>.data.erro_right0</name>
         <load_address>0x2020015c</load_address>
         <readwrite>true</readwrite>
         <run_address>0x2020015c</run_address>
         <size>0x4</size>
         <alignment>0x4</alignment>
         <input_file_ref idref="fl-6"/>
      </object_component>
      <object_component id="oc-135">
         <name>.data.erro_right1</name>
         <load_address>0x20200160</load_address>
         <readwrite>true</readwrite>
         <run_address>0x20200160</run_address>
         <size>0x4</size>
         <alignment>0x4</alignment>
         <input_file_ref idref="fl-6"/>
      </object_component>
      <object_component id="oc-138">
         <name>.data.erro_right2</name>
         <load_address>0x20200164</load_address>
         <readwrite>true</readwrite>
         <run_address>0x20200164</run_address>
         <size>0x4</size>
         <alignment>0x4</alignment>
         <input_file_ref idref="fl-6"/>
      </object_component>
      <object_component id="oc-136">
         <name>.data.p_right</name>
         <load_address>0x2020018c</load_address>
         <readwrite>true</readwrite>
         <run_address>0x2020018c</run_address>
         <size>0x4</size>
         <alignment>0x4</alignment>
         <input_file_ref idref="fl-6"/>
      </object_component>
      <object_component id="oc-137">
         <name>.data.i_right</name>
         <load_address>0x2020016c</load_address>
         <readwrite>true</readwrite>
         <run_address>0x2020016c</run_address>
         <size>0x4</size>
         <alignment>0x4</alignment>
         <input_file_ref idref="fl-6"/>
      </object_component>
      <object_component id="oc-139">
         <name>.data.d_right</name>
         <load_address>0x2020014c</load_address>
         <readwrite>true</readwrite>
         <run_address>0x2020014c</run_address>
         <size>0x4</size>
         <alignment>0x4</alignment>
         <input_file_ref idref="fl-6"/>
      </object_component>
      <object_component id="oc-128">
         <name>.data.erro_left0</name>
         <load_address>0x20200150</load_address>
         <readwrite>true</readwrite>
         <run_address>0x20200150</run_address>
         <size>0x4</size>
         <alignment>0x4</alignment>
         <input_file_ref idref="fl-6"/>
      </object_component>
      <object_component id="oc-129">
         <name>.data.erro_left1</name>
         <load_address>0x20200154</load_address>
         <readwrite>true</readwrite>
         <run_address>0x20200154</run_address>
         <size>0x4</size>
         <alignment>0x4</alignment>
         <input_file_ref idref="fl-6"/>
      </object_component>
      <object_component id="oc-12c">
         <name>.data.erro_left2</name>
         <load_address>0x20200158</load_address>
         <readwrite>true</readwrite>
         <run_address>0x20200158</run_address>
         <size>0x4</size>
         <alignment>0x4</alignment>
         <input_file_ref idref="fl-6"/>
      </object_component>
      <object_component id="oc-12a">
         <name>.data.p_left</name>
         <load_address>0x20200188</load_address>
         <readwrite>true</readwrite>
         <run_address>0x20200188</run_address>
         <size>0x4</size>
         <alignment>0x4</alignment>
         <input_file_ref idref="fl-6"/>
      </object_component>
      <object_component id="oc-12b">
         <name>.data.i_left</name>
         <load_address>0x20200168</load_address>
         <readwrite>true</readwrite>
         <run_address>0x20200168</run_address>
         <size>0x4</size>
         <alignment>0x4</alignment>
         <input_file_ref idref="fl-6"/>
      </object_component>
      <object_component id="oc-12d">
         <name>.data.d_left</name>
         <load_address>0x20200148</load_address>
         <readwrite>true</readwrite>
         <run_address>0x20200148</run_address>
         <size>0x4</size>
         <alignment>0x4</alignment>
         <input_file_ref idref="fl-6"/>
      </object_component>
      <object_component id="oc-15b">
         <name>.common:gPWM_0Backup</name>
         <uninitialized>true</uninitialized>
         <readwrite>true</readwrite>
         <run_address>0x20200000</run_address>
         <size>0x78</size>
         <alignment>0x4</alignment>
      </object_component>
      <object_component id="oc-15c">
         <name>.common:gQEI_0Backup</name>
         <uninitialized>true</uninitialized>
         <readwrite>true</readwrite>
         <run_address>0x20200078</run_address>
         <size>0x78</size>
         <alignment>0x4</alignment>
      </object_component>
      <object_component id="oc-15d">
         <name>.common:gUART_0Backup</name>
         <uninitialized>true</uninitialized>
         <readwrite>true</readwrite>
         <run_address>0x202000f0</run_address>
         <size>0x30</size>
         <alignment>0x4</alignment>
      </object_component>
      <object_component id="oc-c5">
         <name>.common:duty_left</name>
         <uninitialized>true</uninitialized>
         <readwrite>true</readwrite>
         <run_address>0x20200120</run_address>
         <size>0x4</size>
         <alignment>0x4</alignment>
      </object_component>
      <object_component id="oc-c7">
         <name>.common:duty_right</name>
         <uninitialized>true</uninitialized>
         <readwrite>true</readwrite>
         <run_address>0x20200124</run_address>
         <size>0x4</size>
         <alignment>0x4</alignment>
      </object_component>
      <object_component id="oc-c4">
         <name>.common:speed_left</name>
         <uninitialized>true</uninitialized>
         <readwrite>true</readwrite>
         <run_address>0x20200134</run_address>
         <size>0x4</size>
         <alignment>0x4</alignment>
      </object_component>
      <object_component id="oc-c6">
         <name>.common:speed_right</name>
         <uninitialized>true</uninitialized>
         <readwrite>true</readwrite>
         <run_address>0x20200138</run_address>
         <size>0x4</size>
         <alignment>0x4</alignment>
      </object_component>
      <object_component id="oc-aa">
         <name>.common:encoder1</name>
         <uninitialized>true</uninitialized>
         <readwrite>true</readwrite>
         <run_address>0x2020013c</run_address>
         <size>0x2</size>
         <alignment>0x2</alignment>
      </object_component>
      <object_component id="oc-ab">
         <name>.common:monitor1</name>
         <uninitialized>true</uninitialized>
         <readwrite>true</readwrite>
         <run_address>0x2020012c</run_address>
         <size>0x4</size>
         <alignment>0x4</alignment>
      </object_component>
      <object_component id="oc-65">
         <name>.common:gEncoderCount</name>
         <uninitialized>true</uninitialized>
         <readwrite>true</readwrite>
         <run_address>0x20200140</run_address>
         <size>0x2</size>
         <alignment>0x2</alignment>
      </object_component>
      <object_component id="oc-ac">
         <name>.common:encoder2</name>
         <uninitialized>true</uninitialized>
         <readwrite>true</readwrite>
         <run_address>0x2020013e</run_address>
         <size>0x2</size>
         <alignment>0x2</alignment>
      </object_component>
      <object_component id="oc-ad">
         <name>.common:monitor2</name>
         <uninitialized>true</uninitialized>
         <readwrite>true</readwrite>
         <run_address>0x20200130</run_address>
         <size>0x4</size>
         <alignment>0x4</alignment>
      </object_component>
      <object_component id="oc-64">
         <name>.common:gpioA</name>
         <uninitialized>true</uninitialized>
         <readwrite>true</readwrite>
         <run_address>0x20200128</run_address>
         <size>0x4</size>
         <alignment>0x4</alignment>
      </object_component>
      <object_component id="oc-94">
         <name>.common:stage</name>
         <uninitialized>true</uninitialized>
         <readwrite>true</readwrite>
         <run_address>0x20200146</run_address>
         <size>0x1</size>
         <alignment>0x1</alignment>
      </object_component>
      <object_component id="oc-96">
         <name>.common:M1</name>
         <uninitialized>true</uninitialized>
         <readwrite>true</readwrite>
         <run_address>0x20200142</run_address>
         <size>0x1</size>
         <alignment>0x1</alignment>
      </object_component>
      <object_component id="oc-95">
         <name>.common:M2</name>
         <uninitialized>true</uninitialized>
         <readwrite>true</readwrite>
         <run_address>0x20200143</run_address>
         <size>0x1</size>
         <alignment>0x1</alignment>
      </object_component>
      <object_component id="oc-6b">
         <name>.common:flag</name>
         <uninitialized>true</uninitialized>
         <readwrite>true</readwrite>
         <run_address>0x20200144</run_address>
         <size>0x1</size>
         <alignment>0x1</alignment>
      </object_component>
      <object_component id="oc-6c">
         <name>.common:gEchoData</name>
         <uninitialized>true</uninitialized>
         <readwrite>true</readwrite>
         <run_address>0x20200145</run_address>
         <size>0x1</size>
         <alignment>0x1</alignment>
      </object_component>
      <object_component id="oc-97">
         <name>.common:stop_flag</name>
         <uninitialized>true</uninitialized>
         <readwrite>true</readwrite>
         <run_address>0x20200147</run_address>
         <size>0x1</size>
         <alignment>0x1</alignment>
      </object_component>
      <object_component id="oc-1a">
         <name>.stack</name>
         <uninitialized>true</uninitialized>
         <readwrite>true</readwrite>
         <run_address>0x20207e00</run_address>
         <size>0x4</size>
         <alignment>0x4</alignment>
         <input_file_ref idref="fl-28"/>
      </object_component>
      <object_component id="oc-21d">
         <name>.stack</name>
         <uninitialized>true</uninitialized>
         <readwrite>true</readwrite>
         <run_address>0x20207e00</run_address>
         <size>0x0</size>
         <alignment>0x8</alignment>
      </object_component>
      <object_component id="oc-15e">
         <name>.debug_abbrev</name>
         <load_address>0x0</load_address>
         <run_address>0x0</run_address>
         <size>0x210</size>
         <alignment>0x1</alignment>
         <input_file_ref idref="fl-1"/>
      </object_component>
      <object_component id="oc-3f">
         <name>.debug_abbrev</name>
         <load_address>0x210</load_address>
         <run_address>0x210</run_address>
         <size>0x6d</size>
         <alignment>0x1</alignment>
         <input_file_ref idref="fl-2"/>
      </object_component>
      <object_component id="oc-f5">
         <name>.debug_abbrev</name>
         <load_address>0x27d</load_address>
         <run_address>0x27d</run_address>
         <size>0x111</size>
         <alignment>0x1</alignment>
         <input_file_ref idref="fl-3"/>
      </object_component>
      <object_component id="oc-66">
         <name>.debug_abbrev</name>
         <load_address>0x38e</load_address>
         <run_address>0x38e</run_address>
         <size>0x189</size>
         <alignment>0x1</alignment>
         <input_file_ref idref="fl-5"/>
      </object_component>
      <object_component id="oc-131">
         <name>.debug_abbrev</name>
         <load_address>0x517</load_address>
         <run_address>0x517</run_address>
         <size>0x68</size>
         <alignment>0x1</alignment>
         <input_file_ref idref="fl-6"/>
      </object_component>
      <object_component id="oc-11e">
         <name>.debug_abbrev</name>
         <load_address>0x57f</load_address>
         <run_address>0x57f</run_address>
         <size>0x116</size>
         <alignment>0x1</alignment>
         <input_file_ref idref="fl-7"/>
      </object_component>
      <object_component id="oc-168">
         <name>.debug_abbrev</name>
         <load_address>0x695</load_address>
         <run_address>0x695</run_address>
         <size>0x12b</size>
         <alignment>0x1</alignment>
         <input_file_ref idref="fl-8"/>
      </object_component>
      <object_component id="oc-6d">
         <name>.debug_abbrev</name>
         <load_address>0x7c0</load_address>
         <run_address>0x7c0</run_address>
         <size>0x189</size>
         <alignment>0x1</alignment>
         <input_file_ref idref="fl-9"/>
      </object_component>
      <object_component id="oc-1d0">
         <name>.debug_abbrev</name>
         <load_address>0x949</load_address>
         <run_address>0x949</run_address>
         <size>0x62</size>
         <alignment>0x1</alignment>
         <input_file_ref idref="fl-17"/>
      </object_component>
[...]
      </symbol>
      <symbol id="sm-16b">
         <name>gpioA</name>
         <value>0x20200128</value>
      </symbol>
      <symbol id="sm-16c">
         <name>Encoder_GetM1</name>
         <value>0x13a5</value>
         <object_component_ref idref="oc-ee"/>
      </symbol>
      <symbol id="sm-16d">
         <name>Encoder_GetM2</name>
         <value>0x22c5</value>
         <object_component_ref idref="oc-f0"/>
      </symbol>
      <symbol id="sm-17a">
         <name>PID_right</name>
         <value>0xbd1</value>
         <object_component_ref idref="oc-b7"/>
      </symbol>
      <symbol id="sm-17b">
         <name>erro_right0</name>
         <value>0x2020015c</value>
         <object_component_ref idref="oc-134"/>
      </symbol>
      <symbol id="sm-17c">
         <name>erro_right1</name>
         <value>0x20200160</value>
         <object_component_ref idref="oc-135"/>
      </symbol>
      <symbol id="sm-17d">
         <name>p_right</name>
         <value>0x2020018c</value>
         <object_component_ref idref="oc-136"/>
      </symbol>
      <symbol id="sm-17e">
         <name>i_right</name>
         <value>0x2020016c</value>
         <object_component_ref idref="oc-137"/>
      </symbol>
      <symbol id="sm-17f">
         <name>erro_right2</name>
         <value>0x20200164</value>
         <object_component_ref idref="oc-138"/>
      </symbol>
      <symbol id="sm-180">
         <name>d_right</name>
         <value>0x2020014c</value>
         <object_component_ref idref="oc-139"/>
      </symbol>
      <symbol id="sm-181">
         <name>kp_right</name>
         <value>0x20200184</value>
         <object_component_ref idref="oc-13a"/>
      </symbol>
      <symbol id="sm-182">
         <name>ki_right</name>
         <value>0x2020017c</value>
         <object_component_ref idref="oc-13b"/>
      </symbol>
      <symbol id="sm-183">
         <name>kd_right</name>
         <value>0x20200174</value>
         <object_component_ref idref="oc-13c"/>
      </symbol>
      <symbol id="sm-184">
         <name>PID_left</name>
         <value>0xaf9</value>
         <object_component_ref idref="oc-ae"/>
      </symbol>
      <symbol id="sm-185">
         <name>erro_left0</name>
         <value>0x20200150</value>
         <object_component_ref idref="oc-128"/>
      </symbol>
      <symbol id="sm-186">
         <name>erro_left1</name>
         <value>0x20200154</value>
         <object_component_ref idref="oc-129"/>
      </symbol>
      <symbol id="sm-187">
         <name>p_left</name>
         <value>0x20200188</value>
         <object_component_ref idref="oc-12a"/>
      </symbol>
      <symbol id="sm-188">
         <name>i_left</name>
         <value>0x20200168</value>
         <object_component_ref idref="oc-12b"/>
      </symbol>
      <symbol id="sm-189">
         <name>erro_left2</name>
         <value>0x20200158</value>
         <object_component_ref idref="oc-12c"/>
      </symbol>
      <symbol id="sm-18a">
         <name>d_left</name>
         <value>0x20200148</value>
         <object_component_ref idref="oc-12d"/>
      </symbol>
      <symbol id="sm-18b">
         <name>kp_left</name>
         <value>0x20200180</value>
         <object_component_ref idref="oc-12e"/>
      </symbol>
      <symbol id="sm-18c">
         <name>ki_left</name>
         <value>0x20200178</value>
         <object_component_ref idref="oc-12f"/>
      </symbol>
      <symbol id="sm-18d">
         <name>kd_left</name>
         <value>0x20200170</value>
         <object_component_ref idref="oc-130"/>
      </symbol>
      <symbol id="sm-19e">
         <name>PWM_init</name>
         <value>0x2295</value>
         <object_component_ref idref="oc-d8"/>
      </symbol>
      <symbol id="sm-19f">
         <name>PWM_SetDuty</name>
         <value>0x15dd</value>
         <object_component_ref idref="oc-8f"/>
      </symbol>
      <symbol id="sm-1c1">
         <name>SSD1106_WR_Byte</name>
         <value>0xfe5</value>
         <object_component_ref idref="oc-165"/>
      </symbol>
      <symbol id="sm-1c2">
         <name>SSD1106_Set_Pos</name>
         <value>0x198d</value>
         <object_component_ref idref="oc-167"/>
      </symbol>
      <symbol id="sm-1c3">
         <name>SSD1106_Clear</name>
         <value>0x1571</value>
         <object_component_ref idref="oc-166"/>
      </symbol>
      <symbol id="sm-1c4">
         <name>SSD1106_ShowChar</name>
         <value>0x235</value>
         <object_component_ref idref="oc-16a"/>
      </symbol>
      <symbol id="sm-1c5">
         <name>F6x8</name>
         <value>0x28f0</value>
         <object_component_ref idref="oc-1bf"/>
      </symbol>
      <symbol id="sm-1c6">
         <name>F8X16</name>
         <value>0x2300</value>
         <object_component_ref idref="oc-1c0"/>
      </symbol>
      <symbol id="sm-1c7">
         <name>SSD1106_pow</name>
         <value>0x1c03</value>
         <object_component_ref idref="oc-16d"/>
      </symbol>
      <symbol id="sm-1c8">
         <name>SSD1106_ShowNum</name>
         <value>0xd81</value>
         <object_component_ref idref="oc-ec"/>
      </symbol>
      <symbol id="sm-1c9">
         <name>SSD1106_ShowString</name>
         <value>0x1425</value>
         <object_component_ref idref="oc-df"/>
      </symbol>
      <symbol id="sm-1ca">
         <name>SSD1106_Init</name>
         <value>0x571</value>
         <object_component_ref idref="oc-da"/>
      </symbol>
      <symbol id="sm-1cb">
         <name>SSD1106_ShowFNum</name>
         <value>0xc1</value>
         <object_component_ref idref="oc-ef"/>
      </symbol>
      <symbol id="sm-1f3">
         <name>UART_Init</name>
         <value>0x1c35</value>
         <object_component_ref idref="oc-d7"/>
      </symbol>
      <symbol id="sm-1f4">
         <name>stage</name>
         <value>0x20200146</value>
      </symbol>
      <symbol id="sm-1f5">
         <name>M1</name>
         <value>0x20200142</value>
      </symbol>
      <symbol id="sm-1f6">
         <name>M2</name>
         <value>0x20200143</value>
      </symbol>
      <symbol id="sm-1f7">
         <name>UART3_IRQHandler</name>
         <value>0x1af9</value>
         <object_component_ref idref="oc-39"/>
      </symbol>
      <symbol id="sm-1f8">
         <name>Data_Decoder</name>
         <value>0x675</value>
         <object_component_ref idref="oc-6a"/>
      </symbol>
      <symbol id="sm-1f9">
         <name>flag</name>
         <value>0x20200144</value>
      </symbol>
      <symbol id="sm-1fa">
         <name>gEchoData</name>
         <value>0x20200145</value>
      </symbol>
      <symbol id="sm-1fb">
         <name>stop_flag</name>
         <value>0x20200147</value>
      </symbol>
      <symbol id="sm-1fc">
         <name>UART_GetFlag</name>
         <value>0x1d91</value>
         <object_component_ref idref="oc-e0"/>
      </symbol>
      <symbol id="sm-1fd">
         <name>UART_ReturnM1</name>
         <value>0x22a5</value>
         <object_component_ref idref="oc-e1"/>
      </symbol>
      <symbol id="sm-1fe">
         <name>UART_ReturnM2</name>
         <value>0x22b5</value>
         <object_component_ref idref="oc-e6"/>
      </symbol>
      <symbol id="sm-1ff">
         <name>__TI_ATRegion0_src_addr</name>
         <value>0x0</value>
      </symbol>
      <symbol id="sm-200">
         <name>__TI_ATRegion0_trg_addr</name>
         <value>0x0</value>
      </symbol>
      <symbol id="sm-201">
         <name>__TI_ATRegion0_region_sz</name>
         <value>0x0</value>
      </symbol>
      <symbol id="sm-202">
         <name>__TI_ATRegion1_src_addr</name>
         <value>0x0</value>
      </symbol>
      <symbol id="sm-203">
         <name>__TI_ATRegion1_trg_addr</name>
         <value>0x0</value>
      </symbol>
      <symbol id="sm-204">
         <name>__TI_ATRegion1_region_sz</name>
         <value>0x0</value>
      </symbol>
      <symbol id="sm-205">
         <name>__TI_ATRegion2_src_addr</name>
         <value>0x0</value>
      </symbol>
      <symbol id="sm-206">
         <name>__TI_ATRegion2_trg_addr</name>
         <value>0x0</value>
      </symbol>
      <symbol id="sm-207">
         <name>__TI_ATRegion2_region_sz</name>
         <value>0x0</value>
      </symbol>
      <symbol id="sm-210">
         <name>DL_Common_delayCycles</name>
         <value>0x22d1</value>
         <object_component_ref idref="oc-18d"/>
      </symbol>
      <symbol id="sm-22c">
         <name>DL_Timer_setClockConfig</name>
         <value>0x1f81</value>
         <object_component_ref idref="oc-1a1"/>
      </symbol>
      <symbol id="sm-22d">
         <name>DL_Timer_initTimerMode</name>
         <value>0x855</value>
         <object_component_ref idref="oc-1ac"/>
      </symbol>
      <symbol id="sm-22e">
         <name>DL_Timer_setCaptureCompareValue</name>
         <value>0x2285</value>
         <object_component_ref idref="oc-118"/>
      </symbol>
      <symbol id="sm-22f">
         <name>DL_Timer_initPWMMode</name>
         <value>0xf21</value>
         <object_component_ref idref="oc-1a2"/>
      </symbol>
      <symbol id="sm-230">
         <name>DL_Timer_setCaptureCompareOutCtl</name>
         <value>0x20a9</value>
         <object_component_ref idref="oc-1a3"/>
      </symbol>
      <symbol id="sm-231">
         <name>DL_Timer_setCaptCompUpdateMethod</name>
         <value>0x1f65</value>
         <object_component_ref idref="oc-1a4"/>
      </symbol>
      <symbol id="sm-23e">
         <name>DL_UART_init</name>
         <value>0x17f9</value>
         <object_component_ref idref="oc-1b6"/>
      </symbol>
      <symbol id="sm-23f">
         <name>DL_UART_setClockConfig</name>
         <value>0x222d</value>
         <object_component_ref idref="oc-1b0"/>
      </symbol>
      <symbol id="sm-24a">
         <name>_c_int00_noargs</name>
         <value>0x1de1</value>
         <object_component_ref idref="oc-5a"/>
      </symbol>
      <symbol id="sm-24b">
         <name>__stack</name>
         <value>0x20207e00</value>
         <object_component_ref idref="oc-1a"/>
      </symbol>
      <symbol id="sm-257">
         <name>__TI_auto_init_nobinit_nopinit</name>
         <value>0x1a45</value>
         <object_component_ref idref="oc-fe"/>
      </symbol>
      <symbol id="sm-25f">
         <name>_system_pre_init</name>
         <value>0x22ed</value>
         <object_component_ref idref="oc-7c"/>
      </symbol>
      <symbol id="sm-26a">
         <name>__TI_zero_init_nomemset</name>
         <value>0x2165</value>
         <object_component_ref idref="oc-51"/>
      </symbol>
      <symbol id="sm-273">
         <name>__TI_decompress_none</name>
         <value>0x2251</value>
         <object_component_ref idref="oc-20"/>
      </symbol>
      <symbol id="sm-27e">
         <name>__TI_decompress_lzss</name>
         <value>0x132d</value>
         <object_component_ref idref="oc-1c"/>
      </symbol>
      <symbol id="sm-288">
         <name>abort</name>
         <value>0x22f1</value>
         <object_component_ref idref="oc-f7"/>
      </symbol>
      <symbol id="sm-289">
         <name>C$$EXIT</name>
         <value>0x22f0</value>
         <object_component_ref idref="oc-f7"/>
      </symbol>
      <symbol id="sm-291">
         <name>__aeabi_fadd</name>
         <value>0xcb3</value>
         <object_component_ref idref="oc-b3"/>
      </symbol>
      <symbol id="sm-292">
         <name>__addsf3</name>
         <value>0xcb3</value>
         <object_component_ref idref="oc-b3"/>
      </symbol>
      <symbol id="sm-293">
         <name>__aeabi_fsub</name>
         <value>0xca9</value>
         <object_component_ref idref="oc-b3"/>
      </symbol>
      <symbol id="sm-294">
         <name>__subsf3</name>
         <value>0xca9</value>
         <object_component_ref idref="oc-b3"/>
      </symbol>
      <symbol id="sm-29a">
         <name>__aeabi_dmul</name>
         <value>0x93d</value>
         <object_component_ref idref="oc-9d"/>
      </symbol>
      <symbol id="sm-29b">
         <name>__muldf3</name>
         <value>0x93d</value>
         <object_component_ref idref="oc-9d"/>
      </symbol>
      <symbol id="sm-2a1">
         <name>__muldsi3</name>
         <value>0x1abd</value>
         <object_component_ref idref="oc-121"/>
      </symbol>
      <symbol id="sm-2a7">
         <name>__aeabi_fmul</name>
         <value>0x1099</value>
         <object_component_ref idref="oc-110"/>
      </symbol>
      <symbol id="sm-2a8">
         <name>__mulsf3</name>
         <value>0x1099</value>
         <object_component_ref idref="oc-110"/>
      </symbol>
      <symbol id="sm-2ae">
         <name>__aeabi_ddiv</name>
         <value>0x465</value>
         <object_component_ref idref="oc-a1"/>
      </symbol>
      <symbol id="sm-2af">
         <name>__divdf3</name>
         <value>0x465</value>
         <object_component_ref idref="oc-a1"/>
      </symbol>
      <symbol id="sm-2b5">
         <name>__aeabi_f2d</name>
         <value>0x194d</value>
         <object_component_ref idref="oc-b8"/>
      </symbol>
      <symbol id="sm-2b6">
         <name>__extendsfdf2</name>
         <value>0x194d</value>
         <object_component_ref idref="oc-b8"/>
      </symbol>
      <symbol id="sm-2bc">
         <name>__aeabi_f2iz</name>
         <value>0x1b31</value>
         <object_component_ref idref="oc-e2"/>
      </symbol>
      <symbol id="sm-2bd">
         <name>__fixsfsi</name>
         <value>0x1b31</value>
         <object_component_ref idref="oc-e2"/>
      </symbol>
      <symbol id="sm-2c3">
         <name>__aeabi_f2uiz</name>
         <value>0x1bd1</value>
         <object_component_ref idref="oc-114"/>
      </symbol>
      <symbol id="sm-2c4">
         <name>__fixunssfsi</name>
         <value>0x1bd1</value>
         <object_component_ref idref="oc-114"/>
      </symbol>
      <symbol id="sm-2ca">
         <name>__aeabi_i2d</name>
         <value>0x1d15</value>
         <object_component_ref idref="oc-99"/>
      </symbol>
      <symbol id="sm-2cb">
         <name>__floatsidf</name>
         <value>0x1d15</value>
         <object_component_ref idref="oc-99"/>
      </symbol>
      <symbol id="sm-2d1">
         <name>__aeabi_ui2f</name>
         <value>0x1db9</value>
         <object_component_ref idref="oc-e7"/>
      </symbol>
      <symbol id="sm-2d2">
         <name>__floatunsisf</name>
         <value>0x1db9</value>
         <object_component_ref idref="oc-e7"/>
      </symbol>
      <symbol id="sm-2d9">
         <name>__aeabi_d2f</name>
         <value>0x13b1</value>
         <object_component_ref idref="oc-a5"/>
      </symbol>
      <symbol id="sm-2da">
         <name>__truncdfsf2</name>
         <value>0x13b1</value>
         <object_component_ref idref="oc-a5"/>
      </symbol>
      <symbol id="sm-2e0">
         <name>__aeabi_dcmpeq</name>
         <value>0x1645</value>
         <object_component_ref idref="oc-bc"/>
      </symbol>
      <symbol id="sm-2e1">
         <name>__aeabi_dcmplt</name>
         <value>0x1659</value>
         <object_component_ref idref="oc-bc"/>
      </symbol>
      <symbol id="sm-2e2">
         <name>__aeabi_dcmple</name>
         <value>0x166d</value>
         <object_component_ref idref="oc-bc"/>
      </symbol>
      <symbol id="sm-2e3">
         <name>__aeabi_dcmpge</name>
         <value>0x1681</value>
         <object_component_ref idref="oc-bc"/>
      </symbol>
      <symbol id="sm-2e4">
         <name>__aeabi_dcmpgt</name>
         <value>0x1695</value>
         <object_component_ref idref="oc-bc"/>
      </symbol>
      <symbol id="sm-2ea">
         <name>__aeabi_fcmpeq</name>
         <value>0x16a9</value>
         <object_component_ref idref="oc-c0"/>
      </symbol>
      <symbol id="sm-2eb">
         <name>__aeabi_fcmplt</name>
         <value>0x16bd</value>
         <object_component_ref idref="oc-c0"/>
      </symbol>
      <symbol id="sm-2ec">
         <name>__aeabi_fcmple</name>
         <value>0x16d1</value>
         <object_component_ref idref="oc-c0"/>
      </symbol>
      <symbol id="sm-2ed">
         <name>__aeabi_fcmpge</name>
         <value>0x16e5</value>
         <object_component_ref idref="oc-c0"/>
      </symbol>
      <symbol id="sm-2ee">
         <name>__aeabi_fcmpgt</name>
         <value>0x16f9</value>
         <object_component_ref idref="oc-c0"/>
      </symbol>
      <symbol id="sm-2f4">
         <name>__aeabi_memcpy</name>
         <value>0x22dd</value>
         <object_component_ref idref="oc-4a"/>
      </symbol>
      <symbol id="sm-2f5">
         <name>__aeabi_memcpy4</name>
         <value>0x22dd</value>
         <object_component_ref idref="oc-4a"/>
      </symbol>
      <symbol id="sm-2f6">
         <name>__aeabi_memcpy8</name>
         <value>0x22dd</value>
         <object_component_ref idref="oc-4a"/>
      </symbol>
      <symbol id="sm-2fc">
         <name>__aeabi_uidiv</name>
         <value>0x190d</value>
         <object_component_ref idref="oc-16e"/>
      </symbol>
      <symbol id="sm-2fd">
         <name>__aeabi_uidivmod</name>
         <value>0x190d</value>
         <object_component_ref idref="oc-16e"/>
      </symbol>
      <symbol id="sm-306">
         <name>__eqsf2</name>
         <value>0x1a81</value>
         <object_component_ref idref="oc-146"/>
      </symbol>
      <symbol id="sm-307">
         <name>__lesf2</name>
         <value>0x1a81</value>
         <object_component_ref idref="oc-146"/>
      </symbol>
      <symbol id="sm-308">
         <name>__ltsf2</name>
         <value>0x1a81</value>
         <object_component_ref idref="oc-146"/>
      </symbol>
      <symbol id="sm-309">
         <name>__nesf2</name>
         <value>0x1a81</value>
         <object_component_ref idref="oc-146"/>
      </symbol>
      <symbol id="sm-30a">
         <name>__cmpsf2</name>
         <value>0x1a81</value>
         <object_component_ref idref="oc-146"/>
      </symbol>
      <symbol id="sm-30b">
         <name>__gtsf2</name>
         <value>0x1a09</value>
         <object_component_ref idref="oc-14b"/>
      </symbol>
      <symbol id="sm-30c">
         <name>__gesf2</name>
         <value>0x1a09</value>
         <object_component_ref idref="oc-14b"/>
      </symbol>
      <symbol id="sm-31a">
         <name>__ledf2</name>
         <value>0x1505</value>
         <object_component_ref idref="oc-13e"/>
      </symbol>
      <symbol id="sm-31b">
         <name>__gedf2</name>
         <value>0x1495</value>
         <object_component_ref idref="oc-144"/>
      </symbol>
      <symbol id="sm-31c">
         <name>__cmpdf2</name>
         <value>0x1505</value>
         <object_component_ref idref="oc-13e"/>
      </symbol>
      <symbol id="sm-31d">
         <name>__eqdf2</name>
         <value>0x1505</value>
         <object_component_ref idref="oc-13e"/>
      </symbol>
      <symbol id="sm-31e">
         <name>__ltdf2</name>
         <value>0x1505</value>
         <object_component_ref idref="oc-13e"/>
      </symbol>
      <symbol id="sm-31f">
         <name>__nedf2</name>
         <value>0x1505</value>
         <object_component_ref idref="oc-13e"/>
      </symbol>
      <symbol id="sm-320">
         <name>__gtdf2</name>
         <value>0x1495</value>
         <object_component_ref idref="oc-144"/>
      </symbol>
      <symbol id="sm-32a">
         <name>__aeabi_idiv0</name>
         <value>0x15db</value>
         <object_component_ref idref="oc-1c1"/>
      </symbol>
      <symbol id="sm-333">
         <name>TI_memcpy_small</name>
         <value>0x223f</value>
         <object_component_ref idref="oc-c8"/>
      </symbol>
      <symbol id="sm-334">
         <name>__TI_static_base__</name>
         <value>0x0</value>
      </symbol>
      <symbol id="sm-337">
         <name>__mpu_init</name>
         <value>0x0</value>
      </symbol>
      <symbol id="sm-338">
         <name>_system_post_cinit</name>
         <value>0x0</value>
      </symbol>
   </symbol_table>
   <title>Link successful</title>
</link_info>
