******************************************************************************
            TI ARM Clang Linker PC v3.2.2                      
******************************************************************************
>> Linked Mon Jul 29 22:25:49 2024

OUTPUT FILE NAME:   <empty_LP_MSPM0G3507_nortos_ticlang.out>
ENTRY POINT SYMBOL: "_c_int00_noargs"  address: 000017c5


MEMORY CONFIGURATION

         name            origin    length      used     unused   attr    fill
----------------------  --------  ---------  --------  --------  ----  --------
  FLASH                 00000000   00020000  00002558  0001daa8  R  X
  SRAM                  20200000   00008000  00000307  00007cf9  RW X
  BCR_CONFIG            41c00000   00000080  00000000  00000080  R   
  BSL_CONFIG            41c00100   00000080  00000000  00000080  R   


SEGMENT ALLOCATION MAP

run origin  load origin   length   init length attrs members
----------  ----------- ---------- ----------- ----- -------
00000000    00000000    00002558   00002558    r-x
  00000000    00000000    000000c0   000000c0    r-- .intvecs
  000000c0    000000c0    00001c20   00001c20    r-x .text
  00001ce0    00001ce0    00000860   00000860    r-- .rodata
  00002540    00002540    00000018   00000018    r-- .cinit
20200000    20200000    00000107   00000000    rw-
  20200000    20200000    00000107   00000000    rw- .bss
20207e00    20207e00    00000200   00000000    rw-
  20207e00    20207e00    00000200   00000000    rw- .stack


SECTION ALLOCATION MAP

 output                                  attributes/
section   page    origin      length       input sections
--------  ----  ----------  ----------   ----------------
.intvecs   0    00000000    000000c0     
                  00000000    000000c0     startup_mspm0g350x_ticlang.o (.intvecs)

.text      0    000000c0    00001c20     
                  000000c0    0000017c     UART.o (.text.Data_Decoder)
                  0000023c    00000174     ssd1106.o (.text.SSD1106_ShowFNum)
                  000003b0    00000120     ssd1106.o (.text.SSD1106_ShowChar)
                  000004d0    0000010c     libclang_rt.builtins.a : divdf3.S.obj (.text.__divdf3)
                  000005dc    00000104     ssd1106.o (.text.SSD1106_Init)
                  000006e0    000000f8     main.o (.text.main)
                  000007d8    000000f4     ti_msp_dl_config.o (.text.SYSCFG_DL_GPIO_init)
                  000008cc    000000e8     driverlib.a : dl_timer.o (.text.DL_Timer_initTimerMode)
                  000009b4    000000e4     libclang_rt.builtins.a : muldf3.S.obj (.text.__muldf3)
                  00000a98    000000c4     driverlib.a : dl_timer.o (.text.DL_Timer_initPWMMode)
                  00000b5c    000000b4     ssd1106.o (.text.SSD1106_WR_Byte)
                  00000c10    0000008c     libclang_rt.builtins.a : mulsf3.S.obj (.text.__mulsf3)
                  00000c9c    00000088     encoder.o (.text.GROUP1_IRQHandler)
                  00000d24    00000084     ti_msp_dl_config.o (.text.SYSCFG_DL_PWM_0_init)
                  00000da8    00000084     ti_msp_dl_config.o (.text.__NVIC_SetPriority)
                  00000e2c    0000007c     ti_msp_dl_config.o (.text.SYSCFG_DL_initPower)
                  00000ea8    00000004     startup_mspm0g350x_ticlang.o (.text.Default_Handler)
                  00000eac    00000004     libc.a : pre_init.c.obj (.text._system_pre_init)
                  00000eb0    00000074     libclang_rt.builtins.a : truncdfsf2.S.obj (.text.__truncdfsf2)
                  00000f24    00000070     ssd1106.o (.text.SSD1106_ShowString)
                  00000f94    0000006a     ssd1106.o (.text.SSD1106_Clear)
                  00000ffe    00000002     libclang_rt.builtins.a : aeabi_div0.c.obj (.text.__aeabi_idiv0)
                  00001000    00000068     UART.o (.text.UART_Init)
                  00001068    00000062     libclang_rt.builtins.a : aeabi_fcmp.S.obj (.text.__aeabi_fcmp)
                  000010ca    00000002     --HOLE-- [fill = 0]
                  000010cc    00000054     ti_msp_dl_config.o (.text.DL_Timer_configQEI)
                  00001120    0000004c     ti_msp_dl_config.o (.text.DL_UART_setBaudRateDivisor)
                  0000116c    0000004c     ti_msp_dl_config.o (.text.SYSCFG_DL_QEI_0_init)
                  000011b8    00000048     driverlib.a : dl_uart.o (.text.DL_UART_init)
                  00001200    00000048     ti_msp_dl_config.o (.text.SYSCFG_DL_UART_0_init)
                  00001248    00000044     UART.o (.text.UART_ReturnPitch)
                  0000128c    00000044     UART.o (.text.UART_ReturnRoll)
                  000012d0    00000044     UART.o (.text.UART_ReturnYaw)
                  00001314    00000040     encoder.o (.text.GetCount)
                  00001354    00000040     libclang_rt.builtins.a : aeabi_uidivmod.S.obj (.text.__aeabi_uidivmod)
                  00001394    0000003e     ssd1106.o (.text.SSD1106_Set_Pos)
                  000013d2    00000002     --HOLE-- [fill = 0]
                  000013d4    0000003c     libclang_rt.builtins.a : floatsisf.S.obj (.text.__floatsisf)
                  00001410    0000003c                            : comparesf2.S.obj (.text.__gtsf2)
                  0000144c    0000003c     libc.a : autoinit.c.obj (.text:__TI_auto_init_nobinit_nopinit)
                  00001488    0000003a     libclang_rt.builtins.a : comparesf2.S.obj (.text.__eqsf2)
                  000014c2    00000002     --HOLE-- [fill = 0]
                  000014c4    0000003a                            : muldsi3.S.obj (.text.__muldsi3)
                  000014fe    00000002     --HOLE-- [fill = 0]
                  00001500    00000038     UART.o (.text.UART0_IRQHandler)
                  00001538    00000038     libclang_rt.builtins.a : fixsfsi.S.obj (.text.__fixsfsi)
                  00001570    00000034     ti_msp_dl_config.o (.text.DL_GPIO_initDigitalInputFeatures)
                  000015a4    00000034     ti_msp_dl_config.o (.text.SYSCFG_DL_TIMER_0_init)
                  000015d8    00000034     ti_msp_dl_config.o (.text.SYSCFG_DL_init)
                  0000160c    00000032     ti_msp_dl_config.o (.text.SYSCFG_DL_SYSCTL_init)
                  0000163e    00000030     ssd1106.o (.text.SSD1106_pow)
                  0000166e    00000002     --HOLE-- [fill = 0]
                  00001670    0000002c     UART.o (.text.__NVIC_ClearPendingIRQ)
                  0000169c    0000002c     encoder.o (.text.__NVIC_ClearPendingIRQ)
                  000016c8    0000002c     UART.o (.text.__NVIC_EnableIRQ)
                  000016f4    0000002c     encoder.o (.text.__NVIC_EnableIRQ)
                  00001720    0000002c     libclang_rt.builtins.a : floatsidf.S.obj (.text.__floatsidf)
                  0000174c    00000028     ti_msp_dl_config.o (.text.DL_Common_updateReg)
                  00001774    00000028     UART.o (.text.UART_GetFlag)
                  0000179c    00000028     libclang_rt.builtins.a : floatunsisf.S.obj (.text.__floatunsisf)
                  000017c4    00000028     libc.a : boot_cortex_m.c.obj (.text:_c_int00_noargs)
                  000017ec    00000024     encoder.o (.text.Encoder_Init)
                  00001810    00000024     encoder.o (.text.TIMG0_IRQHandler)
                  00001834    00000020     ti_msp_dl_config.o (.text.DL_GPIO_initPeripheralInputFunction)
                  00001854    0000001e     ti_msp_dl_config.o (.text.DL_UART_setOversampling)
                  00001872    00000002     --HOLE-- [fill = 0]
                  00001874    0000001c     encoder.o (.text.DL_GPIO_clearInterruptStatus)
                  00001890    0000001c     ti_msp_dl_config.o (.text.DL_GPIO_clearInterruptStatus)
                  000018ac    0000001c     ti_msp_dl_config.o (.text.DL_GPIO_enableInterrupt)
                  000018c8    0000001c     ti_msp_dl_config.o (.text.DL_GPIO_initDigitalInput)
                  000018e4    0000001c     ti_msp_dl_config.o (.text.DL_GPIO_initPeripheralOutputFunction)
                  00001900    0000001c     ti_msp_dl_config.o (.text.DL_GPIO_setLowerPinsPolarity)
                  0000191c    0000001c     ti_msp_dl_config.o (.text.DL_SYSCTL_setMCLKDivider)
                  00001938    0000001c     ti_msp_dl_config.o (.text.DL_SYSCTL_setSYSOSCFreq)
                  00001954    0000001c     ti_msp_dl_config.o (.text.DL_SYSCTL_setULPCLKDivider)
                  00001970    0000001c     ti_msp_dl_config.o (.text.DL_Timer_enableInterrupt)
                  0000198c    0000001c     driverlib.a : dl_timer.o (.text.DL_Timer_setCaptCompUpdateMethod)
                  000019a8    0000001c                 : dl_timer.o (.text.DL_Timer_setClockConfig)
                  000019c4    0000001c     ti_msp_dl_config.o (.text.DL_UART_enableInterrupt)
                  000019e0    00000018     ti_msp_dl_config.o (.text.DL_GPIO_enableOutput)
                  000019f8    00000018     ti_msp_dl_config.o (.text.DL_GPIO_enablePower)
                  00001a10    00000018     encoder.o (.text.DL_GPIO_getEnabledInterruptStatus)
                  00001a28    00000018     ti_msp_dl_config.o (.text.DL_GPIO_initDigitalOutput)
                  00001a40    00000018     ti_msp_dl_config.o (.text.DL_GPIO_reset)
                  00001a58    00000018     ssd1106.o (.text.DL_GPIO_setPins)
                  00001a70    00000018     main.o (.text.DL_GPIO_togglePins)
                  00001a88    00000018     ti_msp_dl_config.o (.text.DL_SYSCTL_setBORThreshold)
                  00001aa0    00000018     ti_msp_dl_config.o (.text.DL_Timer_enablePower)
                  00001ab8    00000018     ti_msp_dl_config.o (.text.DL_Timer_reset)
                  00001ad0    00000018     driverlib.a : dl_timer.o (.text.DL_Timer_setCaptureCompareOutCtl)
                  00001ae8    00000018     ti_msp_dl_config.o (.text.DL_Timer_setLoadValue)
                  00001b00    00000018     encoder.o (.text.DL_Timer_startCounter)
                  00001b18    00000018     pwm.o (.text.DL_Timer_startCounter)
                  00001b30    00000018     ti_msp_dl_config.o (.text.DL_UART_enablePower)
                  00001b48    00000018     ti_msp_dl_config.o (.text.DL_UART_reset)
                  00001b60    00000016     encoder.o (.text.DL_GPIO_readPins)
                  00001b76    00000016     ti_msp_dl_config.o (.text.DL_UART_enable)
                  00001b8c    00000016     libc.a : copy_zero_init.c.obj (.text:decompress:ZI:__TI_zero_init_nomemset)
                  00001ba2    00000014     ssd1106.o (.text.DL_GPIO_clearPins)
                  00001bb6    00000014     ti_msp_dl_config.o (.text.DL_GPIO_clearPins)
                  00001bca    00000002     --HOLE-- [fill = 0]
                  00001bcc    00000014     ti_msp_dl_config.o (.text.DL_SYSCTL_disableSYSPLL)
                  00001be0    00000014     ti_msp_dl_config.o (.text.DL_Timer_enableClock)
                  00001bf4    00000014     ti_msp_dl_config.o (.text.DL_Timer_setCCPDirection)
                  00001c08    00000014     encoder.o (.text.DL_Timer_setTimerCount)
                  00001c1c    00000014     UART.o (.text.DL_UART_receiveData)
                  00001c30    00000012     encoder.o (.text.DL_Timer_getPendingInterrupt)
                  00001c42    00000012     UART.o (.text.DL_UART_getPendingInterrupt)
                  00001c54    00000012     driverlib.a : dl_uart.o (.text.DL_UART_setClockConfig)
                  00001c66    00000002     --HOLE-- [fill = 0]
                  00001c68    00000010     ti_msp_dl_config.o (.text.DL_SYSCTL_disableHFXT)
                  00001c78    00000010     encoder.o (.text.DL_Timer_getTimerCount)
                  00001c88    00000010     driverlib.a : dl_timer.o (.text.DL_Timer_setCaptureCompareValue)
                  00001c98    00000010     pwm.o (.text.PWM_init)
                  00001ca8    0000000c     encoder.o (.text.Encoder_GetM1)
                  00001cb4    0000000c     encoder.o (.text.Encoder_GetM2)
                  00001cc0    0000000a     driverlib.a : dl_common.o (.text.DL_Common_delayCycles)
                  00001cca    00000004     startup_mspm0g350x_ticlang.o (.text.Reset_Handler)
                  00001cce    00000004     libc.a : exit.c.obj (.text:abort)
                  00001cd2    0000000e     --HOLE-- [fill = 0]

.cinit     0    00002540    00000018     
                  00002540    00000008     (.cinit..bss.load) [load image, compression = zero_init]
                  00002548    00000004     (__TI_handler_table)
                  0000254c    00000008     (__TI_cinit_table)
                  00002554    00000004     --HOLE-- [fill = 0]

.rodata    0    00001ce0    00000860     
                  00001ce0    000005f0     ssd1106.o (.rodata.F8X16)
                  000022d0    00000228     ssd1106.o (.rodata.F6x8)
                  000024f8    00000014     ti_msp_dl_config.o (.rodata.gTIMER_0TimerConfig)
                  0000250c    0000000a     ti_msp_dl_config.o (.rodata.gUART_0Config)
                  00002516    00000002     ti_msp_dl_config.o (.rodata.gUART_0ClockConfig)
                  00002518    00000008     ti_msp_dl_config.o (.rodata.gPWM_0Config)
                  00002520    00000005     main.o (.rodata.str1.42969106790848045441)
                  00002525    00000004     main.o (.rodata.str1.176328792963337784071)
                  00002529    00000004     main.o (.rodata.str1.52501554851255701521)
                  0000252d    00000004     main.o (.rodata.str1.97993385775340092391)
                  00002531    00000003     ti_msp_dl_config.o (.rodata.gPWM_0ClockConfig)
                  00002534    00000003     ti_msp_dl_config.o (.rodata.gQEI_0ClockConfig)
                  00002537    00000003     ti_msp_dl_config.o (.rodata.gTIMER_0ClockConfig)
                  0000253a    00000006     --HOLE-- [fill = 0]

.init_array 
*          0    00000000    00000000     UNINITIALIZED

.binit     0    00000000    00000000     

.bss       0    20200000    00000107     UNINITIALIZED
                  20200000    00000078     (.common:gPWM_0Backup)
                  20200078    00000078     (.common:gQEI_0Backup)
                  202000f0    00000004     (.common:gpioA)
                  202000f4    00000002     (.common:gEncoderCount)
                  202000f6    00000002     (.common:monitor1)
                  202000f8    00000002     (.common:monitor2)
                  202000fa    00000001     (.common:PitchH)
                  202000fb    00000001     (.common:PitchL)
                  202000fc    00000001     (.common:RollH)
                  202000fd    00000001     (.common:RollL)
                  202000fe    00000001     (.common:SUM)
                  202000ff    00000001     (.common:VH)
                  20200100    00000001     (.common:VL)
                  20200101    00000001     (.common:YawH)
                  20200102    00000001     (.common:YawL)
                  20200103    00000001     (.common:flag)
                  20200104    00000001     (.common:gEchoData)
                  20200105    00000001     (.common:parity)
                  20200106    00000001     (.common:stage)

.stack     0    20207e00    00000200     UNINITIALIZED
                  20207e00    00000004     libc.a : boot_cortex_m.c.obj (.stack)
                  20207e04    000001fc     --HOLE--

__llvm_prf_cnts 
*          0    20200000    00000000     UNINITIALIZED

__llvm_prf_bits 
*          0    20200000    00000000     UNINITIALIZED

MODULE SUMMARY

       Module                         code   ro data   rw data
       ------                         ----   -------   -------
    .\
       ti_msp_dl_config.o             1886   49        240    
       main.o                         272    17        0      
       startup_mspm0g350x_ticlang.o   8      192       0      
    +--+------------------------------+------+---------+---------+
       Total:                         2166   258       240    
                                                              
    .\ENCODER\
       encoder.o                      536    0         10     
    +--+------------------------------+------+---------+---------+
       Total:                         536    0         10     
                                                              
    .\PWM\
       pwm.o                          40     0         0      
    +--+------------------------------+------+---------+---------+
       Total:                         40     0         0      
                                                              
    .\SSD1106_OLED\
       ssd1106.o                      1472   2072      0      
    +--+------------------------------+------+---------+---------+
       Total:                         1472   2072      0      
                                                              
    .\UART\
       UART.o                         910    0         13     
    +--+------------------------------+------+---------+---------+
       Total:                         910    0         13     
                                                              
    E:/ti/mspm0_sdk_2_01_00_03/source/ti/driverlib/lib/ticlang/m0p/mspm0g1x0x_g3x0x/driverlib.a
       dl_timer.o                     524    0         0      
       dl_uart.o                      90     0         0      
       dl_common.o                    10     0         0      
    +--+------------------------------+------+---------+---------+
       Total:                         624    0         0      
                                                              
    E:\ti\ccstheia141\ccs\tools\compiler\ti-cgt-armllvm_3.2.2.LTS\lib\armv6m-ti-none-eabi/c/libc.a
       autoinit.c.obj                 60     0         0      
       boot_cortex_m.c.obj            40     0         0      
       copy_zero_init.c.obj           22     0         0      
       exit.c.obj                     4      0         0      
       pre_init.c.obj                 4      0         0      
    +--+------------------------------+------+---------+---------+
       Total:                         130    0         0      
                                                              
    E:\ti\ccstheia141\ccs\tools\compiler\ti-cgt-armllvm_3.2.2.LTS\lib\clang/15.0.7/lib/armv6m-ti-none-eabi/libclang_rt.builtins.a
       divdf3.S.obj                   268    0         0      
       muldf3.S.obj                   228    0         0      
       mulsf3.S.obj                   140    0         0      
       comparesf2.S.obj               118    0         0      
       truncdfsf2.S.obj               116    0         0      
       aeabi_fcmp.S.obj               98     0         0      
       aeabi_uidivmod.S.obj           64     0         0      
       floatsisf.S.obj                60     0         0      
       muldsi3.S.obj                  58     0         0      
       fixsfsi.S.obj                  56     0         0      
       floatsidf.S.obj                44     0         0      
       floatunsisf.S.obj              40     0         0      
       aeabi_div0.c.obj               2      0         0      
    +--+------------------------------+------+---------+---------+
       Total:                         1292   0         0      
                                                              
       Stack:                         0      0         512    
       Linker Generated:              0      20        0      
    +--+------------------------------+------+---------+---------+
       Grand Total:                   7170   2350      775    


LINKER GENERATED COPY TABLES

__TI_cinit_table @ 0000254c records: 1, size/record: 8, table size: 8
	.bss: load addr=00002540, load size=00000008 bytes, run addr=20200000, run size=00000107 bytes, compression=zero_init


LINKER GENERATED HANDLER TABLE

__TI_handler_table @ 00002548 records: 1, size/record: 4, table size: 4
	index: 0, handler: __TI_zero_init


GLOBAL SYMBOLS: SORTED ALPHABETICALLY BY Name 

address   name                            
-------   ----                            
00000ea9  ADC0_IRQHandler                 
00000ea9  ADC1_IRQHandler                 
00000ea9  AES_IRQHandler                  
00001cce  C$$EXIT                         
00000ea9  CANFD0_IRQHandler               
00000ea9  DAC0_IRQHandler                 
00001cc1  DL_Common_delayCycles           
00000a99  DL_Timer_initPWMMode            
000008cd  DL_Timer_initTimerMode          
0000198d  DL_Timer_setCaptCompUpdateMethod
00001ad1  DL_Timer_setCaptureCompareOutCtl
00001c89  DL_Timer_setCaptureCompareValue 
000019a9  DL_Timer_setClockConfig         
000011b9  DL_UART_init                    
00001c55  DL_UART_setClockConfig          
00000ea9  DMA_IRQHandler                  
000000c1  Data_Decoder                    
00000ea9  Default_Handler                 
00001ca9  Encoder_GetM1                   
00001cb5  Encoder_GetM2                   
000017ed  Encoder_Init                    
000022d0  F6x8                            
00001ce0  F8X16                           
00000ea9  GROUP0_IRQHandler               
00000c9d  GROUP1_IRQHandler               
00001315  GetCount                        
00000ea9  HardFault_Handler               
00000ea9  I2C0_IRQHandler                 
00000ea9  I2C1_IRQHandler                 
00000ea9  NMI_Handler                     
00001c99  PWM_init                        
00000ea9  PendSV_Handler                  
202000fa  PitchH                          
202000fb  PitchL                          
00000ea9  RTC_IRQHandler                  
00001ccb  Reset_Handler                   
202000fc  RollH                           
202000fd  RollL                           
00000ea9  SPI0_IRQHandler                 
00000ea9  SPI1_IRQHandler                 
00000f95  SSD1106_Clear                   
000005dd  SSD1106_Init                    
00001395  SSD1106_Set_Pos                 
000003b1  SSD1106_ShowChar                
0000023d  SSD1106_ShowFNum                
00000f25  SSD1106_ShowString              
00000b5d  SSD1106_WR_Byte                 
0000163f  SSD1106_pow                     
202000fe  SUM                             
00000ea9  SVC_Handler                     
000007d9  SYSCFG_DL_GPIO_init             
00000d25  SYSCFG_DL_PWM_0_init            
0000116d  SYSCFG_DL_QEI_0_init            
0000160d  SYSCFG_DL_SYSCTL_init           
000015a5  SYSCFG_DL_TIMER_0_init          
00001201  SYSCFG_DL_UART_0_init           
000015d9  SYSCFG_DL_init                  
00000e2d  SYSCFG_DL_initPower             
00000ea9  SysTick_Handler                 
00000ea9  TIMA0_IRQHandler                
00000ea9  TIMA1_IRQHandler                
00001811  TIMG0_IRQHandler                
00000ea9  TIMG12_IRQHandler               
00000ea9  TIMG6_IRQHandler                
00000ea9  TIMG7_IRQHandler                
00000ea9  TIMG8_IRQHandler                
00001501  UART0_IRQHandler                
00000ea9  UART1_IRQHandler                
00000ea9  UART2_IRQHandler                
00000ea9  UART3_IRQHandler                
00001775  UART_GetFlag                    
00001001  UART_Init                       
00001249  UART_ReturnPitch                
0000128d  UART_ReturnRoll                 
000012d1  UART_ReturnYaw                  
202000ff  VH                              
20200100  VL                              
20200101  YawH                            
20200102  YawL                            
20208000  __STACK_END                     
00000200  __STACK_SIZE                    
00000000  __TI_ATRegion0_region_sz        
00000000  __TI_ATRegion0_src_addr         
00000000  __TI_ATRegion0_trg_addr         
00000000  __TI_ATRegion1_region_sz        
00000000  __TI_ATRegion1_src_addr         
00000000  __TI_ATRegion1_trg_addr         
00000000  __TI_ATRegion2_region_sz        
00000000  __TI_ATRegion2_src_addr         
00000000  __TI_ATRegion2_trg_addr         
0000254c  __TI_CINIT_Base                 
00002554  __TI_CINIT_Limit                
00002554  __TI_CINIT_Warm                 
00002548  __TI_Handler_Table_Base         
0000254c  __TI_Handler_Table_Limit        
0000144d  __TI_auto_init_nobinit_nopinit  
ffffffff  __TI_pprof_out_hndl             
ffffffff  __TI_prof_data_size             
ffffffff  __TI_prof_data_start            
00000000  __TI_static_base__              
00001b8d  __TI_zero_init_nomemset         
00000eb1  __aeabi_d2f                     
000004d1  __aeabi_ddiv                    
000009b5  __aeabi_dmul                    
00001539  __aeabi_f2iz                    
00001069  __aeabi_fcmpeq                  
000010a5  __aeabi_fcmpge                  
000010b9  __aeabi_fcmpgt                  
00001091  __aeabi_fcmple                  
0000107d  __aeabi_fcmplt                  
00000c11  __aeabi_fmul                    
00001721  __aeabi_i2d                     
000013d5  __aeabi_i2f                     
00000fff  __aeabi_idiv0                   
0000179d  __aeabi_ui2f                    
00001355  __aeabi_uidiv                   
00001355  __aeabi_uidivmod                
ffffffff  __binit__                       
00001489  __cmpsf2                        
000004d1  __divdf3                        
00001489  __eqsf2                         
00001539  __fixsfsi                       
00001721  __floatsidf                     
000013d5  __floatsisf                     
0000179d  __floatunsisf                   
00001411  __gesf2                         
00001411  __gtsf2                         
00001489  __lesf2                         
00001489  __ltsf2                         
UNDEFED   __mpu_init                      
000009b5  __muldf3                        
000014c5  __muldsi3                       
00000c11  __mulsf3                        
00001489  __nesf2                         
20207e00  __stack                         
20200000  __start___llvm_prf_bits         
20200000  __start___llvm_prf_cnts         
20200000  __stop___llvm_prf_bits          
20200000  __stop___llvm_prf_cnts          
00000eb1  __truncdfsf2                    
000017c5  _c_int00_noargs                 
UNDEFED   _system_post_cinit              
00000ead  _system_pre_init                
00001ccf  abort                           
ffffffff  binit                           
20200103  flag                            
20200104  gEchoData                       
202000f4  gEncoderCount                   
20200000  gPWM_0Backup                    
20200078  gQEI_0Backup                    
202000f0  gpioA                           
00000000  interruptVectors                
000006e1  main                            
202000f6  monitor1                        
202000f8  monitor2                        
20200105  parity                          
20200106  stage                           


GLOBAL SYMBOLS: SORTED BY Symbol Address 

address   name                            
-------   ----                            
00000000  __TI_ATRegion0_region_sz        
00000000  __TI_ATRegion0_src_addr         
00000000  __TI_ATRegion0_trg_addr         
00000000  __TI_ATRegion1_region_sz        
00000000  __TI_ATRegion1_src_addr         
00000000  __TI_ATRegion1_trg_addr         
00000000  __TI_ATRegion2_region_sz        
00000000  __TI_ATRegion2_src_addr         
00000000  __TI_ATRegion2_trg_addr         
00000000  __TI_static_base__              
00000000  interruptVectors                
000000c1  Data_Decoder                    
00000200  __STACK_SIZE                    
0000023d  SSD1106_ShowFNum                
000003b1  SSD1106_ShowChar                
000004d1  __aeabi_ddiv                    
000004d1  __divdf3                        
000005dd  SSD1106_Init                    
000006e1  main                            
000007d9  SYSCFG_DL_GPIO_init             
000008cd  DL_Timer_initTimerMode          
000009b5  __aeabi_dmul                    
000009b5  __muldf3                        
00000a99  DL_Timer_initPWMMode            
00000b5d  SSD1106_WR_Byte                 
00000c11  __aeabi_fmul                    
00000c11  __mulsf3                        
00000c9d  GROUP1_IRQHandler               
00000d25  SYSCFG_DL_PWM_0_init            
00000e2d  SYSCFG_DL_initPower             
00000ea9  ADC0_IRQHandler                 
00000ea9  ADC1_IRQHandler                 
00000ea9  AES_IRQHandler                  
00000ea9  CANFD0_IRQHandler               
00000ea9  DAC0_IRQHandler                 
00000ea9  DMA_IRQHandler                  
00000ea9  Default_Handler                 
00000ea9  GROUP0_IRQHandler               
00000ea9  HardFault_Handler               
00000ea9  I2C0_IRQHandler                 
00000ea9  I2C1_IRQHandler                 
00000ea9  NMI_Handler                     
00000ea9  PendSV_Handler                  
00000ea9  RTC_IRQHandler                  
00000ea9  SPI0_IRQHandler                 
00000ea9  SPI1_IRQHandler                 
00000ea9  SVC_Handler                     
00000ea9  SysTick_Handler                 
00000ea9  TIMA0_IRQHandler                
00000ea9  TIMA1_IRQHandler                
00000ea9  TIMG12_IRQHandler               
00000ea9  TIMG6_IRQHandler                
00000ea9  TIMG7_IRQHandler                
00000ea9  TIMG8_IRQHandler                
00000ea9  UART1_IRQHandler                
00000ea9  UART2_IRQHandler                
00000ea9  UART3_IRQHandler                
00000ead  _system_pre_init                
00000eb1  __aeabi_d2f                     
00000eb1  __truncdfsf2                    
00000f25  SSD1106_ShowString              
00000f95  SSD1106_Clear                   
00000fff  __aeabi_idiv0                   
00001001  UART_Init                       
00001069  __aeabi_fcmpeq                  
0000107d  __aeabi_fcmplt                  
00001091  __aeabi_fcmple                  
000010a5  __aeabi_fcmpge                  
000010b9  __aeabi_fcmpgt                  
0000116d  SYSCFG_DL_QEI_0_init            
000011b9  DL_UART_init                    
00001201  SYSCFG_DL_UART_0_init           
00001249  UART_ReturnPitch                
0000128d  UART_ReturnRoll                 
000012d1  UART_ReturnYaw                  
00001315  GetCount                        
00001355  __aeabi_uidiv                   
00001355  __aeabi_uidivmod                
00001395  SSD1106_Set_Pos                 
000013d5  __aeabi_i2f                     
000013d5  __floatsisf                     
00001411  __gesf2                         
00001411  __gtsf2                         
0000144d  __TI_auto_init_nobinit_nopinit  
00001489  __cmpsf2                        
00001489  __eqsf2                         
00001489  __lesf2                         
00001489  __ltsf2                         
00001489  __nesf2                         
000014c5  __muldsi3                       
00001501  UART0_IRQHandler                
00001539  __aeabi_f2iz                    
00001539  __fixsfsi                       
000015a5  SYSCFG_DL_TIMER_0_init          
000015d9  SYSCFG_DL_init                  
0000160d  SYSCFG_DL_SYSCTL_init           
0000163f  SSD1106_pow                     
00001721  __aeabi_i2d                     
00001721  __floatsidf                     
00001775  UART_GetFlag                    
0000179d  __aeabi_ui2f                    
0000179d  __floatunsisf                   
000017c5  _c_int00_noargs                 
000017ed  Encoder_Init                    
00001811  TIMG0_IRQHandler                
0000198d  DL_Timer_setCaptCompUpdateMethod
000019a9  DL_Timer_setClockConfig         
00001ad1  DL_Timer_setCaptureCompareOutCtl
00001b8d  __TI_zero_init_nomemset         
00001c55  DL_UART_setClockConfig          
00001c89  DL_Timer_setCaptureCompareValue 
00001c99  PWM_init                        
00001ca9  Encoder_GetM1                   
00001cb5  Encoder_GetM2                   
00001cc1  DL_Common_delayCycles           
00001ccb  Reset_Handler                   
00001cce  C$$EXIT                         
00001ccf  abort                           
00001ce0  F8X16                           
000022d0  F6x8                            
00002548  __TI_Handler_Table_Base         
0000254c  __TI_CINIT_Base                 
0000254c  __TI_Handler_Table_Limit        
00002554  __TI_CINIT_Limit                
00002554  __TI_CINIT_Warm                 
20200000  __start___llvm_prf_bits         
20200000  __start___llvm_prf_cnts         
20200000  __stop___llvm_prf_bits          
20200000  __stop___llvm_prf_cnts          
20200000  gPWM_0Backup                    
20200078  gQEI_0Backup                    
202000f0  gpioA                           
202000f4  gEncoderCount                   
202000f6  monitor1                        
202000f8  monitor2                        
202000fa  PitchH                          
202000fb  PitchL                          
202000fc  RollH                           
202000fd  RollL                           
202000fe  SUM                             
202000ff  VH                              
20200100  VL                              
20200101  YawH                            
20200102  YawL                            
20200103  flag                            
20200104  gEchoData                       
20200105  parity                          
20200106  stage                           
20207e00  __stack                         
20208000  __STACK_END                     
ffffffff  __TI_pprof_out_hndl             
ffffffff  __TI_prof_data_size             
ffffffff  __TI_prof_data_start            
ffffffff  __binit__                       
ffffffff  binit                           
UNDEFED   __mpu_init                      
UNDEFED   _system_post_cinit              

[157 symbols]
