******************************************************************************
            TI ARM Clang Linker PC v3.2.2                      
******************************************************************************
>> Linked Thu Aug  1 17:55:14 2024

OUTPUT FILE NAME:   <gpio_toggle_output_LP_MSPM0G3507_nortos_ticlang.out>
ENTRY POINT SYMBOL: "_c_int00_noargs"  address: 00002b11


MEMORY CONFIGURATION

         name            origin    length      used     unused   attr    fill
----------------------  --------  ---------  --------  --------  ----  --------
  FLASH                 00000000   00020000  000038f0  0001c710  R  X
  SRAM                  20200000   00008000  00000356  00007caa  RW X
  BCR_CONFIG            41c00000   00000080  00000000  00000080  R   
  BSL_CONFIG            41c00100   00000080  00000000  00000080  R   


SEGMENT ALLOCATION MAP

run origin  load origin   length   init length attrs members
----------  ----------- ---------- ----------- ----- -------
00000000    00000000    000038f0   000038f0    r-x
  00000000    00000000    000000c0   000000c0    r-- .intvecs
  000000c0    000000c0    00002f80   00002f80    r-x .text
  00003040    00003040    00000860   00000860    r-- .rodata
  000038a0    000038a0    00000050   00000050    r-- .cinit
20200000    20200000    00000159   00000000    rw-
  20200000    20200000    00000101   00000000    rw- .bss
  20200104    20200104    00000055   00000000    rw- .data
20207e00    20207e00    00000200   00000000    rw-
  20207e00    20207e00    00000200   00000000    rw- .stack


SECTION ALLOCATION MAP

 output                                  attributes/
section   page    origin      length       input sections
--------  ----  ----------  ----------   ----------------
.intvecs   0    00000000    000000c0     
                  00000000    000000c0     startup_mspm0g350x_ticlang.o (.intvecs)

.text      0    000000c0    00002f80     
                  000000c0    00001168     gpio_toggle_output.o (.text.main)
                  00001228    0000017c     UART.o (.text.Data_Decoder)
                  000013a4    00000174     ssd1106.o (.text.SSD1106_ShowFNum)
                  00001518    00000168     ti_msp_dl_config.o (.text.SYSCFG_DL_GPIO_init)
                  00001680    00000120     ssd1106.o (.text.SSD1106_ShowChar)
                  000017a0    0000010c     libclang_rt.builtins.a : divdf3.S.obj (.text.__divdf3)
                  000018ac    00000104     ssd1106.o (.text.SSD1106_Init)
                  000019b0    000000e8     driverlib.a : dl_timer.o (.text.DL_Timer_initTimerMode)
                  00001a98    000000e4     libclang_rt.builtins.a : muldf3.S.obj (.text.__muldf3)
                  00001b7c    000000d8     pid.o (.text.Pid_Angle)
                  00001c54    000000d8     libclang_rt.builtins.a : addsf3.S.obj (.text)
                  00001d2c    000000d4     ssd1106.o (.text.SSD1106_ShowNum)
                  00001e00    000000b4     ssd1106.o (.text.SSD1106_WR_Byte)
                  00001eb4    000000a8     gary.o (.text.GROUP1_IRQHandler)
                  00001f5c    0000008c     libclang_rt.builtins.a : mulsf3.S.obj (.text.__mulsf3)
                  00001fe8    00000078     libc.a : copy_decompress_lzss.c.obj (.text:decompress:lzss)
                  00002060    00000076     UART.o (.text.UART_RestAngle)
                  000020d6    00000002     libclang_rt.builtins.a : aeabi_div0.c.obj (.text.__aeabi_idiv0)
                  000020d8    00000074     gpio_toggle_output.o (.text.UART_SendM)
                  0000214c    00000004     startup_mspm0g350x_ticlang.o (.text.Default_Handler)
                  00002150    00000074     libclang_rt.builtins.a : truncdfsf2.S.obj (.text.__truncdfsf2)
                  000021c4    00000070     ssd1106.o (.text.SSD1106_ShowString)
                  00002234    00000070     UART.o (.text.UART_Init)
                  000022a4    0000006a     ssd1106.o (.text.SSD1106_Clear)
                  0000230e    00000002     --HOLE-- [fill = 0]
                  00002310    00000068     ti_msp_dl_config.o (.text.SYSCFG_DL_initPower)
                  00002378    00000062     libclang_rt.builtins.a : aeabi_fcmp.S.obj (.text.__aeabi_fcmp)
                  000023da    00000002     --HOLE-- [fill = 0]
                  000023dc    00000050     gpio_toggle_output.o (.text.UART_Clear)
                  0000242c    00000050     gpio_toggle_output.o (.text.UART_ClearGPIO)
                  0000247c    00000050     gpio_toggle_output.o (.text.UART_Stop)
                  000024cc    0000004c     ti_msp_dl_config.o (.text.DL_UART_setBaudRateDivisor)
                  00002518    00000048     driverlib.a : dl_uart.o (.text.DL_UART_init)
                  00002560    00000048     ti_msp_dl_config.o (.text.SYSCFG_DL_UART_0_init)
                  000025a8    00000044     UART.o (.text.UART_ReturnYaw)
                  000025ec    00000040     ti_msp_dl_config.o (.text.SYSCFG_DL_UART_Send_init)
                  0000262c    00000040     libclang_rt.builtins.a : aeabi_uidivmod.S.obj (.text.__aeabi_uidivmod)
                  0000266c    0000003e     ssd1106.o (.text.SSD1106_Set_Pos)
                  000026aa    00000002     --HOLE-- [fill = 0]
                  000026ac    0000003c     libclang_rt.builtins.a : comparesf2.S.obj (.text.__gtsf2)
                  000026e8    0000003c     libc.a : autoinit.c.obj (.text:__TI_auto_init_nobinit_nopinit)
                  00002724    0000003a     libclang_rt.builtins.a : comparesf2.S.obj (.text.__eqsf2)
                  0000275e    00000002     --HOLE-- [fill = 0]
                  00002760    0000003a                            : muldsi3.S.obj (.text.__muldsi3)
                  0000279a    00000002     --HOLE-- [fill = 0]
                  0000279c    00000038     UART.o (.text.UART0_IRQHandler)
                  000027d4    00000038     libclang_rt.builtins.a : fixsfsi.S.obj (.text.__fixsfsi)
                  0000280c    00000034     ti_msp_dl_config.o (.text.DL_GPIO_initDigitalInputFeatures)
                  00002840    00000034     ti_msp_dl_config.o (.text.SYSCFG_DL_TIMER_300ms_init)
                  00002874    00000034     ti_msp_dl_config.o (.text.SYSCFG_DL_init)
                  000028a8    00000030     gpio_toggle_output.o (.text.AngleMapping)
                  000028d8    00000030     ti_msp_dl_config.o (.text.DL_GPIO_initDigitalOutputFeatures)
                  00002908    00000030     ssd1106.o (.text.SSD1106_pow)
                  00002938    0000002c     gpio_toggle_output.o (.text.TIMA0_IRQHandler)
                  00002964    0000002c     UART.o (.text.UART_Send)
                  00002990    0000002c     UART.o (.text.__NVIC_ClearPendingIRQ)
                  000029bc    0000002c     gpio_toggle_output.o (.text.__NVIC_ClearPendingIRQ)
                  000029e8    0000002c     UART.o (.text.__NVIC_EnableIRQ)
                  00002a14    0000002c     gary.o (.text.__NVIC_EnableIRQ)
                  00002a40    0000002c     libclang_rt.builtins.a : floatsidf.S.obj (.text.__floatsidf)
                  00002a6c    0000002a     ti_msp_dl_config.o (.text.SYSCFG_DL_SYSCTL_init)
                  00002a96    00000028     ti_msp_dl_config.o (.text.DL_Common_updateReg)
                  00002abe    00000002     --HOLE-- [fill = 0]
                  00002ac0    00000028     UART.o (.text.UART_GetFlag)
                  00002ae8    00000028     libclang_rt.builtins.a : floatunsisf.S.obj (.text.__floatunsisf)
                  00002b10    00000028     libc.a : boot_cortex_m.c.obj (.text:_c_int00_noargs)
                  00002b38    00000022     delay.o (.text.delay_ms)
                  00002b5a    00000002     --HOLE-- [fill = 0]
                  00002b5c    00000020     ti_msp_dl_config.o (.text.DL_GPIO_initPeripheralInputFunction)
                  00002b7c    0000001e     ti_msp_dl_config.o (.text.DL_UART_setOversampling)
                  00002b9a    00000002     --HOLE-- [fill = 0]
                  00002b9c    0000001c     gary.o (.text.DL_GPIO_clearInterruptStatus)
                  00002bb8    0000001c     ti_msp_dl_config.o (.text.DL_GPIO_clearInterruptStatus)
                  00002bd4    0000001c     ti_msp_dl_config.o (.text.DL_GPIO_enableInterrupt)
                  00002bf0    0000001c     ti_msp_dl_config.o (.text.DL_GPIO_initDigitalInput)
                  00002c0c    0000001c     ti_msp_dl_config.o (.text.DL_GPIO_initPeripheralOutputFunction)
                  00002c28    0000001c     ti_msp_dl_config.o (.text.DL_GPIO_setLowerPinsPolarity)
                  00002c44    0000001c     ti_msp_dl_config.o (.text.DL_SYSCTL_setMCLKDivider)
                  00002c60    0000001c     ti_msp_dl_config.o (.text.DL_SYSCTL_setSYSOSCFreq)
                  00002c7c    0000001c     ti_msp_dl_config.o (.text.DL_SYSCTL_setULPCLKDivider)
                  00002c98    0000001c     ti_msp_dl_config.o (.text.DL_Timer_enableInterrupt)
                  00002cb4    0000001c     driverlib.a : dl_timer.o (.text.DL_Timer_setClockConfig)
                  00002cd0    0000001c     ti_msp_dl_config.o (.text.DL_UART_enableInterrupt)
                  00002cec    0000001c     gpio_toggle_output.o (.text.Shout)
                  00002d08    00000018     ti_msp_dl_config.o (.text.DL_GPIO_enableOutput)
                  00002d20    00000018     ti_msp_dl_config.o (.text.DL_GPIO_enablePower)
                  00002d38    00000018     gary.o (.text.DL_GPIO_getEnabledInterruptStatus)
                  00002d50    00000018     ti_msp_dl_config.o (.text.DL_GPIO_initDigitalOutput)
                  00002d68    00000018     ti_msp_dl_config.o (.text.DL_GPIO_reset)
                  00002d80    00000018     gpio_toggle_output.o (.text.DL_GPIO_setPins)
                  00002d98    00000018     ssd1106.o (.text.DL_GPIO_setPins)
                  00002db0    00000018     ti_msp_dl_config.o (.text.DL_GPIO_setUpperPinsPolarity)
                  00002dc8    00000018     ti_msp_dl_config.o (.text.DL_SYSCTL_setBORThreshold)
                  00002de0    00000018     ti_msp_dl_config.o (.text.DL_Timer_enablePower)
                  00002df8    00000018     ti_msp_dl_config.o (.text.DL_Timer_reset)
                  00002e10    00000018     gpio_toggle_output.o (.text.DL_Timer_startCounter)
                  00002e28    00000018     ti_msp_dl_config.o (.text.DL_UART_enablePower)
                  00002e40    00000018     UART.o (.text.DL_UART_isBusy)
                  00002e58    00000018     gpio_toggle_output.o (.text.DL_UART_isBusy)
                  00002e70    00000018     ti_msp_dl_config.o (.text.DL_UART_reset)
                  00002e88    00000016     gary.o (.text.DL_GPIO_readPins)
                  00002e9e    00000016     gpio_toggle_output.o (.text.DL_GPIO_readPins)
                  00002eb4    00000016     ti_msp_dl_config.o (.text.DL_UART_enable)
                  00002eca    00000016     UART.o (.text.DL_UART_transmitData)
                  00002ee0    00000016     gpio_toggle_output.o (.text.DL_UART_transmitData)
                  00002ef6    00000016     libc.a : copy_zero_init.c.obj (.text:decompress:ZI:__TI_zero_init_nomemset)
                  00002f0c    00000014     gpio_toggle_output.o (.text.DL_GPIO_clearPins)
                  00002f20    00000014     ssd1106.o (.text.DL_GPIO_clearPins)
                  00002f34    00000014     ti_msp_dl_config.o (.text.DL_GPIO_clearPins)
                  00002f48    00000014     ti_msp_dl_config.o (.text.DL_SYSCTL_disableSYSPLL)
                  00002f5c    00000014     ti_msp_dl_config.o (.text.DL_Timer_enableClock)
                  00002f70    00000014     UART.o (.text.DL_UART_receiveData)
                  00002f84    00000014     gary.o (.text.GARY_Init)
                  00002f98    00000012     gpio_toggle_output.o (.text.DL_Timer_getPendingInterrupt)
                  00002faa    00000012     UART.o (.text.DL_UART_getPendingInterrupt)
                  00002fbc    00000012     driverlib.a : dl_uart.o (.text.DL_UART_setClockConfig)
                  00002fce    00000012     libc.a : memcpy16.S.obj (.text:TI_memcpy_small)
                  00002fe0    00000012            : copy_decompress_none.c.obj (.text:decompress:none)
                  00002ff2    00000002     --HOLE-- [fill = 0]
                  00002ff4    00000010     ti_msp_dl_config.o (.text.DL_SYSCTL_disableHFXT)
                  00003004    0000000c     gary.o (.text.GARY_ReturnS)
                  00003010    0000000c     gary.o (.text.Get_Task)
                  0000301c    0000000a     driverlib.a : dl_common.o (.text.DL_Common_delayCycles)
                  00003026    00000002     --HOLE-- [fill = 0]
                  00003028    00000008     libclang_rt.builtins.a : aeabi_memcpy.S.obj (.text.__aeabi_memcpy)
                  00003030    00000004     startup_mspm0g350x_ticlang.o (.text.Reset_Handler)
                  00003034    00000004     libc.a : pre_init.c.obj (.text._system_pre_init)
                  00003038    00000004            : exit.c.obj (.text:abort)
                  0000303c    00000004     --HOLE-- [fill = 0]

.cinit     0    000038a0    00000050     
                  000038a0    00000029     (.cinit..data.load) [load image, compression = lzss]
                  000038c9    00000003     --HOLE-- [fill = 0]
                  000038cc    0000000c     (__TI_handler_table)
                  000038d8    00000008     (.cinit..bss.load) [load image, compression = zero_init]
                  000038e0    00000010     (__TI_cinit_table)

.rodata    0    00003040    00000860     
                  00003040    000005f0     ssd1106.o (.rodata.F8X16)
                  00003630    00000228     ssd1106.o (.rodata.F6x8)
                  00003858    00000014     ti_msp_dl_config.o (.rodata.gTIMER_300msTimerConfig)
                  0000386c    0000000a     ti_msp_dl_config.o (.rodata.gUART_0Config)
                  00003876    0000000a     ti_msp_dl_config.o (.rodata.gUART_SendConfig)
                  00003880    00000007     gpio_toggle_output.o (.rodata.str1.152871977057132088861)
                  00003887    00000005     gpio_toggle_output.o (.rodata.str1.2066228545170633641)
                  0000388c    00000005     gpio_toggle_output.o (.rodata.str1.66825071517559276021)
                  00003891    00000004     gpio_toggle_output.o (.rodata.str1.45264047377125104241)
                  00003895    00000003     ti_msp_dl_config.o (.rodata.gTIMER_300msClockConfig)
                  00003898    00000002     ti_msp_dl_config.o (.rodata.gUART_0ClockConfig)
                  0000389a    00000002     ti_msp_dl_config.o (.rodata.gUART_SendClockConfig)
                  0000389c    00000004     --HOLE-- [fill = 0]

.init_array 
*          0    00000000    00000000     UNINITIALIZED

.binit     0    00000000    00000000     

.bss       0    20200000    00000101     UNINITIALIZED
                  20200000    000000bc     (.common:gTIMER_300msBackup)
                  202000bc    00000030     (.common:gUART_SendBackup)
                  202000ec    00000004     (.common:gpioA)
                  202000f0    00000001     (.common:M1)
                  202000f1    00000001     (.common:M2)
                  202000f2    00000001     (.common:PitchH)
                  202000f3    00000001     (.common:PitchL)
                  202000f4    00000001     (.common:RollH)
                  202000f5    00000001     (.common:RollL)
                  202000f6    00000001     (.common:SUM)
                  202000f7    00000001     (.common:VH)
                  202000f8    00000001     (.common:VL)
                  202000f9    00000001     (.common:YawH)
                  202000fa    00000001     (.common:YawL)
                  202000fb    00000001     (.common:flag)
                  202000fc    00000001     (.common:gEchoData)
                  202000fd    00000001     (.common:parity)
                  202000fe    00000001     (.common:stage)
                  202000ff    00000001     (.common:status)
                  20200100    00000001     (.common:task)

.data      0    20200104    00000055     UNINITIALIZED
                  20200104    00000020     gpio_toggle_output.o (.data.angle_set_4)
                  20200124    00000008     gpio_toggle_output.o (.data.angle_set_2)
                  2020012c    00000008     gpio_toggle_output.o (.data.angle_set_3)
                  20200134    00000004     pid.o (.data.d_right)
                  20200138    00000004     pid.o (.data.erro_right0)
                  2020013c    00000004     pid.o (.data.erro_right1)
                  20200140    00000004     pid.o (.data.erro_right2)
                  20200144    00000004     pid.o (.data.i_right)
                  20200148    00000004     pid.o (.data.kd)
                  2020014c    00000004     pid.o (.data.ki)
                  20200150    00000004     pid.o (.data.kp)
                  20200154    00000004     pid.o (.data.p_right)
                  20200158    00000001     gary.o (.data.choes_task)

.stack     0    20207e00    00000200     UNINITIALIZED
                  20207e00    00000004     libc.a : boot_cortex_m.c.obj (.stack)
                  20207e04    000001fc     --HOLE--

__llvm_prf_cnts 
*          0    20200000    00000000     UNINITIALIZED

__llvm_prf_bits 
*          0    20200000    00000000     UNINITIALIZED

MODULE SUMMARY

       Module                         code    ro data   rw data
       ------                         ----    -------   -------
    .\
       gpio_toggle_output.o           5130    21        51     
       ti_msp_dl_config.o             1642    47        236    
       startup_mspm0g350x_ticlang.o   8       192       0      
    +--+------------------------------+-------+---------+---------+
       Total:                         6780    260       287    
                                                               
    .\Delay\
       delay.o                        34      0         0      
    +--+------------------------------+-------+---------+---------+
       Total:                         34      0         0      
                                                               
    .\GARY\
       gary.o                         330     0         6      
    +--+------------------------------+-------+---------+---------+
       Total:                         330     0         6      
                                                               
    .\PID\
       pid.o                          216     0         36     
    +--+------------------------------+-------+---------+---------+
       Total:                         216     0         36     
                                                               
    .\SSD1106_OLED\
       ssd1106.o                      1684    2072      0      
    +--+------------------------------+-------+---------+---------+
       Total:                         1684    2072      0      
                                                               
    .\UART\
       UART.o                         990     0         13     
    +--+------------------------------+-------+---------+---------+
       Total:                         990     0         13     
                                                               
    E:/ti/mspm0_sdk_2_01_00_03/source/ti/driverlib/lib/ticlang/m0p/mspm0g1x0x_g3x0x/driverlib.a
       dl_timer.o                     260     0         0      
       dl_uart.o                      90      0         0      
       dl_common.o                    10      0         0      
    +--+------------------------------+-------+---------+---------+
       Total:                         360     0         0      
                                                               
    E:\ti\ccstheia141\ccs\tools\compiler\ti-cgt-armllvm_3.2.2.LTS\lib\armv6m-ti-none-eabi/c/libc.a
       copy_decompress_lzss.c.obj     120     0         0      
       autoinit.c.obj                 60      0         0      
       boot_cortex_m.c.obj            40      0         0      
       copy_zero_init.c.obj           22      0         0      
       copy_decompress_none.c.obj     18      0         0      
       memcpy16.S.obj                 18      0         0      
       exit.c.obj                     4       0         0      
       pre_init.c.obj                 4       0         0      
    +--+------------------------------+-------+---------+---------+
       Total:                         286     0         0      
                                                               
    E:\ti\ccstheia141\ccs\tools\compiler\ti-cgt-armllvm_3.2.2.LTS\lib\clang/15.0.7/lib/armv6m-ti-none-eabi/libclang_rt.builtins.a
       divdf3.S.obj                   268     0         0      
       muldf3.S.obj                   228     0         0      
       addsf3.S.obj                   216     0         0      
       mulsf3.S.obj                   140     0         0      
       comparesf2.S.obj               118     0         0      
       truncdfsf2.S.obj               116     0         0      
       aeabi_fcmp.S.obj               98      0         0      
       aeabi_uidivmod.S.obj           64      0         0      
       muldsi3.S.obj                  58      0         0      
       fixsfsi.S.obj                  56      0         0      
       floatsidf.S.obj                44      0         0      
       floatunsisf.S.obj              40      0         0      
       aeabi_memcpy.S.obj             8       0         0      
       aeabi_div0.c.obj               2       0         0      
    +--+------------------------------+-------+---------+---------+
       Total:                         1456    0         0      
                                                               
       Stack:                         0       0         512    
       Linker Generated:              0       77        0      
    +--+------------------------------+-------+---------+---------+
       Grand Total:                   12136   2409      854    


LINKER GENERATED COPY TABLES

__TI_cinit_table @ 000038e0 records: 2, size/record: 8, table size: 16
	.data: load addr=000038a0, load size=00000029 bytes, run addr=20200104, run size=00000055 bytes, compression=lzss
	.bss: load addr=000038d8, load size=00000008 bytes, run addr=20200000, run size=00000101 bytes, compression=zero_init


LINKER GENERATED HANDLER TABLE

__TI_handler_table @ 000038cc records: 3, size/record: 4, table size: 12
	index: 0, handler: __TI_decompress_lzss
	index: 1, handler: __TI_decompress_none
	index: 2, handler: __TI_zero_init


GLOBAL SYMBOLS: SORTED ALPHABETICALLY BY Name 

address   name                          
-------   ----                          
0000214d  ADC0_IRQHandler               
0000214d  ADC1_IRQHandler               
0000214d  AES_IRQHandler                
000028a9  AngleMapping                  
00003038  C$$EXIT                       
0000214d  CANFD0_IRQHandler             
0000214d  DAC0_IRQHandler               
0000301d  DL_Common_delayCycles         
000019b1  DL_Timer_initTimerMode        
00002cb5  DL_Timer_setClockConfig       
00002519  DL_UART_init                  
00002fbd  DL_UART_setClockConfig        
0000214d  DMA_IRQHandler                
00001229  Data_Decoder                  
0000214d  Default_Handler               
00003630  F6x8                          
00003040  F8X16                         
00002f85  GARY_Init                     
00003005  GARY_ReturnS                  
0000214d  GROUP0_IRQHandler             
00001eb5  GROUP1_IRQHandler             
00003011  Get_Task                      
0000214d  HardFault_Handler             
0000214d  I2C0_IRQHandler               
0000214d  I2C1_IRQHandler               
202000f0  M1                            
202000f1  M2                            
0000214d  NMI_Handler                   
0000214d  PendSV_Handler                
00001b7d  Pid_Angle                     
202000f2  PitchH                        
202000f3  PitchL                        
0000214d  RTC_IRQHandler                
00003031  Reset_Handler                 
202000f4  RollH                         
202000f5  RollL                         
0000214d  SPI0_IRQHandler               
0000214d  SPI1_IRQHandler               
000022a5  SSD1106_Clear                 
000018ad  SSD1106_Init                  
0000266d  SSD1106_Set_Pos               
00001681  SSD1106_ShowChar              
000013a5  SSD1106_ShowFNum              
00001d2d  SSD1106_ShowNum               
000021c5  SSD1106_ShowString            
00001e01  SSD1106_WR_Byte               
00002909  SSD1106_pow                   
202000f6  SUM                           
0000214d  SVC_Handler                   
00001519  SYSCFG_DL_GPIO_init           
00002a6d  SYSCFG_DL_SYSCTL_init         
00002841  SYSCFG_DL_TIMER_300ms_init    
00002561  SYSCFG_DL_UART_0_init         
000025ed  SYSCFG_DL_UART_Send_init      
00002875  SYSCFG_DL_init                
00002311  SYSCFG_DL_initPower           
00002ced  Shout                         
0000214d  SysTick_Handler               
00002939  TIMA0_IRQHandler              
0000214d  TIMA1_IRQHandler              
0000214d  TIMG0_IRQHandler              
0000214d  TIMG12_IRQHandler             
0000214d  TIMG6_IRQHandler              
0000214d  TIMG7_IRQHandler              
0000214d  TIMG8_IRQHandler              
00002fcf  TI_memcpy_small               
0000279d  UART0_IRQHandler              
0000214d  UART1_IRQHandler              
0000214d  UART2_IRQHandler              
0000214d  UART3_IRQHandler              
000023dd  UART_Clear                    
0000242d  UART_ClearGPIO                
00002ac1  UART_GetFlag                  
00002235  UART_Init                     
00002061  UART_RestAngle                
000025a9  UART_ReturnYaw                
00002965  UART_Send                     
000020d9  UART_SendM                    
0000247d  UART_Stop                     
202000f7  VH                            
202000f8  VL                            
202000f9  YawH                          
202000fa  YawL                          
20208000  __STACK_END                   
00000200  __STACK_SIZE                  
00000000  __TI_ATRegion0_region_sz      
00000000  __TI_ATRegion0_src_addr       
00000000  __TI_ATRegion0_trg_addr       
00000000  __TI_ATRegion1_region_sz      
00000000  __TI_ATRegion1_src_addr       
00000000  __TI_ATRegion1_trg_addr       
00000000  __TI_ATRegion2_region_sz      
00000000  __TI_ATRegion2_src_addr       
00000000  __TI_ATRegion2_trg_addr       
000038e0  __TI_CINIT_Base               
000038f0  __TI_CINIT_Limit              
000038f0  __TI_CINIT_Warm               
000038cc  __TI_Handler_Table_Base       
000038d8  __TI_Handler_Table_Limit      
000026e9  __TI_auto_init_nobinit_nopinit
00001fe9  __TI_decompress_lzss          
00002fe1  __TI_decompress_none          
ffffffff  __TI_pprof_out_hndl           
ffffffff  __TI_prof_data_size           
ffffffff  __TI_prof_data_start          
00000000  __TI_static_base__            
00002ef7  __TI_zero_init_nomemset       
00001c5f  __addsf3                      
00002151  __aeabi_d2f                   
000017a1  __aeabi_ddiv                  
00001a99  __aeabi_dmul                  
000027d5  __aeabi_f2iz                  
00001c5f  __aeabi_fadd                  
00002379  __aeabi_fcmpeq                
000023b5  __aeabi_fcmpge                
000023c9  __aeabi_fcmpgt                
000023a1  __aeabi_fcmple                
0000238d  __aeabi_fcmplt                
00001f5d  __aeabi_fmul                  
00001c55  __aeabi_fsub                  
00002a41  __aeabi_i2d                   
000020d7  __aeabi_idiv0                 
00003029  __aeabi_memcpy                
00003029  __aeabi_memcpy4               
00003029  __aeabi_memcpy8               
00002ae9  __aeabi_ui2f                  
0000262d  __aeabi_uidiv                 
0000262d  __aeabi_uidivmod              
ffffffff  __binit__                     
00002725  __cmpsf2                      
000017a1  __divdf3                      
00002725  __eqsf2                       
000027d5  __fixsfsi                     
00002a41  __floatsidf                   
00002ae9  __floatunsisf                 
000026ad  __gesf2                       
000026ad  __gtsf2                       
00002725  __lesf2                       
00002725  __ltsf2                       
UNDEFED   __mpu_init                    
00001a99  __muldf3                      
00002761  __muldsi3                     
00001f5d  __mulsf3                      
00002725  __nesf2                       
20207e00  __stack                       
20200000  __start___llvm_prf_bits       
20200000  __start___llvm_prf_cnts       
20200000  __stop___llvm_prf_bits        
20200000  __stop___llvm_prf_cnts        
00001c55  __subsf3                      
00002151  __truncdfsf2                  
00002b11  _c_int00_noargs               
UNDEFED   _system_post_cinit            
00003035  _system_pre_init              
00003039  abort                         
20200124  angle_set_2                   
2020012c  angle_set_3                   
20200104  angle_set_4                   
ffffffff  binit                         
20200158  choes_task                    
20200134  d_right                       
00002b39  delay_ms                      
20200138  erro_right0                   
2020013c  erro_right1                   
20200140  erro_right2                   
202000fb  flag                          
202000fc  gEchoData                     
20200000  gTIMER_300msBackup            
202000bc  gUART_SendBackup              
202000ec  gpioA                         
20200144  i_right                       
00000000  interruptVectors              
20200148  kd                            
2020014c  ki                            
20200150  kp                            
000000c1  main                          
20200154  p_right                       
202000fd  parity                        
202000fe  stage                         
202000ff  status                        
20200100  task                          


GLOBAL SYMBOLS: SORTED BY Symbol Address 

address   name                          
-------   ----                          
00000000  __TI_ATRegion0_region_sz      
00000000  __TI_ATRegion0_src_addr       
00000000  __TI_ATRegion0_trg_addr       
00000000  __TI_ATRegion1_region_sz      
00000000  __TI_ATRegion1_src_addr       
00000000  __TI_ATRegion1_trg_addr       
00000000  __TI_ATRegion2_region_sz      
00000000  __TI_ATRegion2_src_addr       
00000000  __TI_ATRegion2_trg_addr       
00000000  __TI_static_base__            
00000000  interruptVectors              
000000c1  main                          
00000200  __STACK_SIZE                  
00001229  Data_Decoder                  
000013a5  SSD1106_ShowFNum              
00001519  SYSCFG_DL_GPIO_init           
00001681  SSD1106_ShowChar              
000017a1  __aeabi_ddiv                  
000017a1  __divdf3                      
000018ad  SSD1106_Init                  
000019b1  DL_Timer_initTimerMode        
00001a99  __aeabi_dmul                  
00001a99  __muldf3                      
00001b7d  Pid_Angle                     
00001c55  __aeabi_fsub                  
00001c55  __subsf3                      
00001c5f  __addsf3                      
00001c5f  __aeabi_fadd                  
00001d2d  SSD1106_ShowNum               
00001e01  SSD1106_WR_Byte               
00001eb5  GROUP1_IRQHandler             
00001f5d  __aeabi_fmul                  
00001f5d  __mulsf3                      
00001fe9  __TI_decompress_lzss          
00002061  UART_RestAngle                
000020d7  __aeabi_idiv0                 
000020d9  UART_SendM                    
0000214d  ADC0_IRQHandler               
0000214d  ADC1_IRQHandler               
0000214d  AES_IRQHandler                
0000214d  CANFD0_IRQHandler             
0000214d  DAC0_IRQHandler               
0000214d  DMA_IRQHandler                
0000214d  Default_Handler               
0000214d  GROUP0_IRQHandler             
0000214d  HardFault_Handler             
0000214d  I2C0_IRQHandler               
0000214d  I2C1_IRQHandler               
0000214d  NMI_Handler                   
0000214d  PendSV_Handler                
0000214d  RTC_IRQHandler                
0000214d  SPI0_IRQHandler               
0000214d  SPI1_IRQHandler               
0000214d  SVC_Handler                   
0000214d  SysTick_Handler               
0000214d  TIMA1_IRQHandler              
0000214d  TIMG0_IRQHandler              
0000214d  TIMG12_IRQHandler             
0000214d  TIMG6_IRQHandler              
0000214d  TIMG7_IRQHandler              
0000214d  TIMG8_IRQHandler              
0000214d  UART1_IRQHandler              
0000214d  UART2_IRQHandler              
0000214d  UART3_IRQHandler              
00002151  __aeabi_d2f                   
00002151  __truncdfsf2                  
000021c5  SSD1106_ShowString            
00002235  UART_Init                     
000022a5  SSD1106_Clear                 
00002311  SYSCFG_DL_initPower           
00002379  __aeabi_fcmpeq                
0000238d  __aeabi_fcmplt                
000023a1  __aeabi_fcmple                
000023b5  __aeabi_fcmpge                
000023c9  __aeabi_fcmpgt                
000023dd  UART_Clear                    
0000242d  UART_ClearGPIO                
0000247d  UART_Stop                     
00002519  DL_UART_init                  
00002561  SYSCFG_DL_UART_0_init         
000025a9  UART_ReturnYaw                
000025ed  SYSCFG_DL_UART_Send_init      
0000262d  __aeabi_uidiv                 
0000262d  __aeabi_uidivmod              
0000266d  SSD1106_Set_Pos               
000026ad  __gesf2                       
000026ad  __gtsf2                       
000026e9  __TI_auto_init_nobinit_nopinit
00002725  __cmpsf2                      
00002725  __eqsf2                       
00002725  __lesf2                       
00002725  __ltsf2                       
00002725  __nesf2                       
00002761  __muldsi3                     
0000279d  UART0_IRQHandler              
000027d5  __aeabi_f2iz                  
000027d5  __fixsfsi                     
00002841  SYSCFG_DL_TIMER_300ms_init    
00002875  SYSCFG_DL_init                
000028a9  AngleMapping                  
00002909  SSD1106_pow                   
00002939  TIMA0_IRQHandler              
00002965  UART_Send                     
00002a41  __aeabi_i2d                   
00002a41  __floatsidf                   
00002a6d  SYSCFG_DL_SYSCTL_init         
00002ac1  UART_GetFlag                  
00002ae9  __aeabi_ui2f                  
00002ae9  __floatunsisf                 
00002b11  _c_int00_noargs               
00002b39  delay_ms                      
00002cb5  DL_Timer_setClockConfig       
00002ced  Shout                         
00002ef7  __TI_zero_init_nomemset       
00002f85  GARY_Init                     
00002fbd  DL_UART_setClockConfig        
00002fcf  TI_memcpy_small               
00002fe1  __TI_decompress_none          
00003005  GARY_ReturnS                  
00003011  Get_Task                      
0000301d  DL_Common_delayCycles         
00003029  __aeabi_memcpy                
00003029  __aeabi_memcpy4               
00003029  __aeabi_memcpy8               
00003031  Reset_Handler                 
00003035  _system_pre_init              
00003038  C$$EXIT                       
00003039  abort                         
00003040  F8X16                         
00003630  F6x8                          
000038cc  __TI_Handler_Table_Base       
000038d8  __TI_Handler_Table_Limit      
000038e0  __TI_CINIT_Base               
000038f0  __TI_CINIT_Limit              
000038f0  __TI_CINIT_Warm               
20200000  __start___llvm_prf_bits       
20200000  __start___llvm_prf_cnts       
20200000  __stop___llvm_prf_bits        
20200000  __stop___llvm_prf_cnts        
20200000  gTIMER_300msBackup            
202000bc  gUART_SendBackup              
202000ec  gpioA                         
202000f0  M1                            
202000f1  M2                            
202000f2  PitchH                        
202000f3  PitchL                        
202000f4  RollH                         
202000f5  RollL                         
202000f6  SUM                           
202000f7  VH                            
202000f8  VL                            
202000f9  YawH                          
202000fa  YawL                          
202000fb  flag                          
202000fc  gEchoData                     
202000fd  parity                        
202000fe  stage                         
202000ff  status                        
20200100  task                          
20200104  angle_set_4                   
20200124  angle_set_2                   
2020012c  angle_set_3                   
20200134  d_right                       
20200138  erro_right0                   
2020013c  erro_right1                   
20200140  erro_right2                   
20200144  i_right                       
20200148  kd                            
2020014c  ki                            
20200150  kp                            
20200154  p_right                       
20200158  choes_task                    
20207e00  __stack                       
20208000  __STACK_END                   
ffffffff  __TI_pprof_out_hndl           
ffffffff  __TI_prof_data_size           
ffffffff  __TI_prof_data_start          
ffffffff  __binit__                     
ffffffff  binit                         
UNDEFED   __mpu_init                    
UNDEFED   _system_post_cinit            

[181 symbols]
