<?xml version="1.0" encoding="ISO-8859-1" ?>
<link_info>
   <banner>TI ARM Clang Linker PC v3.2.2.LTS</banner>
   <copyright>Copyright (c) 1996-2018 Texas Instruments Incorporated</copyright>
   <link_time>0x66ab5b82</link_time>
   <link_errors>0x0</link_errors>
   <output_file>C:\Users\HMRda\workspace_ccstheia\gpio_toggle_output_LP_MSPM0G3507_nortos_ticlang\Debug\gpio_toggle_output_LP_MSPM0G3507_nortos_ticlang.out</output_file>
   <entry_point>
      <name>_c_int00_noargs</name>
      <address>0x2b11</address>
   </entry_point>
   <input_file_list>
      <input_file id="fl-1">
         <path>C:\Users\HMRda\workspace_ccstheia\gpio_toggle_output_LP_MSPM0G3507_nortos_ticlang\Debug\.\</path>
         <kind>object</kind>
         <file>ti_msp_dl_config.o</file>
         <name>ti_msp_dl_config.o</name>
      </input_file>
      <input_file id="fl-2">
         <path>C:\Users\HMRda\workspace_ccstheia\gpio_toggle_output_LP_MSPM0G3507_nortos_ticlang\Debug\.\</path>
         <kind>object</kind>
         <file>startup_mspm0g350x_ticlang.o</file>
         <name>startup_mspm0g350x_ticlang.o</name>
      </input_file>
      <input_file id="fl-3">
         <path>C:\Users\HMRda\workspace_ccstheia\gpio_toggle_output_LP_MSPM0G3507_nortos_ticlang\Debug\.\</path>
         <kind>object</kind>
         <file>gpio_toggle_output.o</file>
         <name>gpio_toggle_output.o</name>
      </input_file>
      <input_file id="fl-4">
         <path>C:\Users\HMRda\workspace_ccstheia\gpio_toggle_output_LP_MSPM0G3507_nortos_ticlang\Debug\.\Delay\</path>
         <kind>object</kind>
         <file>delay.o</file>
         <name>delay.o</name>
      </input_file>
      <input_file id="fl-5">
         <path>C:\Users\HMRda\workspace_ccstheia\gpio_toggle_output_LP_MSPM0G3507_nortos_ticlang\Debug\.\GARY\</path>
         <kind>object</kind>
         <file>gary.o</file>
         <name>gary.o</name>
      </input_file>
      <input_file id="fl-6">
         <path>C:\Users\HMRda\workspace_ccstheia\gpio_toggle_output_LP_MSPM0G3507_nortos_ticlang\Debug\.\PID\</path>
         <kind>object</kind>
         <file>pid.o</file>
         <name>pid.o</name>
      </input_file>
      <input_file id="fl-7">
         <path>C:\Users\HMRda\workspace_ccstheia\gpio_toggle_output_LP_MSPM0G3507_nortos_ticlang\Debug\.\SSD1106_OLED\</path>
         <kind>object</kind>
         <file>ssd1106.o</file>
         <name>ssd1106.o</name>
      </input_file>
      <input_file id="fl-8">
         <path>C:\Users\HMRda\workspace_ccstheia\gpio_toggle_output_LP_MSPM0G3507_nortos_ticlang\Debug\.\UART\</path>
         <kind>object</kind>
         <file>UART.o</file>
         <name>UART.o</name>
      </input_file>
      <input_file id="fl-15">
         <path>C:\Users\HMRda\workspace_ccstheia\gpio_toggle_output_LP_MSPM0G3507_nortos_ticlang\Debug\</path>
         <kind>object</kind>
         <file>&lt;internal&gt;</file>
         <name>&lt;internal&gt;</name>
      </input_file>
      <input_file id="fl-16">
         <path>E:\ti\mspm0_sdk_2_01_00_03\source\ti\driverlib\lib\ticlang\m0p\mspm0g1x0x_g3x0x\</path>
         <kind>archive</kind>
         <file>driverlib.a</file>
         <name>dl_common.o</name>
      </input_file>
      <input_file id="fl-17">
         <path>E:\ti\mspm0_sdk_2_01_00_03\source\ti\driverlib\lib\ticlang\m0p\mspm0g1x0x_g3x0x\</path>
         <kind>archive</kind>
         <file>driverlib.a</file>
         <name>dl_timer.o</name>
      </input_file>
      <input_file id="fl-18">
         <path>E:\ti\mspm0_sdk_2_01_00_03\source\ti\driverlib\lib\ticlang\m0p\mspm0g1x0x_g3x0x\</path>
         <kind>archive</kind>
         <file>driverlib.a</file>
         <name>dl_uart.o</name>
      </input_file>
      <input_file id="fl-27">
         <path>E:\ti\ccstheia141\ccs\tools\compiler\ti-cgt-armllvm_3.2.2.LTS\lib\armv6m-ti-none-eabi\c\</path>
         <kind>archive</kind>
         <file>libc.a</file>
         <name>boot_cortex_m.c.obj</name>
      </input_file>
      <input_file id="fl-28">
         <path>E:\ti\ccstheia141\ccs\tools\compiler\ti-cgt-armllvm_3.2.2.LTS\lib\armv6m-ti-none-eabi\c\</path>
         <kind>archive</kind>
         <file>libc.a</file>
         <name>mathacl_init.c.obj</name>
      </input_file>
      <input_file id="fl-29">
         <path>E:\ti\ccstheia141\ccs\tools\compiler\ti-cgt-armllvm_3.2.2.LTS\lib\armv6m-ti-none-eabi\c\</path>
         <kind>archive</kind>
         <file>libc.a</file>
         <name>autoinit.c.obj</name>
      </input_file>
      <input_file id="fl-2a">
         <path>E:\ti\ccstheia141\ccs\tools\compiler\ti-cgt-armllvm_3.2.2.LTS\lib\armv6m-ti-none-eabi\c\</path>
         <kind>archive</kind>
         <file>libc.a</file>
         <name>pre_init.c.obj</name>
      </input_file>
      <input_file id="fl-2b">
         <path>E:\ti\ccstheia141\ccs\tools\compiler\ti-cgt-armllvm_3.2.2.LTS\lib\armv6m-ti-none-eabi\c\</path>
         <kind>archive</kind>
         <file>libc.a</file>
         <name>cpy_tbl.c.obj</name>
      </input_file>
      <input_file id="fl-2c">
         <path>E:\ti\ccstheia141\ccs\tools\compiler\ti-cgt-armllvm_3.2.2.LTS\lib\armv6m-ti-none-eabi\c\</path>
         <kind>archive</kind>
         <file>libc.a</file>
         <name>copy_zero_init.c.obj</name>
      </input_file>
      <input_file id="fl-2d">
         <path>E:\ti\ccstheia141\ccs\tools\compiler\ti-cgt-armllvm_3.2.2.LTS\lib\armv6m-ti-none-eabi\c\</path>
         <kind>archive</kind>
         <file>libc.a</file>
         <name>copy_decompress_none.c.obj</name>
      </input_file>
      <input_file id="fl-2e">
         <path>E:\ti\ccstheia141\ccs\tools\compiler\ti-cgt-armllvm_3.2.2.LTS\lib\armv6m-ti-none-eabi\c\</path>
         <kind>archive</kind>
         <file>libc.a</file>
         <name>copy_decompress_lzss.c.obj</name>
      </input_file>
      <input_file id="fl-2f">
         <path>E:\ti\ccstheia141\ccs\tools\compiler\ti-cgt-armllvm_3.2.2.LTS\lib\armv6m-ti-none-eabi\c\</path>
         <kind>archive</kind>
         <file>libc.a</file>
         <name>exit.c.obj</name>
      </input_file>
      <input_file id="fl-30">
         <path>E:\ti\ccstheia141\ccs\tools\compiler\ti-cgt-armllvm_3.2.2.LTS\lib\armv6m-ti-none-eabi\c\</path>
         <kind>archive</kind>
         <file>libc.a</file>
         <name>_lock.c.obj</name>
      </input_file>
      <input_file id="fl-31">
         <path>E:\ti\ccstheia141\ccs\tools\compiler\ti-cgt-armllvm_3.2.2.LTS\lib\armv6m-ti-none-eabi\c\</path>
         <kind>archive</kind>
         <file>libc.a</file>
         <name>args_main.c.obj</name>
      </input_file>
      <input_file id="fl-97">
         <path>E:\ti\ccstheia141\ccs\tools\compiler\ti-cgt-armllvm_3.2.2.LTS\lib\clang\15.0.7\lib\armv6m-ti-none-eabi\</path>
         <kind>archive</kind>
         <file>libclang_rt.builtins.a</file>
         <name>addsf3.S.obj</name>
      </input_file>
      <input_file id="fl-98">
         <path>E:\ti\ccstheia141\ccs\tools\compiler\ti-cgt-armllvm_3.2.2.LTS\lib\clang\15.0.7\lib\armv6m-ti-none-eabi\</path>
         <kind>archive</kind>
         <file>libclang_rt.builtins.a</file>
         <name>muldf3.S.obj</name>
      </input_file>
      <input_file id="fl-99">
         <path>E:\ti\ccstheia141\ccs\tools\compiler\ti-cgt-armllvm_3.2.2.LTS\lib\clang\15.0.7\lib\armv6m-ti-none-eabi\</path>
         <kind>archive</kind>
         <file>libclang_rt.builtins.a</file>
         <name>muldsi3.S.obj</name>
      </input_file>
      <input_file id="fl-9a">
         <path>E:\ti\ccstheia141\ccs\tools\compiler\ti-cgt-armllvm_3.2.2.LTS\lib\clang\15.0.7\lib\armv6m-ti-none-eabi\</path>
         <kind>archive</kind>
         <file>libclang_rt.builtins.a</file>
         <name>mulsf3.S.obj</name>
      </input_file>
      <input_file id="fl-9b">
         <path>E:\ti\ccstheia141\ccs\tools\compiler\ti-cgt-armllvm_3.2.2.LTS\lib\clang\15.0.7\lib\armv6m-ti-none-eabi\</path>
         <kind>archive</kind>
         <file>libclang_rt.builtins.a</file>
         <name>divdf3.S.obj</name>
      </input_file>
      <input_file id="fl-9c">
         <path>E:\ti\ccstheia141\ccs\tools\compiler\ti-cgt-armllvm_3.2.2.LTS\lib\clang\15.0.7\lib\armv6m-ti-none-eabi\</path>
         <kind>archive</kind>
         <file>libclang_rt.builtins.a</file>
         <name>fixsfsi.S.obj</name>
      </input_file>
      <input_file id="fl-9d">
         <path>E:\ti\ccstheia141\ccs\tools\compiler\ti-cgt-armllvm_3.2.2.LTS\lib\clang\15.0.7\lib\armv6m-ti-none-eabi\</path>
         <kind>archive</kind>
         <file>libclang_rt.builtins.a</file>
         <name>floatsidf.S.obj</name>
      </input_file>
      <input_file id="fl-9e">
         <path>E:\ti\ccstheia141\ccs\tools\compiler\ti-cgt-armllvm_3.2.2.LTS\lib\clang\15.0.7\lib\armv6m-ti-none-eabi\</path>
         <kind>archive</kind>
         <file>libclang_rt.builtins.a</file>
         <name>floatunsisf.S.obj</name>
      </input_file>
      <input_file id="fl-9f">
         <path>E:\ti\ccstheia141\ccs\tools\compiler\ti-cgt-armllvm_3.2.2.LTS\lib\clang\15.0.7\lib\armv6m-ti-none-eabi\</path>
         <kind>archive</kind>
         <file>libclang_rt.builtins.a</file>
         <name>truncdfsf2.S.obj</name>
      </input_file>
      <input_file id="fl-a0">
         <path>E:\ti\ccstheia141\ccs\tools\compiler\ti-cgt-armllvm_3.2.2.LTS\lib\clang\15.0.7\lib\armv6m-ti-none-eabi\</path>
         <kind>archive</kind>
         <file>libclang_rt.builtins.a</file>
         <name>aeabi_fcmp.S.obj</name>
      </input_file>
      <input_file id="fl-a1">
         <path>E:\ti\ccstheia141\ccs\tools\compiler\ti-cgt-armllvm_3.2.2.LTS\lib\clang\15.0.7\lib\armv6m-ti-none-eabi\</path>
         <kind>archive</kind>
         <file>libclang_rt.builtins.a</file>
         <name>aeabi_memcpy.S.obj</name>
      </input_file>
      <input_file id="fl-a2">
         <path>E:\ti\ccstheia141\ccs\tools\compiler\ti-cgt-armllvm_3.2.2.LTS\lib\clang\15.0.7\lib\armv6m-ti-none-eabi\</path>
         <kind>archive</kind>
         <file>libclang_rt.builtins.a</file>
         <name>aeabi_memset.S.obj</name>
      </input_file>
      <input_file id="fl-a3">
         <path>E:\ti\ccstheia141\ccs\tools\compiler\ti-cgt-armllvm_3.2.2.LTS\lib\clang\15.0.7\lib\armv6m-ti-none-eabi\</path>
         <kind>archive</kind>
         <file>libclang_rt.builtins.a</file>
         <name>aeabi_uidivmod.S.obj</name>
      </input_file>
      <input_file id="fl-a4">
         <path>E:\ti\ccstheia141\ccs\tools\compiler\ti-cgt-armllvm_3.2.2.LTS\lib\clang\15.0.7\lib\armv6m-ti-none-eabi\</path>
         <kind>archive</kind>
         <file>libclang_rt.builtins.a</file>
         <name>comparesf2.S.obj</name>
      </input_file>
      <input_file id="fl-a5">
         <path>E:\ti\ccstheia141\ccs\tools\compiler\ti-cgt-armllvm_3.2.2.LTS\lib\clang\15.0.7\lib\armv6m-ti-none-eabi\</path>
         <kind>archive</kind>
         <file>libclang_rt.builtins.a</file>
         <name>aeabi_div0.c.obj</name>
      </input_file>
      <input_file id="fl-a6">
         <path>E:\ti\ccstheia141\ccs\tools\compiler\ti-cgt-armllvm_3.2.2.LTS\lib\armv6m-ti-none-eabi\c\</path>
         <kind>archive</kind>
         <file>libc.a</file>
         <name>memcpy16.S.obj</name>
      </input_file>
      <input_file id="fl-a7">
         <path>E:\ti\ccstheia141\ccs\tools\compiler\ti-cgt-armllvm_3.2.2.LTS\lib\armv6m-ti-none-eabi\c\</path>
         <kind>archive</kind>
         <file>libc.a</file>
         <name>memset16.S.obj</name>
      </input_file>
   </input_file_list>
   <object_component_list>
      <object_component id="oc-18">
         <name>.intvecs</name>
         <load_address>0x0</load_address>
         <readonly>true</readonly>
         <run_address>0x0</run_address>
         <size>0xc0</size>
         <alignment>0x4</alignment>
         <input_file_ref idref="fl-2"/>
      </object_component>
      <object_component id="oc-87">
         <name>.text.main</name>
         <load_address>0xc0</load_address>
         <readonly>true</readonly>
         <executable>true</executable>
         <run_address>0xc0</run_address>
         <size>0x1168</size>
         <alignment>0x4</alignment>
         <input_file_ref idref="fl-3"/>
      </object_component>
      <object_component id="oc-70">
         <name>.text.Data_Decoder</name>
         <load_address>0x1228</load_address>
         <readonly>true</readonly>
         <executable>true</executable>
         <run_address>0x1228</run_address>
         <size>0x17c</size>
         <alignment>0x4</alignment>
         <input_file_ref idref="fl-8"/>
      </object_component>
      <object_component id="oc-d6">
         <name>.text.SSD1106_ShowFNum</name>
         <load_address>0x13a4</load_address>
         <readonly>true</readonly>
         <executable>true</executable>
         <run_address>0x13a4</run_address>
         <size>0x174</size>
         <alignment>0x2</alignment>
         <input_file_ref idref="fl-7"/>
      </object_component>
      <object_component id="oc-10f">
         <name>.text.SYSCFG_DL_GPIO_init</name>
         <load_address>0x1518</load_address>
         <readonly>true</readonly>
         <executable>true</executable>
         <run_address>0x1518</run_address>
         <size>0x168</size>
         <alignment>0x4</alignment>
         <input_file_ref idref="fl-1"/>
      </object_component>
      <object_component id="oc-11f">
         <name>.text.SSD1106_ShowChar</name>
         <load_address>0x1680</load_address>
         <readonly>true</readonly>
         <executable>true</executable>
         <run_address>0x1680</run_address>
         <size>0x120</size>
         <alignment>0x4</alignment>
         <input_file_ref idref="fl-7"/>
      </object_component>
      <object_component id="oc-12e">
         <name>.text.__divdf3</name>
         <load_address>0x17a0</load_address>
         <readonly>true</readonly>
         <executable>true</executable>
         <run_address>0x17a0</run_address>
         <size>0x10c</size>
         <alignment>0x4</alignment>
         <input_file_ref idref="fl-9b"/>
      </object_component>
      <object_component id="oc-b3">
         <name>.text.SSD1106_Init</name>
         <load_address>0x18ac</load_address>
         <readonly>true</readonly>
         <executable>true</executable>
         <run_address>0x18ac</run_address>
         <size>0x104</size>
         <alignment>0x2</alignment>
         <input_file_ref idref="fl-7"/>
      </object_component>
      <object_component id="oc-184">
         <name>.text.DL_Timer_initTimerMode</name>
         <load_address>0x19b0</load_address>
         <readonly>true</readonly>
         <executable>true</executable>
         <run_address>0x19b0</run_address>
         <size>0xe8</size>
         <alignment>0x4</alignment>
         <input_file_ref idref="fl-17"/>
      </object_component>
      <object_component id="oc-12a">
         <name>.text.__muldf3</name>
         <load_address>0x1a98</load_address>
         <readonly>true</readonly>
         <executable>true</executable>
         <run_address>0x1a98</run_address>
         <size>0xe4</size>
         <alignment>0x4</alignment>
         <input_file_ref idref="fl-98"/>
      </object_component>
      <object_component id="oc-c0">
         <name>.text.Pid_Angle</name>
         <load_address>0x1b7c</load_address>
         <readonly>true</readonly>
         <executable>true</executable>
         <run_address>0x1b7c</run_address>
         <size>0xd8</size>
         <alignment>0x4</alignment>
         <input_file_ref idref="fl-6"/>
      </object_component>
      <object_component id="oc-cc">
         <name>.text</name>
         <load_address>0x1c54</load_address>
         <readonly>true</readonly>
         <executable>true</executable>
         <run_address>0x1c54</run_address>
         <size>0xd8</size>
         <alignment>0x4</alignment>
         <input_file_ref idref="fl-97"/>
      </object_component>
      <object_component id="oc-bb">
         <name>.text.SSD1106_ShowNum</name>
         <load_address>0x1d2c</load_address>
         <readonly>true</readonly>
         <executable>true</executable>
         <run_address>0x1d2c</run_address>
         <size>0xd4</size>
         <alignment>0x2</alignment>
         <input_file_ref idref="fl-7"/>
      </object_component>
      <object_component id="oc-11a">
         <name>.text.SSD1106_WR_Byte</name>
         <load_address>0x1e00</load_address>
         <readonly>true</readonly>
         <executable>true</executable>
         <run_address>0x1e00</run_address>
         <size>0xb4</size>
         <alignment>0x4</alignment>
         <input_file_ref idref="fl-7"/>
      </object_component>
      <object_component id="oc-34">
         <name>.text.GROUP1_IRQHandler</name>
         <load_address>0x1eb4</load_address>
         <readonly>true</readonly>
         <executable>true</executable>
         <run_address>0x1eb4</run_address>
         <size>0xa8</size>
         <alignment>0x4</alignment>
         <input_file_ref idref="fl-5"/>
      </object_component>
      <object_component id="oc-c4">
         <name>.text.__mulsf3</name>
         <load_address>0x1f5c</load_address>
         <readonly>true</readonly>
         <executable>true</executable>
         <run_address>0x1f5c</run_address>
         <size>0x8c</size>
         <alignment>0x4</alignment>
         <input_file_ref idref="fl-9a"/>
      </object_component>
      <object_component id="oc-1c">
         <name>.text:decompress:lzss</name>
         <load_address>0x1fe8</load_address>
         <readonly>true</readonly>
         <executable>true</executable>
         <run_address>0x1fe8</run_address>
         <size>0x78</size>
         <alignment>0x4</alignment>
         <input_file_ref idref="fl-2e"/>
      </object_component>
      <object_component id="oc-66">
         <name>.text.UART_RestAngle</name>
         <load_address>0x2060</load_address>
         <readonly>true</readonly>
         <executable>true</executable>
         <run_address>0x2060</run_address>
         <size>0x76</size>
         <alignment>0x2</alignment>
         <input_file_ref idref="fl-8"/>
      </object_component>
      <object_component id="oc-19c">
         <name>.text.__aeabi_idiv0</name>
         <load_address>0x20d6</load_address>
         <readonly>true</readonly>
         <executable>true</executable>
         <run_address>0x20d6</run_address>
         <size>0x2</size>
         <alignment>0x2</alignment>
         <input_file_ref idref="fl-a5"/>
      </object_component>
      <object_component id="oc-e0">
         <name>.text.UART_SendM</name>
         <load_address>0x20d8</load_address>
         <readonly>true</readonly>
         <executable>true</executable>
         <run_address>0x20d8</run_address>
         <size>0x74</size>
         <alignment>0x4</alignment>
         <input_file_ref idref="fl-3"/>
      </object_component>
      <object_component id="oc-33">
         <name>.text.Default_Handler</name>
         <load_address>0x214c</load_address>
         <readonly>true</readonly>
         <executable>true</executable>
         <run_address>0x214c</run_address>
         <size>0x4</size>
         <alignment>0x2</alignment>
         <input_file_ref idref="fl-2"/>
      </object_component>
      <object_component id="oc-132">
         <name>.text.__truncdfsf2</name>
         <load_address>0x2150</load_address>
         <readonly>true</readonly>
         <executable>true</executable>
         <run_address>0x2150</run_address>
         <size>0x74</size>
         <alignment>0x10</alignment>
         <input_file_ref idref="fl-9f"/>
      </object_component>
      <object_component id="oc-b8">
         <name>.text.SSD1106_ShowString</name>
         <load_address>0x21c4</load_address>
         <readonly>true</readonly>
         <executable>true</executable>
         <run_address>0x21c4</run_address>
         <size>0x70</size>
         <alignment>0x2</alignment>
         <input_file_ref idref="fl-7"/>
      </object_component>
      <object_component id="oc-b2">
         <name>.text.UART_Init</name>
         <load_address>0x2234</load_address>
         <readonly>true</readonly>
         <executable>true</executable>
         <run_address>0x2234</run_address>
         <size>0x70</size>
         <alignment>0x4</alignment>
         <input_file_ref idref="fl-8"/>
      </object_component>
      <object_component id="oc-11b">
         <name>.text.SSD1106_Clear</name>
         <load_address>0x22a4</load_address>
         <readonly>true</readonly>
         <executable>true</executable>
         <run_address>0x22a4</run_address>
         <size>0x6a</size>
         <alignment>0x2</alignment>
         <input_file_ref idref="fl-7"/>
      </object_component>
      <object_component id="oc-10e">
         <name>.text.SYSCFG_DL_initPower</name>
         <load_address>0x2310</load_address>
         <readonly>true</readonly>
         <executable>true</executable>
         <run_address>0x2310</run_address>
         <size>0x68</size>
         <alignment>0x4</alignment>
         <input_file_ref idref="fl-1"/>
      </object_component>
      <object_component id="oc-c8">
         <name>.text.__aeabi_fcmp</name>
         <load_address>0x2378</load_address>
         <readonly>true</readonly>
         <executable>true</executable>
         <run_address>0x2378</run_address>
         <size>0x62</size>
         <alignment>0x4</alignment>
         <input_file_ref idref="fl-a0"/>
      </object_component>
      <object_component id="oc-e2">
         <name>.text.UART_Clear</name>
         <load_address>0x23dc</load_address>
         <readonly>true</readonly>
         <executable>true</executable>
         <run_address>0x23dc</run_address>
         <size>0x50</size>
         <alignment>0x4</alignment>
         <input_file_ref idref="fl-3"/>
      </object_component>
      <object_component id="oc-e4">
         <name>.text.UART_ClearGPIO</name>
         <load_address>0x242c</load_address>
         <readonly>true</readonly>
         <executable>true</executable>
         <run_address>0x242c</run_address>
         <size>0x50</size>
         <alignment>0x4</alignment>
         <input_file_ref idref="fl-3"/>
      </object_component>
      <object_component id="oc-d4">
         <name>.text.UART_Stop</name>
         <load_address>0x247c</load_address>
         <readonly>true</readonly>
         <executable>true</executable>
         <run_address>0x247c</run_address>
         <size>0x50</size>
         <alignment>0x4</alignment>
         <input_file_ref idref="fl-3"/>
      </object_component>
      <object_component id="oc-191">
         <name>.text.DL_UART_setBaudRateDivisor</name>
         <load_address>0x24cc</load_address>
         <readonly>true</readonly>
         <executable>true</executable>
         <run_address>0x24cc</run_address>
         <size>0x4c</size>
         <alignment>0x4</alignment>
         <input_file_ref idref="fl-1"/>
      </object_component>
      <object_component id="oc-18f">
         <name>.text.DL_UART_init</name>
         <load_address>0x2518</load_address>
         <readonly>true</readonly>
         <executable>true</executable>
         <run_address>0x2518</run_address>
         <size>0x48</size>
         <alignment>0x4</alignment>
         <input_file_ref idref="fl-18"/>
      </object_component>
      <object_component id="oc-112">
         <name>.text.SYSCFG_DL_UART_0_init</name>
         <load_address>0x2560</load_address>
         <readonly>true</readonly>
         <executable>true</executable>
         <run_address>0x2560</run_address>
         <size>0x48</size>
         <alignment>0x4</alignment>
         <input_file_ref idref="fl-1"/>
      </object_component>
      <object_component id="oc-be">
         <name>.text.UART_ReturnYaw</name>
         <load_address>0x25a8</load_address>
         <readonly>true</readonly>
         <executable>true</executable>
         <run_address>0x25a8</run_address>
         <size>0x44</size>
         <alignment>0x4</alignment>
         <input_file_ref idref="fl-8"/>
      </object_component>
      <object_component id="oc-113">
         <name>.text.SYSCFG_DL_UART_Send_init</name>
         <load_address>0x25ec</load_address>
         <readonly>true</readonly>
         <executable>true</executable>
         <run_address>0x25ec</run_address>
         <size>0x40</size>
         <alignment>0x4</alignment>
         <input_file_ref idref="fl-1"/>
      </object_component>
      <object_component id="oc-122">
         <name>.text.__aeabi_uidivmod</name>
         <load_address>0x262c</load_address>
         <readonly>true</readonly>
         <executable>true</executable>
         <run_address>0x262c</run_address>
         <size>0x40</size>
         <alignment>0x4</alignment>
         <input_file_ref idref="fl-a3"/>
      </object_component>
      <object_component id="oc-11c">
         <name>.text.SSD1106_Set_Pos</name>
         <load_address>0x266c</load_address>
         <readonly>true</readonly>
         <executable>true</executable>
         <run_address>0x266c</run_address>
         <size>0x3e</size>
         <alignment>0x2</alignment>
         <input_file_ref idref="fl-7"/>
      </object_component>
      <object_component id="oc-14b">
         <name>.text.__gtsf2</name>
         <load_address>0x26ac</load_address>
         <readonly>true</readonly>
         <executable>true</executable>
         <run_address>0x26ac</run_address>
         <size>0x3c</size>
         <alignment>0x4</alignment>
         <input_file_ref idref="fl-a4"/>
      </object_component>
      <object_component id="oc-ed">
         <name>.text:__TI_auto_init_nobinit_nopinit</name>
         <load_address>0x26e8</load_address>
         <readonly>true</readonly>
         <executable>true</executable>
         <run_address>0x26e8</run_address>
         <size>0x3c</size>
         <alignment>0x4</alignment>
         <input_file_ref idref="fl-29"/>
      </object_component>
      <object_component id="oc-146">
         <name>.text.__eqsf2</name>
         <load_address>0x2724</load_address>
         <readonly>true</readonly>
         <executable>true</executable>
         <run_address>0x2724</run_address>
         <size>0x3a</size>
         <alignment>0x4</alignment>
         <input_file_ref idref="fl-a4"/>
      </object_component>
      <object_component id="oc-141">
         <name>.text.__muldsi3</name>
         <load_address>0x2760</load_address>
         <readonly>true</readonly>
         <executable>true</executable>
         <run_address>0x2760</run_address>
         <size>0x3a</size>
         <alignment>0x4</alignment>
         <input_file_ref idref="fl-99"/>
      </object_component>
      <object_component id="oc-39">
         <name>.text.UART0_IRQHandler</name>
         <load_address>0x279c</load_address>
         <readonly>true</readonly>
         <executable>true</executable>
         <run_address>0x279c</run_address>
         <size>0x38</size>
         <alignment>0x4</alignment>
         <input_file_ref idref="fl-8"/>
      </object_component>
      <object_component id="oc-d0">
         <name>.text.__fixsfsi</name>
         <load_address>0x27d4</load_address>
         <readonly>true</readonly>
         <executable>true</executable>
         <run_address>0x27d4</run_address>
         <size>0x38</size>
         <alignment>0x4</alignment>
         <input_file_ref idref="fl-9c"/>
      </object_component>
      <object_component id="oc-171">
         <name>.text.DL_GPIO_initDigitalInputFeatures</name>
         <load_address>0x280c</load_address>
         <readonly>true</readonly>
         <executable>true</executable>
         <run_address>0x280c</run_address>
         <size>0x34</size>
         <alignment>0x4</alignment>
         <input_file_ref idref="fl-1"/>
      </object_component>
      <object_component id="oc-111">
         <name>.text.SYSCFG_DL_TIMER_300ms_init</name>
         <load_address>0x2840</load_address>
         <readonly>true</readonly>
         <executable>true</executable>
         <run_address>0x2840</run_address>
         <size>0x34</size>
         <alignment>0x4</alignment>
         <input_file_ref idref="fl-1"/>
      </object_component>
      <object_component id="oc-ad">
         <name>.text.SYSCFG_DL_init</name>
         <load_address>0x2874</load_address>
         <readonly>true</readonly>
         <executable>true</executable>
         <run_address>0x2874</run_address>
         <size>0x34</size>
         <alignment>0x4</alignment>
         <input_file_ref idref="fl-1"/>
      </object_component>
      <object_component id="oc-bf">
         <name>.text.AngleMapping</name>
         <load_address>0x28a8</load_address>
         <readonly>true</readonly>
         <executable>true</executable>
         <run_address>0x28a8</run_address>
         <size>0x30</size>
         <alignment>0x4</alignment>
         <input_file_ref idref="fl-3"/>
      </object_component>
      <object_component id="oc-16f">
         <name>.text.DL_GPIO_initDigitalOutputFeatures</name>
         <load_address>0x28d8</load_address>
         <readonly>true</readonly>
         <executable>true</executable>
         <run_address>0x28d8</run_address>
         <size>0x30</size>
         <alignment>0x4</alignment>
         <input_file_ref idref="fl-1"/>
      </object_component>
      <object_component id="oc-121">
         <name>.text.SSD1106_pow</name>
         <load_address>0x2908</load_address>
         <readonly>true</readonly>
         <executable>true</executable>
         <run_address>0x2908</run_address>
         <size>0x30</size>
         <alignment>0x2</alignment>
         <input_file_ref idref="fl-7"/>
      </object_component>
      <object_component id="oc-3e">
         <name>.text.TIMA0_IRQHandler</name>
         <load_address>0x2938</load_address>
         <readonly>true</readonly>
         <executable>true</executable>
         <run_address>0x2938</run_address>
         <size>0x2c</size>
         <alignment>0x4</alignment>
         <input_file_ref idref="fl-3"/>
      </object_component>
      <object_component id="oc-92">
         <name>.text.UART_Send</name>
         <load_address>0x2964</load_address>
         <readonly>true</readonly>
         <executable>true</executable>
         <run_address>0x2964</run_address>
         <size>0x2c</size>
         <alignment>0x4</alignment>
         <input_file_ref idref="fl-8"/>
      </object_component>
      <object_component id="oc-118">
         <name>.text.__NVIC_ClearPendingIRQ</name>
         <load_address>0x2990</load_address>
         <readonly>true</readonly>
         <executable>true</executable>
         <run_address>0x2990</run_address>
         <size>0x2c</size>
         <alignment>0x4</alignment>
         <input_file_ref idref="fl-8"/>
      </object_component>
      <object_component id="oc-77">
         <name>.text.__NVIC_ClearPendingIRQ</name>
         <load_address>0x29bc</load_address>
         <readonly>true</readonly>
         <executable>true</executable>
         <run_address>0x29bc</run_address>
         <size>0x2c</size>
         <alignment>0x4</alignment>
         <input_file_ref idref="fl-3"/>
      </object_component>
      <object_component id="oc-119">
         <name>.text.__NVIC_EnableIRQ</name>
         <load_address>0x29e8</load_address>
         <readonly>true</readonly>
         <executable>true</executable>
         <run_address>0x29e8</run_address>
         <size>0x2c</size>
         <alignment>0x4</alignment>
         <input_file_ref idref="fl-8"/>
      </object_component>
      <object_component id="oc-120">
         <name>.text.__NVIC_EnableIRQ</name>
         <load_address>0x2a14</load_address>
         <readonly>true</readonly>
         <executable>true</executable>
         <run_address>0x2a14</run_address>
         <size>0x2c</size>
         <alignment>0x4</alignment>
         <input_file_ref idref="fl-5"/>
      </object_component>
      <object_component id="oc-126">
         <name>.text.__floatsidf</name>
         <load_address>0x2a40</load_address>
         <readonly>true</readonly>
         <executable>true</executable>
         <run_address>0x2a40</run_address>
         <size>0x2c</size>
         <alignment>0x4</alignment>
         <input_file_ref idref="fl-9d"/>
      </object_component>
      <object_component id="oc-110">
         <name>.text.SYSCFG_DL_SYSCTL_init</name>
         <load_address>0x2a6c</load_address>
         <readonly>true</readonly>
         <executable>true</executable>
         <run_address>0x2a6c</run_address>
         <size>0x2a</size>
         <alignment>0x2</alignment>
         <input_file_ref idref="fl-1"/>
      </object_component>
      <object_component id="oc-1b2">
         <name>.text.DL_Common_updateReg</name>
         <load_address>0x2a96</load_address>
         <readonly>true</readonly>
         <executable>true</executable>
         <run_address>0x2a96</run_address>
         <size>0x28</size>
         <alignment>0x2</alignment>
         <input_file_ref idref="fl-1"/>
      </object_component>
      <object_component id="oc-bd">
         <name>.text.UART_GetFlag</name>
         <load_address>0x2ac0</load_address>
         <readonly>true</readonly>
         <executable>true</executable>
         <run_address>0x2ac0</run_address>
         <size>0x28</size>
         <alignment>0x4</alignment>
         <input_file_ref idref="fl-8"/>
      </object_component>
      <object_component id="oc-152">
         <name>.text.__floatunsisf</name>
         <load_address>0x2ae8</load_address>
         <readonly>true</readonly>
         <executable>true</executable>
         <run_address>0x2ae8</run_address>
         <size>0x28</size>
         <alignment>0x4</alignment>
         <input_file_ref idref="fl-9e"/>
      </object_component>
      <object_component id="oc-5e">
         <name>.text:_c_int00_noargs</name>
         <load_address>0x2b10</load_address>
         <readonly>true</readonly>
         <executable>true</executable>
         <run_address>0x2b10</run_address>
         <size>0x28</size>
         <alignment>0x4</alignment>
         <input_file_ref idref="fl-27"/>
      </object_component>
      <object_component id="oc-93">
         <name>.text.delay_ms</name>
         <load_address>0x2b38</load_address>
         <readonly>true</readonly>
         <executable>true</executable>
         <run_address>0x2b38</run_address>
         <size>0x22</size>
         <alignment>0x2</alignment>
         <input_file_ref idref="fl-4"/>
      </object_component>
      <object_component id="oc-16d">
         <name>.text.DL_GPIO_initPeripheralInputFunction</name>
         <load_address>0x2b5c</load_address>
         <readonly>true</readonly>
         <executable>true</executable>
         <run_address>0x2b5c</run_address>
         <size>0x20</size>
         <alignment>0x4</alignment>
         <input_file_ref idref="fl-1"/>
      </object_component>
      <object_component id="oc-190">
         <name>.text.DL_UART_setOversampling</name>
         <load_address>0x2b7c</load_address>
         <readonly>true</readonly>
         <executable>true</executable>
         <run_address>0x2b7c</run_address>
         <size>0x1e</size>
         <alignment>0x2</alignment>
         <input_file_ref idref="fl-1"/>
      </object_component>
      <object_component id="oc-68">
         <name>.text.DL_GPIO_clearInterruptStatus</name>
         <load_address>0x2b9c</load_address>
         <readonly>true</readonly>
         <executable>true</executable>
         <run_address>0x2b9c</run_address>
         <size>0x1c</size>
         <alignment>0x4</alignment>
         <input_file_ref idref="fl-5"/>
      </object_component>
      <object_component id="oc-176">
         <name>.text.DL_GPIO_clearInterruptStatus</name>
         <load_address>0x2bb8</load_address>
         <readonly>true</readonly>
         <executable>true</executable>
         <run_address>0x2bb8</run_address>
         <size>0x1c</size>
         <alignment>0x4</alignment>
         <input_file_ref idref="fl-1"/>
      </object_component>
      <object_component id="oc-177">
         <name>.text.DL_GPIO_enableInterrupt</name>
         <load_address>0x2bd4</load_address>
         <readonly>true</readonly>
         <executable>true</executable>
         <run_address>0x2bd4</run_address>
         <size>0x1c</size>
         <alignment>0x4</alignment>
         <input_file_ref idref="fl-1"/>
      </object_component>
      <object_component id="oc-16e">
         <name>.text.DL_GPIO_initDigitalInput</name>
         <load_address>0x2bf0</load_address>
         <readonly>true</readonly>
         <executable>true</executable>
         <run_address>0x2bf0</run_address>
         <size>0x1c</size>
         <alignment>0x4</alignment>
         <input_file_ref idref="fl-1"/>
      </object_component>
      <object_component id="oc-16c">
         <name>.text.DL_GPIO_initPeripheralOutputFunction</name>
         <load_address>0x2c0c</load_address>
         <readonly>true</readonly>
         <executable>true</executable>
         <run_address>0x2c0c</run_address>
         <size>0x1c</size>
         <alignment>0x4</alignment>
         <input_file_ref idref="fl-1"/>
      </object_component>
      <object_component id="oc-174">
         <name>.text.DL_GPIO_setLowerPinsPolarity</name>
         <load_address>0x2c28</load_address>
         <readonly>true</readonly>
         <executable>true</executable>
         <run_address>0x2c28</run_address>
         <size>0x1c</size>
         <alignment>0x4</alignment>
         <input_file_ref idref="fl-1"/>
      </object_component>
      <object_component id="oc-17d">
         <name>.text.DL_SYSCTL_setMCLKDivider</name>
         <load_address>0x2c44</load_address>
         <readonly>true</readonly>
         <executable>true</executable>
         <run_address>0x2c44</run_address>
         <size>0x1c</size>
         <alignment>0x4</alignment>
         <input_file_ref idref="fl-1"/>
      </object_component>
      <object_component id="oc-179">
         <name>.text.DL_SYSCTL_setSYSOSCFreq</name>
         <load_address>0x2c60</load_address>
         <readonly>true</readonly>
         <executable>true</executable>
         <run_address>0x2c60</run_address>
         <size>0x1c</size>
         <alignment>0x4</alignment>
         <input_file_ref idref="fl-1"/>
      </object_component>
      <object_component id="oc-17c">
         <name>.text.DL_SYSCTL_setULPCLKDivider</name>
         <load_address>0x2c7c</load_address>
         <readonly>true</readonly>
         <executable>true</executable>
         <run_address>0x2c7c</run_address>
         <size>0x1c</size>
         <alignment>0x4</alignment>
         <input_file_ref idref="fl-1"/>
      </object_component>
      <object_component id="oc-185">
         <name>.text.DL_Timer_enableInterrupt</name>
         <load_address>0x2c98</load_address>
         <readonly>true</readonly>
         <executable>true</executable>
         <run_address>0x2c98</run_address>
         <size>0x1c</size>
         <alignment>0x4</alignment>
         <input_file_ref idref="fl-1"/>
      </object_component>
      <object_component id="oc-17e">
         <name>.text.DL_Timer_setClockConfig</name>
         <load_address>0x2cb4</load_address>
         <readonly>true</readonly>
         <executable>true</executable>
         <run_address>0x2cb4</run_address>
         <size>0x1c</size>
         <alignment>0x4</alignment>
         <input_file_ref idref="fl-17"/>
      </object_component>
      <object_component id="oc-192">
         <name>.text.DL_UART_enableInterrupt</name>
         <load_address>0x2cd0</load_address>
         <readonly>true</readonly>
         <executable>true</executable>
         <run_address>0x2cd0</run_address>
         <size>0x1c</size>
         <alignment>0x4</alignment>
         <input_file_ref idref="fl-1"/>
      </object_component>
      <object_component id="oc-d5">
         <name>.text.Shout</name>
         <load_address>0x2cec</load_address>
         <readonly>true</readonly>
         <executable>true</executable>
         <run_address>0x2cec</run_address>
         <size>0x1c</size>
         <alignment>0x4</alignment>
         <input_file_ref idref="fl-3"/>
      </object_component>
      <object_component id="oc-173">
         <name>.text.DL_GPIO_enableOutput</name>
         <load_address>0x2d08</load_address>
         <readonly>true</readonly>
         <executable>true</executable>
         <run_address>0x2d08</run_address>
         <size>0x18</size>
         <alignment>0x4</alignment>
         <input_file_ref idref="fl-1"/>
      </object_component>
      <object_component id="oc-169">
         <name>.text.DL_GPIO_enablePower</name>
         <load_address>0x2d20</load_address>
         <readonly>true</readonly>
         <executable>true</executable>
         <run_address>0x2d20</run_address>
         <size>0x18</size>
         <alignment>0x4</alignment>
         <input_file_ref idref="fl-1"/>
      </object_component>
      <object_component id="oc-65">
         <name>.text.DL_GPIO_getEnabledInterruptStatus</name>
         <load_address>0x2d38</load_address>
         <readonly>true</readonly>
         <executable>true</executable>
         <run_address>0x2d38</run_address>
         <size>0x18</size>
         <alignment>0x4</alignment>
         <input_file_ref idref="fl-5"/>
      </object_component>
      <object_component id="oc-170">
         <name>.text.DL_GPIO_initDigitalOutput</name>
         <load_address>0x2d50</load_address>
         <readonly>true</readonly>
         <executable>true</executable>
         <run_address>0x2d50</run_address>
         <size>0x18</size>
         <alignment>0x4</alignment>
         <input_file_ref idref="fl-1"/>
      </object_component>
      <object_component id="oc-166">
         <name>.text.DL_GPIO_reset</name>
         <load_address>0x2d68</load_address>
         <readonly>true</readonly>
         <executable>true</executable>
         <run_address>0x2d68</run_address>
         <size>0x18</size>
         <alignment>0x4</alignment>
         <input_file_ref idref="fl-1"/>
      </object_component>
      <object_component id="oc-76">
         <name>.text.DL_GPIO_setPins</name>
         <load_address>0x2d80</load_address>
         <readonly>true</readonly>
         <executable>true</executable>
         <run_address>0x2d80</run_address>
         <size>0x18</size>
         <alignment>0x4</alignment>
         <input_file_ref idref="fl-3"/>
      </object_component>
      <object_component id="oc-198">
         <name>.text.DL_GPIO_setPins</name>
         <load_address>0x2d98</load_address>
         <readonly>true</readonly>
         <executable>true</executable>
         <run_address>0x2d98</run_address>
         <size>0x18</size>
         <alignment>0x4</alignment>
         <input_file_ref idref="fl-7"/>
      </object_component>
      <object_component id="oc-175">
         <name>.text.DL_GPIO_setUpperPinsPolarity</name>
         <load_address>0x2db0</load_address>
         <readonly>true</readonly>
         <executable>true</executable>
         <run_address>0x2db0</run_address>
         <size>0x18</size>
         <alignment>0x2</alignment>
         <input_file_ref idref="fl-1"/>
      </object_component>
      <object_component id="oc-178">
         <name>.text.DL_SYSCTL_setBORThreshold</name>
         <load_address>0x2dc8</load_address>
         <readonly>true</readonly>
         <executable>true</executable>
         <run_address>0x2dc8</run_address>
         <size>0x18</size>
         <alignment>0x4</alignment>
         <input_file_ref idref="fl-1"/>
      </object_component>
      <object_component id="oc-16a">
         <name>.text.DL_Timer_enablePower</name>
         <load_address>0x2de0</load_address>
         <readonly>true</readonly>
         <executable>true</executable>
         <run_address>0x2de0</run_address>
         <size>0x18</size>
         <alignment>0x4</alignment>
         <input_file_ref idref="fl-1"/>
      </object_component>
      <object_component id="oc-167">
         <name>.text.DL_Timer_reset</name>
         <load_address>0x2df8</load_address>
         <readonly>true</readonly>
         <executable>true</executable>
         <run_address>0x2df8</run_address>
         <size>0x18</size>
         <alignment>0x4</alignment>
         <input_file_ref idref="fl-1"/>
      </object_component>
      <object_component id="oc-151">
         <name>.text.DL_Timer_startCounter</name>
         <load_address>0x2e10</load_address>
         <readonly>true</readonly>
         <executable>true</executable>
         <run_address>0x2e10</run_address>
         <size>0x18</size>
         <alignment>0x4</alignment>
         <input_file_ref idref="fl-3"/>
      </object_component>
      <object_component id="oc-16b">
         <name>.text.DL_UART_enablePower</name>
         <load_address>0x2e28</load_address>
         <readonly>true</readonly>
         <executable>true</executable>
         <run_address>0x2e28</run_address>
         <size>0x18</size>
         <alignment>0x4</alignment>
         <input_file_ref idref="fl-1"/>
      </object_component>
      <object_component id="oc-100">
         <name>.text.DL_UART_isBusy</name>
         <load_address>0x2e40</load_address>
         <readonly>true</readonly>
         <executable>true</executable>
         <run_address>0x2e40</run_address>
         <size>0x18</size>
         <alignment>0x4</alignment>
         <input_file_ref idref="fl-8"/>
      </object_component>
      <object_component id="oc-150">
         <name>.text.DL_UART_isBusy</name>
         <load_address>0x2e58</load_address>
         <readonly>true</readonly>
         <executable>true</executable>
         <run_address>0x2e58</run_address>
         <size>0x18</size>
         <alignment>0x4</alignment>
         <input_file_ref idref="fl-3"/>
      </object_component>
      <object_component id="oc-168">
         <name>.text.DL_UART_reset</name>
         <load_address>0x2e70</load_address>
         <readonly>true</readonly>
         <executable>true</executable>
         <run_address>0x2e70</run_address>
         <size>0x18</size>
         <alignment>0x4</alignment>
         <input_file_ref idref="fl-1"/>
      </object_component>
      <object_component id="oc-67">
         <name>.text.DL_GPIO_readPins</name>
         <load_address>0x2e88</load_address>
         <readonly>true</readonly>
         <executable>true</executable>
         <run_address>0x2e88</run_address>
         <size>0x16</size>
         <alignment>0x2</alignment>
         <input_file_ref idref="fl-5"/>
      </object_component>
      <object_component id="oc-e3">
         <name>.text.DL_GPIO_readPins</name>
         <load_address>0x2e9e</load_address>
         <readonly>true</readonly>
         <executable>true</executable>
         <run_address>0x2e9e</run_address>
         <size>0x16</size>
         <alignment>0x2</alignment>
         <input_file_ref idref="fl-3"/>
      </object_component>
      <object_component id="oc-193">
         <name>.text.DL_UART_enable</name>
         <load_address>0x2eb4</load_address>
         <readonly>true</readonly>
         <executable>true</executable>
         <run_address>0x2eb4</run_address>
         <size>0x16</size>
         <alignment>0x2</alignment>
         <input_file_ref idref="fl-1"/>
      </object_component>
      <object_component id="oc-ff">
         <name>.text.DL_UART_transmitData</name>
         <load_address>0x2eca</load_address>
         <readonly>true</readonly>
         <executable>true</executable>
         <run_address>0x2eca</run_address>
         <size>0x16</size>
         <alignment>0x2</alignment>
         <input_file_ref idref="fl-8"/>
      </object_component>
      <object_component id="oc-14f">
         <name>.text.DL_UART_transmitData</name>
         <load_address>0x2ee0</load_address>
         <readonly>true</readonly>
         <executable>true</executable>
         <run_address>0x2ee0</run_address>
         <size>0x16</size>
         <alignment>0x2</alignment>
         <input_file_ref idref="fl-3"/>
      </object_component>
      <object_component id="oc-55">
         <name>.text:decompress:ZI:__TI_zero_init_nomemset</name>
         <load_address>0x2ef6</load_address>
         <readonly>true</readonly>
         <executable>true</executable>
         <run_address>0x2ef6</run_address>
         <size>0x16</size>
         <alignment>0x2</alignment>
         <input_file_ref idref="fl-2c"/>
      </object_component>
      <object_component id="oc-df">
         <name>.text.DL_GPIO_clearPins</name>
         <load_address>0x2f0c</load_address>
         <readonly>true</readonly>
         <executable>true</executable>
         <run_address>0x2f0c</run_address>
         <size>0x14</size>
         <alignment>0x2</alignment>
         <input_file_ref idref="fl-3"/>
      </object_component>
      <object_component id="oc-199">
         <name>.text.DL_GPIO_clearPins</name>
         <load_address>0x2f20</load_address>
         <readonly>true</readonly>
         <executable>true</executable>
         <run_address>0x2f20</run_address>
         <size>0x14</size>
         <alignment>0x2</alignment>
         <input_file_ref idref="fl-7"/>
      </object_component>
      <object_component id="oc-172">
         <name>.text.DL_GPIO_clearPins</name>
         <load_address>0x2f34</load_address>
         <readonly>true</readonly>
         <executable>true</executable>
         <run_address>0x2f34</run_address>
         <size>0x14</size>
         <alignment>0x2</alignment>
         <input_file_ref idref="fl-1"/>
      </object_component>
      <object_component id="oc-17b">
         <name>.text.DL_SYSCTL_disableSYSPLL</name>
         <load_address>0x2f48</load_address>
         <readonly>true</readonly>
         <executable>true</executable>
         <run_address>0x2f48</run_address>
         <size>0x14</size>
         <alignment>0x4</alignment>
         <input_file_ref idref="fl-1"/>
      </object_component>
      <object_component id="oc-186">
         <name>.text.DL_Timer_enableClock</name>
         <load_address>0x2f5c</load_address>
         <readonly>true</readonly>
         <executable>true</executable>
         <run_address>0x2f5c</run_address>
         <size>0x14</size>
         <alignment>0x4</alignment>
         <input_file_ref idref="fl-1"/>
      </object_component>
      <object_component id="oc-6f">
         <name>.text.DL_UART_receiveData</name>
         <load_address>0x2f70</load_address>
         <readonly>true</readonly>
         <executable>true</executable>
         <run_address>0x2f70</run_address>
         <size>0x14</size>
         <alignment>0x4</alignment>
         <input_file_ref idref="fl-8"/>
      </object_component>
      <object_component id="oc-b9">
         <name>.text.GARY_Init</name>
         <load_address>0x2f84</load_address>
         <readonly>true</readonly>
         <executable>true</executable>
         <run_address>0x2f84</run_address>
         <size>0x14</size>
         <alignment>0x4</alignment>
         <input_file_ref idref="fl-5"/>
      </object_component>
      <object_component id="oc-75">
         <name>.text.DL_Timer_getPendingInterrupt</name>
         <load_address>0x2f98</load_address>
         <readonly>true</readonly>
         <executable>true</executable>
         <run_address>0x2f98</run_address>
         <size>0x12</size>
         <alignment>0x2</alignment>
         <input_file_ref idref="fl-3"/>
      </object_component>
      <object_component id="oc-6e">
         <name>.text.DL_UART_getPendingInterrupt</name>
         <load_address>0x2faa</load_address>
         <readonly>true</readonly>
         <executable>true</executable>
         <run_address>0x2faa</run_address>
         <size>0x12</size>
         <alignment>0x2</alignment>
         <input_file_ref idref="fl-8"/>
      </object_component>
      <object_component id="oc-189">
         <name>.text.DL_UART_setClockConfig</name>
         <load_address>0x2fbc</load_address>
         <readonly>true</readonly>
         <executable>true</executable>
         <run_address>0x2fbc</run_address>
         <size>0x12</size>
         <alignment>0x2</alignment>
         <input_file_ref idref="fl-18"/>
      </object_component>
      <object_component id="oc-a3">
         <name>.text:TI_memcpy_small</name>
         <load_address>0x2fce</load_address>
         <readonly>true</readonly>
         <executable>true</executable>
         <run_address>0x2fce</run_address>
         <size>0x12</size>
         <alignment>0x1</alignment>
         <input_file_ref idref="fl-a6"/>
      </object_component>
      <object_component id="oc-20">
         <name>.text:decompress:none</name>
         <load_address>0x2fe0</load_address>
         <readonly>true</readonly>
         <executable>true</executable>
         <run_address>0x2fe0</run_address>
         <size>0x12</size>
         <alignment>0x2</alignment>
         <input_file_ref idref="fl-2d"/>
      </object_component>
      <object_component id="oc-17a">
         <name>.text.DL_SYSCTL_disableHFXT</name>
         <load_address>0x2ff4</load_address>
         <readonly>true</readonly>
         <executable>true</executable>
         <run_address>0x2ff4</run_address>
         <size>0x10</size>
         <alignment>0x4</alignment>
         <input_file_ref idref="fl-1"/>
      </object_component>
      <object_component id="oc-bc">
         <name>.text.GARY_ReturnS</name>
         <load_address>0x3004</load_address>
         <readonly>true</readonly>
         <executable>true</executable>
         <run_address>0x3004</run_address>
         <size>0xc</size>
         <alignment>0x4</alignment>
         <input_file_ref idref="fl-5"/>
      </object_component>
      <object_component id="oc-ba">
         <name>.text.Get_Task</name>
         <load_address>0x3010</load_address>
         <readonly>true</readonly>
         <executable>true</executable>
         <run_address>0x3010</run_address>
         <size>0xc</size>
         <alignment>0x4</alignment>
         <input_file_ref idref="fl-5"/>
      </object_component>
      <object_component id="oc-101">
         <name>.text.DL_Common_delayCycles</name>
         <load_address>0x301c</load_address>
         <readonly>true</readonly>
         <executable>true</executable>
         <run_address>0x301c</run_address>
         <size>0xa</size>
         <alignment>0x2</alignment>
         <input_file_ref idref="fl-16"/>
      </object_component>
      <object_component id="oc-4e">
         <name>.text.__aeabi_memcpy</name>
         <load_address>0x3028</load_address>
         <readonly>true</readonly>
         <executable>true</executable>
         <run_address>0x3028</run_address>
         <size>0x8</size>
         <alignment>0x4</alignment>
         <input_file_ref idref="fl-a1"/>
      </object_component>
      <object_component id="oc-2f">
         <name>.text.Reset_Handler</name>
         <load_address>0x3030</load_address>
         <readonly>true</readonly>
         <executable>true</executable>
         <run_address>0x3030</run_address>
         <size>0x4</size>
         <alignment>0x2</alignment>
         <input_file_ref idref="fl-2"/>
      </object_component>
      <object_component id="oc-83">
         <name>.text._system_pre_init</name>
         <load_address>0x3034</load_address>
         <readonly>true</readonly>
         <executable>true</executable>
         <run_address>0x3034</run_address>
         <size>0x4</size>
         <alignment>0x2</alignment>
         <input_file_ref idref="fl-2a"/>
      </object_component>
      <object_component id="oc-e6">
         <name>.text:abort</name>
         <load_address>0x3038</load_address>
         <readonly>true</readonly>
         <executable>true</executable>
         <run_address>0x3038</run_address>
         <size>0x4</size>
         <alignment>0x2</alignment>
         <input_file_ref idref="fl-2f"/>
      </object_component>
      <object_component id="oc-1fb">
         <name>.cinit..data.load</name>
         <load_address>0x38a0</load_address>
         <readonly>true</readonly>
         <run_address>0x38a0</run_address>
         <size>0x29</size>
         <alignment>0x1</alignment>
      </object_component>
      <object_component id="oc-1f9">
         <name>__TI_handler_table</name>
         <load_address>0x38cc</load_address>
         <readonly>true</readonly>
         <run_address>0x38cc</run_address>
         <size>0xc</size>
         <alignment>0x4</alignment>
      </object_component>
      <object_component id="oc-1fc">
         <name>.cinit..bss.load</name>
         <load_address>0x38d8</load_address>
         <readonly>true</readonly>
         <run_address>0x38d8</run_address>
         <size>0x8</size>
         <alignment>0x4</alignment>
      </object_component>
      <object_component id="oc-1fa">
         <name>__TI_cinit_table</name>
         <load_address>0x38e0</load_address>
         <readonly>true</readonly>
         <run_address>0x38e0</run_address>
         <size>0x10</size>
         <alignment>0x4</alignment>
      </object_component>
      <object_component id="oc-19b">
         <name>.rodata.F8X16</name>
         <load_address>0x3040</load_address>
         <readonly>true</readonly>
         <run_address>0x3040</run_address>
         <size>0x5f0</size>
         <alignment>0x1</alignment>
         <input_file_ref idref="fl-7"/>
      </object_component>
      <object_component id="oc-19a">
         <name>.rodata.F6x8</name>
         <load_address>0x3630</load_address>
         <readonly>true</readonly>
         <run_address>0x3630</run_address>
         <size>0x228</size>
         <alignment>0x1</alignment>
         <input_file_ref idref="fl-7"/>
      </object_component>
      <object_component id="oc-188">
         <name>.rodata.gTIMER_300msTimerConfig</name>
         <load_address>0x3858</load_address>
         <readonly>true</readonly>
         <run_address>0x3858</run_address>
         <size>0x14</size>
         <alignment>0x4</alignment>
         <input_file_ref idref="fl-1"/>
      </object_component>
      <object_component id="oc-195">
         <name>.rodata.gUART_0Config</name>
         <load_address>0x386c</load_address>
         <readonly>true</readonly>
         <run_address>0x386c</run_address>
         <size>0xa</size>
         <alignment>0x2</alignment>
         <input_file_ref idref="fl-1"/>
      </object_component>
      <object_component id="oc-197">
         <name>.rodata.gUART_SendConfig</name>
         <load_address>0x3876</load_address>
         <readonly>true</readonly>
         <run_address>0x3876</run_address>
         <size>0xa</size>
         <alignment>0x2</alignment>
         <input_file_ref idref="fl-1"/>
      </object_component>
      <object_component id="oc-da">
         <name>.rodata.str1.152871977057132088861</name>
         <load_address>0x3880</load_address>
         <readonly>true</readonly>
         <run_address>0x3880</run_address>
         <size>0x7</size>
         <alignment>0x1</alignment>
         <input_file_ref idref="fl-3"/>
      </object_component>
      <object_component id="oc-d7">
         <name>.rodata.str1.2066228545170633641</name>
         <load_address>0x3887</load_address>
         <readonly>true</readonly>
         <run_address>0x3887</run_address>
         <size>0x5</size>
         <alignment>0x1</alignment>
         <input_file_ref idref="fl-3"/>
      </object_component>
      <object_component id="oc-d8">
         <name>.rodata.str1.66825071517559276021</name>
         <load_address>0x388c</load_address>
         <readonly>true</readonly>
         <run_address>0x388c</run_address>
         <size>0x5</size>
         <alignment>0x1</alignment>
         <input_file_ref idref="fl-3"/>
      </object_component>
      <object_component id="oc-d9">
         <name>.rodata.str1.45264047377125104241</name>
         <load_address>0x3891</load_address>
         <readonly>true</readonly>
         <run_address>0x3891</run_address>
         <size>0x4</size>
         <alignment>0x1</alignment>
         <input_file_ref idref="fl-3"/>
      </object_component>
      <object_component id="oc-187">
         <name>.rodata.gTIMER_300msClockConfig</name>
         <load_address>0x3895</load_address>
         <readonly>true</readonly>
         <run_address>0x3895</run_address>
         <size>0x3</size>
         <alignment>0x1</alignment>
         <input_file_ref idref="fl-1"/>
      </object_component>
      <object_component id="oc-194">
         <name>.rodata.gUART_0ClockConfig</name>
         <load_address>0x3898</load_address>
         <readonly>true</readonly>
         <run_address>0x3898</run_address>
         <size>0x2</size>
         <alignment>0x1</alignment>
         <input_file_ref idref="fl-1"/>
      </object_component>
      <object_component id="oc-196">
         <name>.rodata.gUART_SendClockConfig</name>
         <load_address>0x389a</load_address>
         <readonly>true</readonly>
         <run_address>0x389a</run_address>
         <size>0x2</size>
         <alignment>0x1</alignment>
         <input_file_ref idref="fl-1"/>
      </object_component>
      <object_component id="oc-1c3">
         <name>.binit</name>
         <load_address>0x0</load_address>
         <readonly>true</readonly>
         <run_address>0x0</run_address>
         <size>0x0</size>
         <alignment>0x4</alignment>
      </object_component>
      <object_component id="oc-de">
         <name>.data.angle_set_2</name>
         <load_address>0x20200124</load_address>
         <readwrite>true</readwrite>
         <run_address>0x20200124</run_address>
         <size>0x8</size>
         <alignment>0x4</alignment>
         <input_file_ref idref="fl-3"/>
      </object_component>
      <object_component id="oc-e1">
         <name>.data.angle_set_3</name>
         <load_address>0x2020012c</load_address>
         <readwrite>true</readwrite>
         <run_address>0x2020012c</run_address>
         <size>0x8</size>
         <alignment>0x4</alignment>
         <input_file_ref idref="fl-3"/>
      </object_component>
      <object_component id="oc-e5">
         <name>.data.angle_set_4</name>
         <load_address>0x20200104</load_address>
         <readwrite>true</readwrite>
         <run_address>0x20200104</run_address>
         <size>0x20</size>
         <alignment>0x4</alignment>
         <input_file_ref idref="fl-3"/>
      </object_component>
      <object_component id="oc-6a">
         <name>.data.choes_task</name>
         <load_address>0x20200158</load_address>
         <readwrite>true</readwrite>
         <run_address>0x20200158</run_address>
         <size>0x1</size>
         <alignment>0x1</alignment>
         <input_file_ref idref="fl-5"/>
      </object_component>
      <object_component id="oc-13c">
         <name>.data.kp</name>
         <load_address>0x20200150</load_address>
         <readwrite>true</readwrite>
         <run_address>0x20200150</run_address>
         <size>0x4</size>
         <alignment>0x4</alignment>
         <input_file_ref idref="fl-6"/>
      </object_component>
      <object_component id="oc-13d">
         <name>.data.ki</name>
         <load_address>0x2020014c</load_address>
         <readwrite>true</readwrite>
         <run_address>0x2020014c</run_address>
         <size>0x4</size>
         <alignment>0x4</alignment>
         <input_file_ref idref="fl-6"/>
      </object_component>
      <object_component id="oc-13e">
         <name>.data.kd</name>
         <load_address>0x20200148</load_address>
         <readwrite>true</readwrite>
         <run_address>0x20200148</run_address>
         <size>0x4</size>
         <alignment>0x4</alignment>
         <input_file_ref idref="fl-6"/>
      </object_component>
      <object_component id="oc-136">
         <name>.data.erro_right0</name>
         <load_address>0x20200138</load_address>
         <readwrite>true</readwrite>
         <run_address>0x20200138</run_address>
         <size>0x4</size>
         <alignment>0x4</alignment>
         <input_file_ref idref="fl-6"/>
      </object_component>
      <object_component id="oc-137">
         <name>.data.erro_right1</name>
         <load_address>0x2020013c</load_address>
         <readwrite>true</readwrite>
         <run_address>0x2020013c</run_address>
         <size>0x4</size>
         <alignment>0x4</alignment>
         <input_file_ref idref="fl-6"/>
      </object_component>
      <object_component id="oc-13a">
         <name>.data.erro_right2</name>
         <load_address>0x20200140</load_address>
         <readwrite>true</readwrite>
         <run_address>0x20200140</run_address>
         <size>0x4</size>
         <alignment>0x4</alignment>
         <input_file_ref idref="fl-6"/>
      </object_component>
      <object_component id="oc-138">
         <name>.data.p_right</name>
         <load_address>0x20200154</load_address>
         <readwrite>true</readwrite>
         <run_address>0x20200154</run_address>
         <size>0x4</size>
         <alignment>0x4</alignment>
         <input_file_ref idref="fl-6"/>
      </object_component>
      <object_component id="oc-139">
         <name>.data.i_right</name>
         <load_address>0x20200144</load_address>
         <readwrite>true</readwrite>
         <run_address>0x20200144</run_address>
         <size>0x4</size>
         <alignment>0x4</alignment>
         <input_file_ref idref="fl-6"/>
      </object_component>
      <object_component id="oc-13b">
         <name>.data.d_right</name>
         <load_address>0x20200134</load_address>
         <readwrite>true</readwrite>
         <run_address>0x20200134</run_address>
         <size>0x4</size>
         <alignment>0x4</alignment>
         <input_file_ref idref="fl-6"/>
      </object_component>
      <object_component id="oc-114">
         <name>.common:gTIMER_300msBackup</name>
         <uninitialized>true</uninitialized>
         <readwrite>true</readwrite>
         <run_address>0x20200000</run_address>
         <size>0xbc</size>
         <alignment>0x4</alignment>
      </object_component>
      <object_component id="oc-115">
         <name>.common:gUART_SendBackup</name>
         <uninitialized>true</uninitialized>
         <readwrite>true</readwrite>
         <run_address>0x202000bc</run_address>
         <size>0x30</size>
         <alignment>0x4</alignment>
      </object_component>
      <object_component id="oc-db">
         <name>.common:M1</name>
         <uninitialized>true</uninitialized>
         <readwrite>true</readwrite>
         <run_address>0x202000f0</run_address>
         <size>0x1</size>
         <alignment>0x1</alignment>
      </object_component>
      <object_component id="oc-dc">
         <name>.common:M2</name>
         <uninitialized>true</uninitialized>
         <readwrite>true</readwrite>
         <run_address>0x202000f1</run_address>
         <size>0x1</size>
         <alignment>0x1</alignment>
      </object_component>
      <object_component id="oc-dd">
         <name>.common:task</name>
         <uninitialized>true</uninitialized>
         <readwrite>true</readwrite>
         <run_address>0x20200100</run_address>
         <size>0x1</size>
         <alignment>0x1</alignment>
      </object_component>
      <object_component id="oc-6b">
         <name>.common:status</name>
         <uninitialized>true</uninitialized>
         <readwrite>true</readwrite>
         <run_address>0x202000ff</run_address>
         <size>0x1</size>
         <alignment>0x1</alignment>
      </object_component>
      <object_component id="oc-69">
         <name>.common:gpioA</name>
         <uninitialized>true</uninitialized>
         <readwrite>true</readwrite>
         <run_address>0x202000ec</run_address>
         <size>0x4</size>
         <alignment>0x4</alignment>
      </object_component>
      <object_component id="oc-98">
         <name>.common:stage</name>
         <uninitialized>true</uninitialized>
         <readwrite>true</readwrite>
         <run_address>0x202000fe</run_address>
         <size>0x1</size>
         <alignment>0x1</alignment>
      </object_component>
      <object_component id="oc-9a">
         <name>.common:RollL</name>
         <uninitialized>true</uninitialized>
         <readwrite>true</readwrite>
         <run_address>0x202000f5</run_address>
         <size>0x1</size>
         <alignment>0x1</alignment>
      </object_component>
      <object_component id="oc-99">
         <name>.common:RollH</name>
         <uninitialized>true</uninitialized>
         <readwrite>true</readwrite>
         <run_address>0x202000f4</run_address>
         <size>0x1</size>
         <alignment>0x1</alignment>
      </object_component>
      <object_component id="oc-9c">
         <name>.common:PitchL</name>
         <uninitialized>true</uninitialized>
         <readwrite>true</readwrite>
         <run_address>0x202000f3</run_address>
         <size>0x1</size>
         <alignment>0x1</alignment>
      </object_component>
      <object_component id="oc-9b">
         <name>.common:PitchH</name>
         <uninitialized>true</uninitialized>
         <readwrite>true</readwrite>
         <run_address>0x202000f2</run_address>
         <size>0x1</size>
         <alignment>0x1</alignment>
      </object_component>
      <object_component id="oc-9e">
         <name>.common:YawL</name>
         <uninitialized>true</uninitialized>
         <readwrite>true</readwrite>
         <run_address>0x202000fa</run_address>
         <size>0x1</size>
         <alignment>0x1</alignment>
      </object_component>
      <object_component id="oc-9d">
         <name>.common:YawH</name>
         <uninitialized>true</uninitialized>
         <readwrite>true</readwrite>
         <run_address>0x202000f9</run_address>
         <size>0x1</size>
         <alignment>0x1</alignment>
      </object_component>
      <object_component id="oc-a0">
         <name>.common:VL</name>
         <uninitialized>true</uninitialized>
         <readwrite>true</readwrite>
         <run_address>0x202000f8</run_address>
         <size>0x1</size>
         <alignment>0x1</alignment>
      </object_component>
      <object_component id="oc-9f">
         <name>.common:VH</name>
         <uninitialized>true</uninitialized>
         <readwrite>true</readwrite>
         <run_address>0x202000f7</run_address>
         <size>0x1</size>
         <alignment>0x1</alignment>
      </object_component>
      <object_component id="oc-a1">
         <name>.common:SUM</name>
         <uninitialized>true</uninitialized>
         <readwrite>true</readwrite>
         <run_address>0x202000f6</run_address>
         <size>0x1</size>
         <alignment>0x1</alignment>
      </object_component>
      <object_component id="oc-71">
         <name>.common:flag</name>
         <uninitialized>true</uninitialized>
         <readwrite>true</readwrite>
         <run_address>0x202000fb</run_address>
         <size>0x1</size>
         <alignment>0x1</alignment>
      </object_component>
      <object_component id="oc-72">
         <name>.common:gEchoData</name>
         <uninitialized>true</uninitialized>
         <readwrite>true</readwrite>
         <run_address>0x202000fc</run_address>
         <size>0x1</size>
         <alignment>0x1</alignment>
      </object_component>
      <object_component id="oc-a2">
         <name>.common:parity</name>
         <uninitialized>true</uninitialized>
         <readwrite>true</readwrite>
         <run_address>0x202000fd</run_address>
         <size>0x1</size>
         <alignment>0x1</alignment>
      </object_component>
      <object_component id="oc-1a">
         <name>.stack</name>
         <uninitialized>true</uninitialized>
         <readwrite>true</readwrite>
         <run_address>0x20207e00</run_address>
         <size>0x4</size>
         <alignment>0x4</alignment>
         <input_file_ref idref="fl-27"/>
      </object_component>
      <object_component id="oc-1fe">
         <name>.stack</name>
         <uninitialized>true</uninitialized>
         <readwrite>true</readwrite>
         <run_address>0x20207e00</run_address>
         <size>0x0</size>
         <alignment>0x8</alignment>
      </object_component>
      <object_component id="oc-116">
         <name>.debug_abbrev</name>
         <load_address>0x0</load_address>
         <run_address>0x0</run_address>
         <size>0x1f8</size>
         <alignment>0x1</alignment>
         <input_file_ref idref="fl-1"/>
      </object_component>
      <object_component id="oc-43">
         <name>.debug_abbrev</name>
         <load_address>0x1f8</load_address>
         <run_address>0x1f8</run_address>
         <size>0x6d</size>
         <alignment>0x1</alignment>
         <input_file_ref idref="fl-2"/>
      </object_component>
      <object_component id="oc-78">
         <name>.debug_abbrev</name>
         <load_address>0x265</load_address>
         <run_address>0x265</run_address>
         <size>0x1a5</size>
         <alignment>0x1</alignment>
         <input_file_ref idref="fl-3"/>
      </object_component>
      <object_component id="oc-105">
         <name>.debug_abbrev</name>
         <load_address>0x40a</load_address>
         <run_address>0x40a</run_address>
         <size>0x54</size>
         <alignment>0x1</alignment>
         <input_file_ref idref="fl-4"/>
      </object_component>
      <object_component id="oc-6c">
         <name>.debug_abbrev</name>
         <load_address>0x45e</load_address>
         <run_address>0x45e</run_address>
         <size>0x164</size>
         <alignment>0x1</alignment>
         <input_file_ref idref="fl-5"/>
      </object_component>
      <object_component id="oc-13f">
         <name>.debug_abbrev</name>
         <load_address>0x5c2</load_address>
         <run_address>0x5c2</run_address>
         <size>0x68</size>
         <alignment>0x1</alignment>
         <input_file_ref idref="fl-6"/>
      </object_component>
      <object_component id="oc-11d">
         <name>.debug_abbrev</name>
         <load_address>0x62a</load_address>
         <run_address>0x62a</run_address>
         <size>0x12b</size>
         <alignment>0x1</alignment>
         <input_file_ref idref="fl-7"/>
      </object_component>
      <object_component id="oc-73">
         <name>.debug_abbrev</name>
         <load_address>0x755</load_address>
         <run_address>0x755</run_address>
         <size>0x1b2</size>
         <alignment>0x1</alignment>
         <input_file_ref idref="fl-8"/>
      </object_component>
      <object_component id="oc-162">
         <name>.debug_abbrev</name>
         <load_address>0x907</load_address>
         <run_address>0x907</run_address>
         <size>0x62</size>
         <alignment>0x1</alignment>
         <input_file_ref idref="fl-16"/>
      </object_component>
      <object_component id="oc-1b3">
         <name>.debug_abbrev</name>
         <load_address>0x969</load_address>
         <run_address>0x969</run_address>
         <size>0x258</size>
         <alignment>0x1</alignment>
         <input_file_ref idref="fl-17"/>
      </object_component>
      <object_component id="oc-1b5">
         <name>.debug_abbrev</name>
         <load_address>0xbc1</load_address>
         <run_address>0xbc1</run_address>
         <size>0x27f</size>
         <alignment>0x1</alignment>
         <input_file_ref idref="fl-18"/>
      </object_component>
      <object_component id="oc-45">
         <name>.debug_abbrev</name>
         <load_address>0xe40</load_address>
         <run_address>0xe40</run_address>
         <size>0xaf</size>
         <alignment>0x1</alignment>
         <input_file_ref idref="fl-27"/>
      </object_component>
      <object_component id="oc-15c">
         <name>.debug_abbrev</name>
         <load_address>0xeef</load_address>
         <run_address>0xeef</run_address>
         <size>0x186</size>
         <alignment>0x1</alignment>
         <input_file_ref idref="fl-29"/>
      </object_component>
      <object_component id="oc-ab">
         <name>.debug_abbrev</name>
         <load_address>0x1075</load_address>
         <run_address>0x1075</run_address>
         <size>0x39</size>
         <alignment>0x1</alignment>
         <input_file_ref idref="fl-2a"/>
      </object_component>
      <object_component id="oc-7c">
         <name>.debug_abbrev</name>
         <load_address>0x10ae</load_address>
         <run_address>0x10ae</run_address>
         <size>0xc2</size>
         <alignment>0x1</alignment>
         <input_file_ref idref="fl-2c"/>
      </object_component>
      <object_component id="oc-52">
         <name>.debug_abbrev</name>
         <load_address>0x1170</load_address>
         <run_address>0x1170</run_address>
         <size>0x70</size>
         <alignment>0x1</alignment>
         <input_file_ref idref="fl-2d"/>
      </object_component>
      <object_component id="oc-4a">
         <name>.debug_abbrev</name>
         <load_address>0x11e0</load_address>
         <run_address>0x11e0</run_address>
         <size>0x8d</size>
         <alignment>0x1</alignment>
         <input_file_ref idref="fl-2e"/>
      </object_component>
      <object_component id="oc-156">
         <name>.debug_abbrev</name>
         <load_address>0x126d</load_address>
         <run_address>0x126d</run_address>
         <size>0xb3</size>
         <alignment>0x1</alignment>
         <input_file_ref idref="fl-2f"/>
      </object_component>
      <object_component id="oc-14d">
         <name>.debug_abbrev</name>
         <load_address>0x1320</load_address>
         <run_address>0x1320</run_address>
         <size>0x27</size>
         <alignment>0x1</alignment>
         <input_file_ref idref="fl-97"/>
      </object_component>
      <object_component id="oc-1a3">
         <name>.debug_abbrev</name>
         <load_address>0x1347</load_address>
         <run_address>0x1347</run_address>
         <size>0x27</size>
         <alignment>0x1</alignment>
         <input_file_ref idref="fl-98"/>
      </object_component>
      <object_component id="oc-1a6">
         <name>.debug_abbrev</name>
         <load_address>0x136e</load_address>
         <run_address>0x136e</run_address>
         <size>0x27</size>
         <alignment>0x1</alignment>
         <input_file_ref idref="fl-99"/>
      </object_component>
      <object_component id="oc-145">
         <name>.debug_abbrev</name>
         <load_address>0x1395</load_address>
         <run_address>0x1395</run_address>
         <size>0x27</size>
         <alignment>0x1</alignment>
         <input_file_ref idref="fl-9a"/>
      </object_component>
      <object_component id="oc-1a4">
         <name>.debug_abbrev</name>
         <load_address>0x13bc</load_address>
         <run_address>0x13bc</run_address>
         <size>0x27</size>
         <alignment>0x1</alignment>
         <input_file_ref idref="fl-9b"/>
      </object_component>
      <object_component id="oc-14e">
         <name>.debug_abbrev</name>
         <load_address>0x13e3</load_address>
         <run_address>0x13e3</run_address>
         <size>0x27</size>
         <alignment>0x1</alignment>
         <input_file_ref idref="fl-9c"/>
      </object_component>
      <object_component id="oc-1a2">
         <name>.debug_abbrev</name>
         <load_address>0x140a</load_address>
         <run_address>0x140a</run_address>
         <size>0x27</size>
         <alignment>0x1</alignment>
         <input_file_ref idref="fl-9d"/>
      </object_component>
      <object_component id="oc-1a8">
         <name>.debug_abbrev</name>
         <load_address>0x1431</load_address>
         <run_address>0x1431</run_address>
         <size>0x27</size>
         <alignment>0x1</alignment>
         <input_file_ref idref="fl-9e"/>
      </object_component>
      <object_component id="oc-1a5">
         <name>.debug_abbrev</name>
         <load_address>0x1458</load_address>
         <run_address>0x1458</run_address>
         <size>0x27</size>
         <alignment>0x1</alignment>
         <input_file_ref idref="fl-9f"/>
      </object_component>
      <object_component id="oc-14c">
[...]
      </symbol>
      <symbol id="sm-f7">
         <name>TIMG6_IRQHandler</name>
         <value>0x214d</value>
         <object_component_ref idref="oc-33"/>
      </symbol>
      <symbol id="sm-f8">
         <name>TIMA1_IRQHandler</name>
         <value>0x214d</value>
         <object_component_ref idref="oc-33"/>
      </symbol>
      <symbol id="sm-f9">
         <name>TIMG7_IRQHandler</name>
         <value>0x214d</value>
         <object_component_ref idref="oc-33"/>
      </symbol>
      <symbol id="sm-fa">
         <name>TIMG12_IRQHandler</name>
         <value>0x214d</value>
         <object_component_ref idref="oc-33"/>
      </symbol>
      <symbol id="sm-fb">
         <name>I2C0_IRQHandler</name>
         <value>0x214d</value>
         <object_component_ref idref="oc-33"/>
      </symbol>
      <symbol id="sm-fc">
         <name>I2C1_IRQHandler</name>
         <value>0x214d</value>
         <object_component_ref idref="oc-33"/>
      </symbol>
      <symbol id="sm-fd">
         <name>AES_IRQHandler</name>
         <value>0x214d</value>
         <object_component_ref idref="oc-33"/>
      </symbol>
      <symbol id="sm-fe">
         <name>RTC_IRQHandler</name>
         <value>0x214d</value>
         <object_component_ref idref="oc-33"/>
      </symbol>
      <symbol id="sm-ff">
         <name>DMA_IRQHandler</name>
         <value>0x214d</value>
         <object_component_ref idref="oc-33"/>
      </symbol>
      <symbol id="sm-146">
         <name>UART_ClearGPIO</name>
         <value>0x242d</value>
         <object_component_ref idref="oc-e4"/>
      </symbol>
      <symbol id="sm-147">
         <name>UART_Stop</name>
         <value>0x247d</value>
         <object_component_ref idref="oc-d4"/>
      </symbol>
      <symbol id="sm-148">
         <name>UART_Clear</name>
         <value>0x23dd</value>
         <object_component_ref idref="oc-e2"/>
      </symbol>
      <symbol id="sm-149">
         <name>UART_SendM</name>
         <value>0x20d9</value>
         <object_component_ref idref="oc-e0"/>
      </symbol>
      <symbol id="sm-14a">
         <name>M1</name>
         <value>0x202000f0</value>
      </symbol>
      <symbol id="sm-14b">
         <name>M2</name>
         <value>0x202000f1</value>
      </symbol>
      <symbol id="sm-14c">
         <name>AngleMapping</name>
         <value>0x28a9</value>
         <object_component_ref idref="oc-bf"/>
      </symbol>
      <symbol id="sm-14d">
         <name>Shout</name>
         <value>0x2ced</value>
         <object_component_ref idref="oc-d5"/>
      </symbol>
      <symbol id="sm-14e">
         <name>TIMA0_IRQHandler</name>
         <value>0x2939</value>
         <object_component_ref idref="oc-3e"/>
      </symbol>
      <symbol id="sm-14f">
         <name>main</name>
         <value>0xc1</value>
         <object_component_ref idref="oc-87"/>
      </symbol>
      <symbol id="sm-150">
         <name>task</name>
         <value>0x20200100</value>
      </symbol>
      <symbol id="sm-151">
         <name>angle_set_2</name>
         <value>0x20200124</value>
         <object_component_ref idref="oc-de"/>
      </symbol>
      <symbol id="sm-152">
         <name>angle_set_3</name>
         <value>0x2020012c</value>
         <object_component_ref idref="oc-e1"/>
      </symbol>
      <symbol id="sm-153">
         <name>angle_set_4</name>
         <value>0x20200104</value>
         <object_component_ref idref="oc-e5"/>
      </symbol>
      <symbol id="sm-15c">
         <name>delay_ms</name>
         <value>0x2b39</value>
         <object_component_ref idref="oc-93"/>
      </symbol>
      <symbol id="sm-17e">
         <name>GARY_Init</name>
         <value>0x2f85</value>
         <object_component_ref idref="oc-b9"/>
      </symbol>
      <symbol id="sm-17f">
         <name>status</name>
         <value>0x202000ff</value>
      </symbol>
      <symbol id="sm-180">
         <name>GARY_ReturnS</name>
         <value>0x3005</value>
         <object_component_ref idref="oc-bc"/>
      </symbol>
      <symbol id="sm-181">
         <name>GROUP1_IRQHandler</name>
         <value>0x1eb5</value>
         <object_component_ref idref="oc-34"/>
      </symbol>
      <symbol id="sm-182">
         <name>gpioA</name>
         <value>0x202000ec</value>
      </symbol>
      <symbol id="sm-183">
         <name>choes_task</name>
         <value>0x20200158</value>
         <object_component_ref idref="oc-6a"/>
      </symbol>
      <symbol id="sm-184">
         <name>Get_Task</name>
         <value>0x3011</value>
         <object_component_ref idref="oc-ba"/>
      </symbol>
      <symbol id="sm-18d">
         <name>Pid_Angle</name>
         <value>0x1b7d</value>
         <object_component_ref idref="oc-c0"/>
      </symbol>
      <symbol id="sm-18e">
         <name>erro_right0</name>
         <value>0x20200138</value>
         <object_component_ref idref="oc-136"/>
      </symbol>
      <symbol id="sm-18f">
         <name>erro_right1</name>
         <value>0x2020013c</value>
         <object_component_ref idref="oc-137"/>
      </symbol>
      <symbol id="sm-190">
         <name>p_right</name>
         <value>0x20200154</value>
         <object_component_ref idref="oc-138"/>
      </symbol>
      <symbol id="sm-191">
         <name>i_right</name>
         <value>0x20200144</value>
         <object_component_ref idref="oc-139"/>
      </symbol>
      <symbol id="sm-192">
         <name>erro_right2</name>
         <value>0x20200140</value>
         <object_component_ref idref="oc-13a"/>
      </symbol>
      <symbol id="sm-193">
         <name>d_right</name>
         <value>0x20200134</value>
         <object_component_ref idref="oc-13b"/>
      </symbol>
      <symbol id="sm-194">
         <name>kp</name>
         <value>0x20200150</value>
         <object_component_ref idref="oc-13c"/>
      </symbol>
      <symbol id="sm-195">
         <name>ki</name>
         <value>0x2020014c</value>
         <object_component_ref idref="oc-13d"/>
      </symbol>
      <symbol id="sm-196">
         <name>kd</name>
         <value>0x20200148</value>
         <object_component_ref idref="oc-13e"/>
      </symbol>
      <symbol id="sm-1b8">
         <name>SSD1106_WR_Byte</name>
         <value>0x1e01</value>
         <object_component_ref idref="oc-11a"/>
      </symbol>
      <symbol id="sm-1b9">
         <name>SSD1106_Set_Pos</name>
         <value>0x266d</value>
         <object_component_ref idref="oc-11c"/>
      </symbol>
      <symbol id="sm-1ba">
         <name>SSD1106_Clear</name>
         <value>0x22a5</value>
         <object_component_ref idref="oc-11b"/>
      </symbol>
      <symbol id="sm-1bb">
         <name>SSD1106_ShowChar</name>
         <value>0x1681</value>
         <object_component_ref idref="oc-11f"/>
      </symbol>
      <symbol id="sm-1bc">
         <name>F6x8</name>
         <value>0x3630</value>
         <object_component_ref idref="oc-19a"/>
      </symbol>
      <symbol id="sm-1bd">
         <name>F8X16</name>
         <value>0x3040</value>
         <object_component_ref idref="oc-19b"/>
      </symbol>
      <symbol id="sm-1be">
         <name>SSD1106_pow</name>
         <value>0x2909</value>
         <object_component_ref idref="oc-121"/>
      </symbol>
      <symbol id="sm-1bf">
         <name>SSD1106_ShowNum</name>
         <value>0x1d2d</value>
         <object_component_ref idref="oc-bb"/>
      </symbol>
      <symbol id="sm-1c0">
         <name>SSD1106_ShowString</name>
         <value>0x21c5</value>
         <object_component_ref idref="oc-b8"/>
      </symbol>
      <symbol id="sm-1c1">
         <name>SSD1106_Init</name>
         <value>0x18ad</value>
         <object_component_ref idref="oc-b3"/>
      </symbol>
      <symbol id="sm-1c2">
         <name>SSD1106_ShowFNum</name>
         <value>0x13a5</value>
         <object_component_ref idref="oc-d6"/>
      </symbol>
      <symbol id="sm-1f5">
         <name>UART_Init</name>
         <value>0x2235</value>
         <object_component_ref idref="oc-b2"/>
      </symbol>
      <symbol id="sm-1f6">
         <name>stage</name>
         <value>0x202000fe</value>
      </symbol>
      <symbol id="sm-1f7">
         <name>RollL</name>
         <value>0x202000f5</value>
      </symbol>
      <symbol id="sm-1f8">
         <name>RollH</name>
         <value>0x202000f4</value>
      </symbol>
      <symbol id="sm-1f9">
         <name>PitchL</name>
         <value>0x202000f3</value>
      </symbol>
      <symbol id="sm-1fa">
         <name>PitchH</name>
         <value>0x202000f2</value>
      </symbol>
      <symbol id="sm-1fb">
         <name>YawL</name>
         <value>0x202000fa</value>
      </symbol>
      <symbol id="sm-1fc">
         <name>YawH</name>
         <value>0x202000f9</value>
      </symbol>
      <symbol id="sm-1fd">
         <name>VL</name>
         <value>0x202000f8</value>
      </symbol>
      <symbol id="sm-1fe">
         <name>VH</name>
         <value>0x202000f7</value>
      </symbol>
      <symbol id="sm-1ff">
         <name>SUM</name>
         <value>0x202000f6</value>
      </symbol>
      <symbol id="sm-200">
         <name>UART0_IRQHandler</name>
         <value>0x279d</value>
         <object_component_ref idref="oc-39"/>
      </symbol>
      <symbol id="sm-201">
         <name>Data_Decoder</name>
         <value>0x1229</value>
         <object_component_ref idref="oc-70"/>
      </symbol>
      <symbol id="sm-202">
         <name>flag</name>
         <value>0x202000fb</value>
      </symbol>
      <symbol id="sm-203">
         <name>gEchoData</name>
         <value>0x202000fc</value>
      </symbol>
      <symbol id="sm-204">
         <name>parity</name>
         <value>0x202000fd</value>
      </symbol>
      <symbol id="sm-205">
         <name>UART_GetFlag</name>
         <value>0x2ac1</value>
         <object_component_ref idref="oc-bd"/>
      </symbol>
      <symbol id="sm-206">
         <name>UART_ReturnYaw</name>
         <value>0x25a9</value>
         <object_component_ref idref="oc-be"/>
      </symbol>
      <symbol id="sm-207">
         <name>UART_RestAngle</name>
         <value>0x2061</value>
         <object_component_ref idref="oc-66"/>
      </symbol>
      <symbol id="sm-208">
         <name>UART_Send</name>
         <value>0x2965</value>
         <object_component_ref idref="oc-92"/>
      </symbol>
      <symbol id="sm-209">
         <name>__TI_ATRegion0_src_addr</name>
         <value>0x0</value>
      </symbol>
      <symbol id="sm-20a">
         <name>__TI_ATRegion0_trg_addr</name>
         <value>0x0</value>
      </symbol>
      <symbol id="sm-20b">
         <name>__TI_ATRegion0_region_sz</name>
         <value>0x0</value>
      </symbol>
      <symbol id="sm-20c">
         <name>__TI_ATRegion1_src_addr</name>
         <value>0x0</value>
      </symbol>
      <symbol id="sm-20d">
         <name>__TI_ATRegion1_trg_addr</name>
         <value>0x0</value>
      </symbol>
      <symbol id="sm-20e">
         <name>__TI_ATRegion1_region_sz</name>
         <value>0x0</value>
      </symbol>
      <symbol id="sm-20f">
         <name>__TI_ATRegion2_src_addr</name>
         <value>0x0</value>
      </symbol>
      <symbol id="sm-210">
         <name>__TI_ATRegion2_trg_addr</name>
         <value>0x0</value>
      </symbol>
      <symbol id="sm-211">
         <name>__TI_ATRegion2_region_sz</name>
         <value>0x0</value>
      </symbol>
      <symbol id="sm-21a">
         <name>DL_Common_delayCycles</name>
         <value>0x301d</value>
         <object_component_ref idref="oc-101"/>
      </symbol>
      <symbol id="sm-22a">
         <name>DL_Timer_setClockConfig</name>
         <value>0x2cb5</value>
         <object_component_ref idref="oc-17e"/>
      </symbol>
      <symbol id="sm-22b">
         <name>DL_Timer_initTimerMode</name>
         <value>0x19b1</value>
         <object_component_ref idref="oc-184"/>
      </symbol>
      <symbol id="sm-238">
         <name>DL_UART_init</name>
         <value>0x2519</value>
         <object_component_ref idref="oc-18f"/>
      </symbol>
      <symbol id="sm-239">
         <name>DL_UART_setClockConfig</name>
         <value>0x2fbd</value>
         <object_component_ref idref="oc-189"/>
      </symbol>
      <symbol id="sm-244">
         <name>_c_int00_noargs</name>
         <value>0x2b11</value>
         <object_component_ref idref="oc-5e"/>
      </symbol>
      <symbol id="sm-245">
         <name>__stack</name>
         <value>0x20207e00</value>
         <object_component_ref idref="oc-1a"/>
      </symbol>
      <symbol id="sm-251">
         <name>__TI_auto_init_nobinit_nopinit</name>
         <value>0x26e9</value>
         <object_component_ref idref="oc-ed"/>
      </symbol>
      <symbol id="sm-259">
         <name>_system_pre_init</name>
         <value>0x3035</value>
         <object_component_ref idref="oc-83"/>
      </symbol>
      <symbol id="sm-264">
         <name>__TI_zero_init_nomemset</name>
         <value>0x2ef7</value>
         <object_component_ref idref="oc-55"/>
      </symbol>
      <symbol id="sm-26d">
         <name>__TI_decompress_none</name>
         <value>0x2fe1</value>
         <object_component_ref idref="oc-20"/>
      </symbol>
      <symbol id="sm-278">
         <name>__TI_decompress_lzss</name>
         <value>0x1fe9</value>
         <object_component_ref idref="oc-1c"/>
      </symbol>
      <symbol id="sm-282">
         <name>abort</name>
         <value>0x3039</value>
         <object_component_ref idref="oc-e6"/>
      </symbol>
      <symbol id="sm-283">
         <name>C$$EXIT</name>
         <value>0x3038</value>
         <object_component_ref idref="oc-e6"/>
      </symbol>
      <symbol id="sm-28b">
         <name>__aeabi_fadd</name>
         <value>0x1c5f</value>
         <object_component_ref idref="oc-cc"/>
      </symbol>
      <symbol id="sm-28c">
         <name>__addsf3</name>
         <value>0x1c5f</value>
         <object_component_ref idref="oc-cc"/>
      </symbol>
      <symbol id="sm-28d">
         <name>__aeabi_fsub</name>
         <value>0x1c55</value>
         <object_component_ref idref="oc-cc"/>
      </symbol>
      <symbol id="sm-28e">
         <name>__subsf3</name>
         <value>0x1c55</value>
         <object_component_ref idref="oc-cc"/>
      </symbol>
      <symbol id="sm-294">
         <name>__aeabi_dmul</name>
         <value>0x1a99</value>
         <object_component_ref idref="oc-12a"/>
      </symbol>
      <symbol id="sm-295">
         <name>__muldf3</name>
         <value>0x1a99</value>
         <object_component_ref idref="oc-12a"/>
      </symbol>
      <symbol id="sm-29b">
         <name>__muldsi3</name>
         <value>0x2761</value>
         <object_component_ref idref="oc-141"/>
      </symbol>
      <symbol id="sm-2a1">
         <name>__aeabi_fmul</name>
         <value>0x1f5d</value>
         <object_component_ref idref="oc-c4"/>
      </symbol>
      <symbol id="sm-2a2">
         <name>__mulsf3</name>
         <value>0x1f5d</value>
         <object_component_ref idref="oc-c4"/>
      </symbol>
      <symbol id="sm-2a8">
         <name>__aeabi_ddiv</name>
         <value>0x17a1</value>
         <object_component_ref idref="oc-12e"/>
      </symbol>
      <symbol id="sm-2a9">
         <name>__divdf3</name>
         <value>0x17a1</value>
         <object_component_ref idref="oc-12e"/>
      </symbol>
      <symbol id="sm-2af">
         <name>__aeabi_f2iz</name>
         <value>0x27d5</value>
         <object_component_ref idref="oc-d0"/>
      </symbol>
      <symbol id="sm-2b0">
         <name>__fixsfsi</name>
         <value>0x27d5</value>
         <object_component_ref idref="oc-d0"/>
      </symbol>
      <symbol id="sm-2b6">
         <name>__aeabi_i2d</name>
         <value>0x2a41</value>
         <object_component_ref idref="oc-126"/>
      </symbol>
      <symbol id="sm-2b7">
         <name>__floatsidf</name>
         <value>0x2a41</value>
         <object_component_ref idref="oc-126"/>
      </symbol>
      <symbol id="sm-2bd">
         <name>__aeabi_ui2f</name>
         <value>0x2ae9</value>
         <object_component_ref idref="oc-152"/>
      </symbol>
      <symbol id="sm-2be">
         <name>__floatunsisf</name>
         <value>0x2ae9</value>
         <object_component_ref idref="oc-152"/>
      </symbol>
      <symbol id="sm-2c5">
         <name>__aeabi_d2f</name>
         <value>0x2151</value>
         <object_component_ref idref="oc-132"/>
      </symbol>
      <symbol id="sm-2c6">
         <name>__truncdfsf2</name>
         <value>0x2151</value>
         <object_component_ref idref="oc-132"/>
      </symbol>
      <symbol id="sm-2cc">
         <name>__aeabi_fcmpeq</name>
         <value>0x2379</value>
         <object_component_ref idref="oc-c8"/>
      </symbol>
      <symbol id="sm-2cd">
         <name>__aeabi_fcmplt</name>
         <value>0x238d</value>
         <object_component_ref idref="oc-c8"/>
      </symbol>
      <symbol id="sm-2ce">
         <name>__aeabi_fcmple</name>
         <value>0x23a1</value>
         <object_component_ref idref="oc-c8"/>
      </symbol>
      <symbol id="sm-2cf">
         <name>__aeabi_fcmpge</name>
         <value>0x23b5</value>
         <object_component_ref idref="oc-c8"/>
      </symbol>
      <symbol id="sm-2d0">
         <name>__aeabi_fcmpgt</name>
         <value>0x23c9</value>
         <object_component_ref idref="oc-c8"/>
      </symbol>
      <symbol id="sm-2d6">
         <name>__aeabi_memcpy</name>
         <value>0x3029</value>
         <object_component_ref idref="oc-4e"/>
      </symbol>
      <symbol id="sm-2d7">
         <name>__aeabi_memcpy4</name>
         <value>0x3029</value>
         <object_component_ref idref="oc-4e"/>
      </symbol>
      <symbol id="sm-2d8">
         <name>__aeabi_memcpy8</name>
         <value>0x3029</value>
         <object_component_ref idref="oc-4e"/>
      </symbol>
      <symbol id="sm-2de">
         <name>__aeabi_uidiv</name>
         <value>0x262d</value>
         <object_component_ref idref="oc-122"/>
      </symbol>
      <symbol id="sm-2df">
         <name>__aeabi_uidivmod</name>
         <value>0x262d</value>
         <object_component_ref idref="oc-122"/>
      </symbol>
      <symbol id="sm-2e8">
         <name>__eqsf2</name>
         <value>0x2725</value>
         <object_component_ref idref="oc-146"/>
      </symbol>
      <symbol id="sm-2e9">
         <name>__lesf2</name>
         <value>0x2725</value>
         <object_component_ref idref="oc-146"/>
      </symbol>
      <symbol id="sm-2ea">
         <name>__ltsf2</name>
         <value>0x2725</value>
         <object_component_ref idref="oc-146"/>
      </symbol>
      <symbol id="sm-2eb">
         <name>__nesf2</name>
         <value>0x2725</value>
         <object_component_ref idref="oc-146"/>
      </symbol>
      <symbol id="sm-2ec">
         <name>__cmpsf2</name>
         <value>0x2725</value>
         <object_component_ref idref="oc-146"/>
      </symbol>
      <symbol id="sm-2ed">
         <name>__gtsf2</name>
         <value>0x26ad</value>
         <object_component_ref idref="oc-14b"/>
      </symbol>
      <symbol id="sm-2ee">
         <name>__gesf2</name>
         <value>0x26ad</value>
         <object_component_ref idref="oc-14b"/>
      </symbol>
      <symbol id="sm-2f8">
         <name>__aeabi_idiv0</name>
         <value>0x20d7</value>
         <object_component_ref idref="oc-19c"/>
      </symbol>
      <symbol id="sm-301">
         <name>TI_memcpy_small</name>
         <value>0x2fcf</value>
         <object_component_ref idref="oc-a3"/>
      </symbol>
      <symbol id="sm-302">
         <name>__TI_static_base__</name>
         <value>0x0</value>
      </symbol>
      <symbol id="sm-305">
         <name>__mpu_init</name>
         <value>0x0</value>
      </symbol>
      <symbol id="sm-306">
         <name>_system_post_cinit</name>
         <value>0x0</value>
      </symbol>
   </symbol_table>
   <title>Link successful</title>
</link_info>
