******************************************************************************
            TI ARM Clang Linker PC v3.2.2                      
******************************************************************************
>> Linked Thu Aug  1 17:24:33 2024

OUTPUT FILE NAME:   <empty_LP_MSPM0G3507_nortos_ticlang.out>
ENTRY POINT SYMBOL: "_c_int00_noargs"  address: 00001f05


MEMORY CONFIGURATION

         name            origin    length      used     unused   attr    fill
----------------------  --------  ---------  --------  --------  ----  --------
  FLASH                 00000000   00020000  00002d40  0001d2c0  R  X
  SRAM                  20200000   00008000  0000039a  00007c66  RW X
  BCR_CONFIG            41c00000   00000080  00000000  00000080  R   
  BSL_CONFIG            41c00100   00000080  00000000  00000080  R   


SEGMENT ALLOCATION MAP

run origin  load origin   length   init length attrs members
----------  ----------- ---------- ----------- ----- -------
00000000    00000000    00002d40   00002d40    r-x
  00000000    00000000    000000c0   000000c0    r-- .intvecs
  000000c0    000000c0    000023e0   000023e0    r-x .text
  000024a0    000024a0    00000860   00000860    r-- .rodata
  00002d00    00002d00    00000040   00000040    r-- .cinit
20200000    20200000    0000019c   00000000    rw-
  20200000    20200000    00000152   00000000    rw- .bss
  20200154    20200154    00000048   00000000    rw- .data
20207e00    20207e00    00000200   00000000    rw-
  20207e00    20207e00    00000200   00000000    rw- .stack


SECTION ALLOCATION MAP

 output                                  attributes/
section   page    origin      length       input sections
--------  ----  ----------  ----------   ----------------
.intvecs   0    00000000    000000c0     
                  00000000    000000c0     startup_mspm0g350x_ticlang.o (.intvecs)

.text      0    000000c0    000023e0     
                  000000c0    00000200     UART.o (.text.Data_Decoder)
                  000002c0    000001fc     main.o (.text.main)
                  000004bc    00000124     encoder.o (.text.GetCount)
                  000005e0    00000120     ssd1106.o (.text.SSD1106_ShowChar)
                  00000700    0000010c     libclang_rt.builtins.a : divdf3.S.obj (.text.__divdf3)
                  0000080c    00000104     ssd1106.o (.text.SSD1106_Init)
                  00000910    000000ec     encoder.o (.text.Duty_change)
                  000009fc    000000e8     driverlib.a : dl_timer.o (.text.DL_Timer_initTimerMode)
                  00000ae4    000000e4     libclang_rt.builtins.a : muldf3.S.obj (.text.__muldf3)
                  00000bc8    000000d8     pid.o (.text.PID_left)
                  00000ca0    000000d8     pid.o (.text.PID_right)
                  00000d78    000000d8     ti_msp_dl_config.o (.text.SYSCFG_DL_GPIO_init)
                  00000e50    000000d8     libclang_rt.builtins.a : addsf3.S.obj (.text)
                  00000f28    000000d4     ssd1106.o (.text.SSD1106_ShowNum)
                  00000ffc    000000c4     driverlib.a : dl_timer.o (.text.DL_Timer_initPWMMode)
                  000010c0    000000b4     ssd1106.o (.text.SSD1106_WR_Byte)
                  00001174    0000008c     libclang_rt.builtins.a : mulsf3.S.obj (.text.__mulsf3)
                  00001200    00000088     encoder.o (.text.GROUP1_IRQHandler)
                  00001288    00000084     ti_msp_dl_config.o (.text.__NVIC_SetPriority)
                  0000130c    00000080     ti_msp_dl_config.o (.text.SYSCFG_DL_PWM_0_init)
                  0000138c    0000007c     ti_msp_dl_config.o (.text.SYSCFG_DL_initPower)
                  00001408    00000078     libc.a : copy_decompress_lzss.c.obj (.text:decompress:lzss)
                  00001480    00000074     libclang_rt.builtins.a : truncdfsf2.S.obj (.text.__truncdfsf2)
                  000014f4    00000070     ssd1106.o (.text.SSD1106_ShowString)
                  00001564    00000070     libclang_rt.builtins.a : comparedf2.c.obj (.text.__gedf2)
                  000015d4    0000006c                            : comparedf2.c.obj (.text.__ledf2)
                  00001640    0000006a     ssd1106.o (.text.SSD1106_Clear)
                  000016aa    00000002     libclang_rt.builtins.a : aeabi_div0.c.obj (.text.__aeabi_idiv0)
                  000016ac    00000068     pwm.o (.text.PWM_SetDuty)
                  00001714    00000062     libclang_rt.builtins.a : aeabi_dcmp.S.obj (.text.__aeabi_dcmp)
                  00001776    00000002     --HOLE-- [fill = 0]
                  00001778    00000062                            : aeabi_fcmp.S.obj (.text.__aeabi_fcmp)
                  000017da    00000002     --HOLE-- [fill = 0]
                  000017dc    00000054     ti_msp_dl_config.o (.text.DL_Timer_configQEI)
                  00001830    00000054     encoder.o (.text.Encoder_Init)
                  00001884    0000004c     ti_msp_dl_config.o (.text.DL_UART_setBaudRateDivisor)
                  000018d0    0000004c     ti_msp_dl_config.o (.text.SYSCFG_DL_QEI_0_init)
                  0000191c    00000048     driverlib.a : dl_uart.o (.text.DL_UART_init)
                  00001964    00000048     ti_msp_dl_config.o (.text.SYSCFG_DL_UART_0_init)
                  000019ac    00000040     ti_msp_dl_config.o (.text.SYSCFG_DL_init)
                  000019ec    00000040     libclang_rt.builtins.a : aeabi_uidivmod.S.obj (.text.__aeabi_uidivmod)
                  00001a2c    00000040                            : extendsfdf2.S.obj (.text.__extendsfdf2)
                  00001a6c    0000003e     ssd1106.o (.text.SSD1106_Set_Pos)
                  00001aaa    00000002     --HOLE-- [fill = 0]
                  00001aac    0000003c     ti_msp_dl_config.o (.text.SYSCFG_DL_TIMER_0_init)
                  00001ae8    0000003c     libclang_rt.builtins.a : floatsisf.S.obj (.text.__floatsisf)
                  00001b24    0000003c                            : comparesf2.S.obj (.text.__gtsf2)
                  00001b60    0000003c     libc.a : autoinit.c.obj (.text:__TI_auto_init_nobinit_nopinit)
                  00001b9c    0000003a     libclang_rt.builtins.a : comparesf2.S.obj (.text.__eqsf2)
                  00001bd6    00000002     --HOLE-- [fill = 0]
                  00001bd8    0000003a                            : muldsi3.S.obj (.text.__muldsi3)
                  00001c12    00000002     --HOLE-- [fill = 0]
                  00001c14    00000038     UART.o (.text.UART3_IRQHandler)
                  00001c4c    00000038     UART.o (.text.UART_Init)
                  00001c84    00000038     libclang_rt.builtins.a : fixsfsi.S.obj (.text.__fixsfsi)
                  00001cbc    00000034     ti_msp_dl_config.o (.text.DL_GPIO_initDigitalInputFeatures)
                  00001cf0    00000032     ti_msp_dl_config.o (.text.SYSCFG_DL_SYSCTL_init)
                  00001d22    00000002     --HOLE-- [fill = 0]
                  00001d24    00000032     libclang_rt.builtins.a : fixunssfsi.S.obj (.text.__fixunssfsi)
                  00001d56    00000030     ssd1106.o (.text.SSD1106_pow)
                  00001d86    00000002     --HOLE-- [fill = 0]
                  00001d88    0000002c     UART.o (.text.__NVIC_ClearPendingIRQ)
                  00001db4    0000002c     encoder.o (.text.__NVIC_ClearPendingIRQ)
                  00001de0    0000002c     UART.o (.text.__NVIC_EnableIRQ)
                  00001e0c    0000002c     encoder.o (.text.__NVIC_EnableIRQ)
                  00001e38    0000002c     libclang_rt.builtins.a : floatsidf.S.obj (.text.__floatsidf)
                  00001e64    00000028     ti_msp_dl_config.o (.text.DL_Common_updateReg)
                  00001e8c    00000028     encoder.o (.text.TIMG0_IRQHandler)
                  00001eb4    00000028     UART.o (.text.UART_GetFlag)
                  00001edc    00000028     libclang_rt.builtins.a : floatunsisf.S.obj (.text.__floatunsisf)
                  00001f04    00000028     libc.a : boot_cortex_m.c.obj (.text:_c_int00_noargs)
                  00001f2c    00000020     ti_msp_dl_config.o (.text.DL_GPIO_initPeripheralInputFunction)
                  00001f4c    00000020     encoder.o (.text.Speed_Change)
                  00001f6c    0000001e     ti_msp_dl_config.o (.text.DL_UART_setOversampling)
                  00001f8a    00000002     --HOLE-- [fill = 0]
                  00001f8c    0000001c     encoder.o (.text.DL_GPIO_clearInterruptStatus)
                  00001fa8    0000001c     ti_msp_dl_config.o (.text.DL_GPIO_clearInterruptStatus)
                  00001fc4    0000001c     ti_msp_dl_config.o (.text.DL_GPIO_enableInterrupt)
                  00001fe0    0000001c     ti_msp_dl_config.o (.text.DL_GPIO_initPeripheralOutputFunction)
                  00001ffc    0000001c     ti_msp_dl_config.o (.text.DL_GPIO_setLowerPinsPolarity)
                  00002018    0000001c     ti_msp_dl_config.o (.text.DL_SYSCTL_setMCLKDivider)
                  00002034    0000001c     ti_msp_dl_config.o (.text.DL_SYSCTL_setSYSOSCFreq)
                  00002050    0000001c     ti_msp_dl_config.o (.text.DL_SYSCTL_setULPCLKDivider)
                  0000206c    0000001c     ti_msp_dl_config.o (.text.DL_Timer_enableInterrupt)
                  00002088    0000001c     driverlib.a : dl_timer.o (.text.DL_Timer_setCaptCompUpdateMethod)
                  000020a4    0000001c                 : dl_timer.o (.text.DL_Timer_setClockConfig)
                  000020c0    0000001c     ti_msp_dl_config.o (.text.DL_UART_enableInterrupt)
                  000020dc    0000001c     encoder.o (.text.Encoder_GetS)
                  000020f8    00000018     ti_msp_dl_config.o (.text.DL_GPIO_enableOutput)
                  00002110    00000018     ti_msp_dl_config.o (.text.DL_GPIO_enablePower)
                  00002128    00000018     encoder.o (.text.DL_GPIO_getEnabledInterruptStatus)
                  00002140    00000018     ti_msp_dl_config.o (.text.DL_GPIO_initDigitalOutput)
                  00002158    00000018     ti_msp_dl_config.o (.text.DL_GPIO_reset)
                  00002170    00000018     main.o (.text.DL_GPIO_setPins)
                  00002188    00000018     ssd1106.o (.text.DL_GPIO_setPins)
                  000021a0    00000018     main.o (.text.DL_GPIO_togglePins)
                  000021b8    00000018     ti_msp_dl_config.o (.text.DL_SYSCTL_setBORThreshold)
                  000021d0    00000018     ti_msp_dl_config.o (.text.DL_Timer_enablePower)
                  000021e8    00000018     ti_msp_dl_config.o (.text.DL_Timer_reset)
                  00002200    00000018     driverlib.a : dl_timer.o (.text.DL_Timer_setCaptureCompareOutCtl)
                  00002218    00000018     ti_msp_dl_config.o (.text.DL_Timer_setLoadValue)
                  00002230    00000018     encoder.o (.text.DL_Timer_startCounter)
                  00002248    00000018     pwm.o (.text.DL_Timer_startCounter)
                  00002260    00000018     ti_msp_dl_config.o (.text.DL_UART_enablePower)
                  00002278    00000018     ti_msp_dl_config.o (.text.DL_UART_reset)
                  00002290    00000016     encoder.o (.text.DL_GPIO_readPins)
                  000022a6    00000016     ti_msp_dl_config.o (.text.DL_UART_enable)
                  000022bc    00000016     libc.a : copy_zero_init.c.obj (.text:decompress:ZI:__TI_zero_init_nomemset)
                  000022d2    00000014     UART.o (.text.DL_GPIO_clearPins)
                  000022e6    00000014     main.o (.text.DL_GPIO_clearPins)
                  000022fa    00000014     ssd1106.o (.text.DL_GPIO_clearPins)
                  0000230e    00000014     ti_msp_dl_config.o (.text.DL_GPIO_clearPins)
                  00002322    00000002     --HOLE-- [fill = 0]
                  00002324    00000014     ti_msp_dl_config.o (.text.DL_SYSCTL_disableSYSPLL)
                  00002338    00000014     ti_msp_dl_config.o (.text.DL_Timer_enableClock)
                  0000234c    00000014     ti_msp_dl_config.o (.text.DL_Timer_setCCPDirection)
                  00002360    00000014     encoder.o (.text.DL_Timer_setTimerCount)
                  00002374    00000014     UART.o (.text.DL_UART_receiveData)
                  00002388    00000014     encoder.o (.text.Encoder_Clear)
                  0000239c    00000012     encoder.o (.text.DL_Timer_getPendingInterrupt)
                  000023ae    00000012     UART.o (.text.DL_UART_getPendingInterrupt)
                  000023c0    00000012     driverlib.a : dl_uart.o (.text.DL_UART_setClockConfig)
                  000023d2    00000012     libc.a : memcpy16.S.obj (.text:TI_memcpy_small)
                  000023e4    00000012            : copy_decompress_none.c.obj (.text:decompress:none)
                  000023f6    00000002     --HOLE-- [fill = 0]
                  000023f8    00000010     ti_msp_dl_config.o (.text.DL_SYSCTL_disableHFXT)
                  00002408    00000010     encoder.o (.text.DL_Timer_getTimerCount)
                  00002418    00000010     driverlib.a : dl_timer.o (.text.DL_Timer_setCaptureCompareValue)
                  00002428    00000010     pwm.o (.text.PWM_init)
                  00002438    00000010     UART.o (.text.UART_ReturnM1)
                  00002448    00000010     UART.o (.text.UART_ReturnM2)
                  00002458    0000000c     encoder.o (.text.Encoder_GetS1)
                  00002464    0000000c     encoder.o (.text.Encoder_GetS2)
                  00002470    0000000c     UART.o (.text.UART_Stop)
                  0000247c    0000000a     driverlib.a : dl_common.o (.text.DL_Common_delayCycles)
                  00002486    00000002     --HOLE-- [fill = 0]
                  00002488    00000008     libclang_rt.builtins.a : aeabi_memcpy.S.obj (.text.__aeabi_memcpy)
                  00002490    00000004     startup_mspm0g350x_ticlang.o (.text.Default_Handler)
                  00002494    00000004     startup_mspm0g350x_ticlang.o (.text.Reset_Handler)
                  00002498    00000004     libc.a : pre_init.c.obj (.text._system_pre_init)
                  0000249c    00000004            : exit.c.obj (.text:abort)

.cinit     0    00002d00    00000040     
                  00002d00    00000018     (.cinit..data.load) [load image, compression = lzss]
                  00002d18    0000000c     (__TI_handler_table)
                  00002d24    00000008     (.cinit..bss.load) [load image, compression = zero_init]
                  00002d2c    00000010     (__TI_cinit_table)
                  00002d3c    00000004     --HOLE-- [fill = 0]

.rodata    0    000024a0    00000860     
                  000024a0    000005f0     ssd1106.o (.rodata.F8X16)
                  00002a90    00000228     ssd1106.o (.rodata.F6x8)
                  00002cb8    00000014     ti_msp_dl_config.o (.rodata.gTIMER_0TimerConfig)
                  00002ccc    0000000a     ti_msp_dl_config.o (.rodata.gUART_0Config)
                  00002cd6    00000002     ti_msp_dl_config.o (.rodata.gUART_0ClockConfig)
                  00002cd8    00000008     ti_msp_dl_config.o (.rodata.gPWM_0Config)
                  00002ce0    00000005     main.o (.rodata.str1.176328792963337784071)
                  00002ce5    00000005     main.o (.rodata.str1.42969106790848045441)
                  00002cea    00000005     main.o (.rodata.str1.52501554851255701521)
                  00002cef    00000005     main.o (.rodata.str1.97993385775340092391)
                  00002cf4    00000003     ti_msp_dl_config.o (.rodata.gPWM_0ClockConfig)
                  00002cf7    00000003     ti_msp_dl_config.o (.rodata.gQEI_0ClockConfig)
                  00002cfa    00000003     ti_msp_dl_config.o (.rodata.gTIMER_0ClockConfig)
                  00002cfd    00000003     --HOLE-- [fill = 0]

.init_array 
*          0    00000000    00000000     UNINITIALIZED

.binit     0    00000000    00000000     

.bss       0    20200000    00000152     UNINITIALIZED
                  20200000    00000078     (.common:gPWM_0Backup)
                  20200078    00000078     (.common:gQEI_0Backup)
                  202000f0    00000030     (.common:gUART_0Backup)
                  20200120    00000004     (.common:duty_left)
                  20200124    00000004     (.common:duty_right)
                  20200128    00000004     (.common:gpioA)
                  2020012c    00000004     (.common:monitor1)
                  20200130    00000004     (.common:monitor2)
                  20200134    00000004     (.common:speed_left)
                  20200138    00000004     (.common:speed_right)
                  2020013c    00000004     (.common:sum1)
                  20200140    00000004     (.common:sum2)
                  20200144    00000002     (.common:encoder1)
                  20200146    00000002     (.common:encoder2)
                  20200148    00000002     (.common:gEncoderCount)
                  2020014a    00000001     (.common:M1)
                  2020014b    00000001     (.common:M2)
                  2020014c    00000001     (.common:clear_flag)
                  2020014d    00000001     (.common:flag)
                  2020014e    00000001     (.common:gEchoData)
                  2020014f    00000001     (.common:gpio_flag)
                  20200150    00000001     (.common:stage)
                  20200151    00000001     (.common:stop_flag)

.data      0    20200154    00000048     UNINITIALIZED
                  20200154    00000004     pid.o (.data.d_left)
                  20200158    00000004     pid.o (.data.d_right)
                  2020015c    00000004     pid.o (.data.erro_left0)
                  20200160    00000004     pid.o (.data.erro_left1)
                  20200164    00000004     pid.o (.data.erro_left2)
                  20200168    00000004     pid.o (.data.erro_right0)
                  2020016c    00000004     pid.o (.data.erro_right1)
                  20200170    00000004     pid.o (.data.erro_right2)
                  20200174    00000004     pid.o (.data.i_left)
                  20200178    00000004     pid.o (.data.i_right)
                  2020017c    00000004     pid.o (.data.kd_left)
                  20200180    00000004     pid.o (.data.kd_right)
                  20200184    00000004     pid.o (.data.ki_left)
                  20200188    00000004     pid.o (.data.ki_right)
                  2020018c    00000004     pid.o (.data.kp_left)
                  20200190    00000004     pid.o (.data.kp_right)
                  20200194    00000004     pid.o (.data.p_left)
                  20200198    00000004     pid.o (.data.p_right)

.stack     0    20207e00    00000200     UNINITIALIZED
                  20207e00    00000004     libc.a : boot_cortex_m.c.obj (.stack)
                  20207e04    000001fc     --HOLE--

__llvm_prf_cnts 
*          0    20200000    00000000     UNINITIALIZED

__llvm_prf_bits 
*          0    20200000    00000000     UNINITIALIZED

MODULE SUMMARY

       Module                         code   ro data   rw data
       ------                         ----   -------   -------
    .\
       ti_msp_dl_config.o             1846   49        288    
       main.o                         576    20        0      
       startup_mspm0g350x_ticlang.o   8      192       0      
    +--+------------------------------+------+---------+---------+
       Total:                         2430   261       288    
                                                              
    .\ENCODER\
       encoder.o                      1132   0         42     
    +--+------------------------------+------+---------+---------+
       Total:                         1132   0         42     
                                                              
    .\PID\
       pid.o                          432    0         72     
    +--+------------------------------+------+---------+---------+
       Total:                         432    0         72     
                                                              
    .\PWM\
       pwm.o                          144    0         0      
    +--+------------------------------+------+---------+---------+
       Total:                         144    0         0      
                                                              
    .\SSD1106_OLED\
       ssd1106.o                      1312   2072      0      
    +--+------------------------------+------+---------+---------+
       Total:                         1312   2072      0      
                                                              
    .\UART\
       UART.o                         854    0         8      
    +--+------------------------------+------+---------+---------+
       Total:                         854    0         8      
                                                              
    E:/ti/mspm0_sdk_2_01_00_03/source/ti/driverlib/lib/ticlang/m0p/mspm0g1x0x_g3x0x/driverlib.a
       dl_timer.o                     524    0         0      
       dl_uart.o                      90     0         0      
       dl_common.o                    10     0         0      
    +--+------------------------------+------+---------+---------+
       Total:                         624    0         0      
                                                              
    E:\ti\ccstheia141\ccs\tools\compiler\ti-cgt-armllvm_3.2.2.LTS\lib\armv6m-ti-none-eabi/c/libc.a
       copy_decompress_lzss.c.obj     120    0         0      
       autoinit.c.obj                 60     0         0      
       boot_cortex_m.c.obj            40     0         0      
       copy_zero_init.c.obj           22     0         0      
       copy_decompress_none.c.obj     18     0         0      
       memcpy16.S.obj                 18     0         0      
       exit.c.obj                     4      0         0      
       pre_init.c.obj                 4      0         0      
    +--+------------------------------+------+---------+---------+
       Total:                         286    0         0      
                                                              
    E:\ti\ccstheia141\ccs\tools\compiler\ti-cgt-armllvm_3.2.2.LTS\lib\clang/15.0.7/lib/armv6m-ti-none-eabi/libclang_rt.builtins.a
       divdf3.S.obj                   268    0         0      
       muldf3.S.obj                   228    0         0      
       comparedf2.c.obj               220    0         0      
       addsf3.S.obj                   216    0         0      
       mulsf3.S.obj                   140    0         0      
       comparesf2.S.obj               118    0         0      
       truncdfsf2.S.obj               116    0         0      
       aeabi_dcmp.S.obj               98     0         0      
       aeabi_fcmp.S.obj               98     0         0      
       aeabi_uidivmod.S.obj           64     0         0      
       extendsfdf2.S.obj              64     0         0      
       floatsisf.S.obj                60     0         0      
       muldsi3.S.obj                  58     0         0      
       fixsfsi.S.obj                  56     0         0      
       fixunssfsi.S.obj               50     0         0      
       floatsidf.S.obj                44     0         0      
       floatunsisf.S.obj              40     0         0      
       aeabi_memcpy.S.obj             8      0         0      
       aeabi_div0.c.obj               2      0         0      
    +--+------------------------------+------+---------+---------+
       Total:                         1948   0         0      
                                                              
       Stack:                         0      0         512    
       Linker Generated:              0      60        0      
    +--+------------------------------+------+---------+---------+
       Grand Total:                   9162   2393      922    


LINKER GENERATED COPY TABLES

__TI_cinit_table @ 00002d2c records: 2, size/record: 8, table size: 16
	.data: load addr=00002d00, load size=00000018 bytes, run addr=20200154, run size=00000048 bytes, compression=lzss
	.bss: load addr=00002d24, load size=00000008 bytes, run addr=20200000, run size=00000152 bytes, compression=zero_init


LINKER GENERATED HANDLER TABLE

__TI_handler_table @ 00002d18 records: 3, size/record: 4, table size: 12
	index: 0, handler: __TI_decompress_lzss
	index: 1, handler: __TI_decompress_none
	index: 2, handler: __TI_zero_init


GLOBAL SYMBOLS: SORTED ALPHABETICALLY BY Name 

address   name                            
-------   ----                            
00002491  ADC0_IRQHandler                 
00002491  ADC1_IRQHandler                 
00002491  AES_IRQHandler                  
0000249c  C$$EXIT                         
00002491  CANFD0_IRQHandler               
00002491  DAC0_IRQHandler                 
0000247d  DL_Common_delayCycles           
00000ffd  DL_Timer_initPWMMode            
000009fd  DL_Timer_initTimerMode          
00002089  DL_Timer_setCaptCompUpdateMethod
00002201  DL_Timer_setCaptureCompareOutCtl
00002419  DL_Timer_setCaptureCompareValue 
000020a5  DL_Timer_setClockConfig         
0000191d  DL_UART_init                    
000023c1  DL_UART_setClockConfig          
00002491  DMA_IRQHandler                  
000000c1  Data_Decoder                    
00002491  Default_Handler                 
00000911  Duty_change                     
00002389  Encoder_Clear                   
000020dd  Encoder_GetS                    
00002459  Encoder_GetS1                   
00002465  Encoder_GetS2                   
00001831  Encoder_Init                    
00002a90  F6x8                            
000024a0  F8X16                           
00002491  GROUP0_IRQHandler               
00001201  GROUP1_IRQHandler               
000004bd  GetCount                        
00002491  HardFault_Handler               
00002491  I2C0_IRQHandler                 
00002491  I2C1_IRQHandler                 
2020014a  M1                              
2020014b  M2                              
00002491  NMI_Handler                     
00000bc9  PID_left                        
00000ca1  PID_right                       
000016ad  PWM_SetDuty                     
00002429  PWM_init                        
00002491  PendSV_Handler                  
00002491  RTC_IRQHandler                  
00002495  Reset_Handler                   
00002491  SPI0_IRQHandler                 
00002491  SPI1_IRQHandler                 
00001641  SSD1106_Clear                   
0000080d  SSD1106_Init                    
00001a6d  SSD1106_Set_Pos                 
000005e1  SSD1106_ShowChar                
00000f29  SSD1106_ShowNum                 
000014f5  SSD1106_ShowString              
000010c1  SSD1106_WR_Byte                 
00001d57  SSD1106_pow                     
00002491  SVC_Handler                     
00000d79  SYSCFG_DL_GPIO_init             
0000130d  SYSCFG_DL_PWM_0_init            
000018d1  SYSCFG_DL_QEI_0_init            
00001cf1  SYSCFG_DL_SYSCTL_init           
00001aad  SYSCFG_DL_TIMER_0_init          
00001965  SYSCFG_DL_UART_0_init           
000019ad  SYSCFG_DL_init                  
0000138d  SYSCFG_DL_initPower             
00001f4d  Speed_Change                    
00002491  SysTick_Handler                 
00002491  TIMA0_IRQHandler                
00002491  TIMA1_IRQHandler                
00001e8d  TIMG0_IRQHandler                
00002491  TIMG12_IRQHandler               
00002491  TIMG6_IRQHandler                
00002491  TIMG7_IRQHandler                
00002491  TIMG8_IRQHandler                
000023d3  TI_memcpy_small                 
00002491  UART0_IRQHandler                
00002491  UART1_IRQHandler                
00002491  UART2_IRQHandler                
00001c15  UART3_IRQHandler                
00001eb5  UART_GetFlag                    
00001c4d  UART_Init                       
00002439  UART_ReturnM1                   
00002449  UART_ReturnM2                   
00002471  UART_Stop                       
20208000  __STACK_END                     
00000200  __STACK_SIZE                    
00000000  __TI_ATRegion0_region_sz        
00000000  __TI_ATRegion0_src_addr         
00000000  __TI_ATRegion0_trg_addr         
00000000  __TI_ATRegion1_region_sz        
00000000  __TI_ATRegion1_src_addr         
00000000  __TI_ATRegion1_trg_addr         
00000000  __TI_ATRegion2_region_sz        
00000000  __TI_ATRegion2_src_addr         
00000000  __TI_ATRegion2_trg_addr         
00002d2c  __TI_CINIT_Base                 
00002d3c  __TI_CINIT_Limit                
00002d3c  __TI_CINIT_Warm                 
00002d18  __TI_Handler_Table_Base         
00002d24  __TI_Handler_Table_Limit        
00001b61  __TI_auto_init_nobinit_nopinit  
00001409  __TI_decompress_lzss            
000023e5  __TI_decompress_none            
ffffffff  __TI_pprof_out_hndl             
ffffffff  __TI_prof_data_size             
ffffffff  __TI_prof_data_start            
00000000  __TI_static_base__              
000022bd  __TI_zero_init_nomemset         
00000e5b  __addsf3                        
00001481  __aeabi_d2f                     
00001715  __aeabi_dcmpeq                  
00001751  __aeabi_dcmpge                  
00001765  __aeabi_dcmpgt                  
0000173d  __aeabi_dcmple                  
00001729  __aeabi_dcmplt                  
00000701  __aeabi_ddiv                    
00000ae5  __aeabi_dmul                    
00001a2d  __aeabi_f2d                     
00001c85  __aeabi_f2iz                    
00001d25  __aeabi_f2uiz                   
00000e5b  __aeabi_fadd                    
00001779  __aeabi_fcmpeq                  
000017b5  __aeabi_fcmpge                  
000017c9  __aeabi_fcmpgt                  
000017a1  __aeabi_fcmple                  
0000178d  __aeabi_fcmplt                  
00001175  __aeabi_fmul                    
00000e51  __aeabi_fsub                    
00001e39  __aeabi_i2d                     
00001ae9  __aeabi_i2f                     
000016ab  __aeabi_idiv0                   
00002489  __aeabi_memcpy                  
00002489  __aeabi_memcpy4                 
00002489  __aeabi_memcpy8                 
00001edd  __aeabi_ui2f                    
000019ed  __aeabi_uidiv                   
000019ed  __aeabi_uidivmod                
ffffffff  __binit__                       
000015d5  __cmpdf2                        
00001b9d  __cmpsf2                        
00000701  __divdf3                        
000015d5  __eqdf2                         
00001b9d  __eqsf2                         
00001a2d  __extendsfdf2                   
00001c85  __fixsfsi                       
00001d25  __fixunssfsi                    
00001e39  __floatsidf                     
00001ae9  __floatsisf                     
00001edd  __floatunsisf                   
00001565  __gedf2                         
00001b25  __gesf2                         
00001565  __gtdf2                         
00001b25  __gtsf2                         
000015d5  __ledf2                         
00001b9d  __lesf2                         
000015d5  __ltdf2                         
00001b9d  __ltsf2                         
UNDEFED   __mpu_init                      
00000ae5  __muldf3                        
00001bd9  __muldsi3                       
00001175  __mulsf3                        
000015d5  __nedf2                         
00001b9d  __nesf2                         
20207e00  __stack                         
20200000  __start___llvm_prf_bits         
20200000  __start___llvm_prf_cnts         
20200000  __stop___llvm_prf_bits          
20200000  __stop___llvm_prf_cnts          
00000e51  __subsf3                        
00001481  __truncdfsf2                    
00001f05  _c_int00_noargs                 
UNDEFED   _system_post_cinit              
00002499  _system_pre_init                
0000249d  abort                           
ffffffff  binit                           
2020014c  clear_flag                      
20200154  d_left                          
20200158  d_right                         
20200120  duty_left                       
20200124  duty_right                      
20200144  encoder1                        
20200146  encoder2                        
2020015c  erro_left0                      
20200160  erro_left1                      
20200164  erro_left2                      
20200168  erro_right0                     
2020016c  erro_right1                     
20200170  erro_right2                     
2020014d  flag                            
2020014e  gEchoData                       
20200148  gEncoderCount                   
20200000  gPWM_0Backup                    
20200078  gQEI_0Backup                    
202000f0  gUART_0Backup                   
20200128  gpioA                           
2020014f  gpio_flag                       
20200174  i_left                          
20200178  i_right                         
00000000  interruptVectors                
2020017c  kd_left                         
20200180  kd_right                        
20200184  ki_left                         
20200188  ki_right                        
2020018c  kp_left                         
20200190  kp_right                        
000002c1  main                            
2020012c  monitor1                        
20200130  monitor2                        
20200194  p_left                          
20200198  p_right                         
20200134  speed_left                      
20200138  speed_right                     
20200150  stage                           
20200151  stop_flag                       
2020013c  sum1                            
20200140  sum2                            


GLOBAL SYMBOLS: SORTED BY Symbol Address 

address   name                            
-------   ----                            
00000000  __TI_ATRegion0_region_sz        
00000000  __TI_ATRegion0_src_addr         
00000000  __TI_ATRegion0_trg_addr         
00000000  __TI_ATRegion1_region_sz        
00000000  __TI_ATRegion1_src_addr         
00000000  __TI_ATRegion1_trg_addr         
00000000  __TI_ATRegion2_region_sz        
00000000  __TI_ATRegion2_src_addr         
00000000  __TI_ATRegion2_trg_addr         
00000000  __TI_static_base__              
00000000  interruptVectors                
000000c1  Data_Decoder                    
00000200  __STACK_SIZE                    
000002c1  main                            
000004bd  GetCount                        
000005e1  SSD1106_ShowChar                
00000701  __aeabi_ddiv                    
00000701  __divdf3                        
0000080d  SSD1106_Init                    
00000911  Duty_change                     
000009fd  DL_Timer_initTimerMode          
00000ae5  __aeabi_dmul                    
00000ae5  __muldf3                        
00000bc9  PID_left                        
00000ca1  PID_right                       
00000d79  SYSCFG_DL_GPIO_init             
00000e51  __aeabi_fsub                    
00000e51  __subsf3                        
00000e5b  __addsf3                        
00000e5b  __aeabi_fadd                    
00000f29  SSD1106_ShowNum                 
00000ffd  DL_Timer_initPWMMode            
000010c1  SSD1106_WR_Byte                 
00001175  __aeabi_fmul                    
00001175  __mulsf3                        
00001201  GROUP1_IRQHandler               
0000130d  SYSCFG_DL_PWM_0_init            
0000138d  SYSCFG_DL_initPower             
00001409  __TI_decompress_lzss            
00001481  __aeabi_d2f                     
00001481  __truncdfsf2                    
000014f5  SSD1106_ShowString              
00001565  __gedf2                         
00001565  __gtdf2                         
000015d5  __cmpdf2                        
000015d5  __eqdf2                         
000015d5  __ledf2                         
000015d5  __ltdf2                         
000015d5  __nedf2                         
00001641  SSD1106_Clear                   
000016ab  __aeabi_idiv0                   
000016ad  PWM_SetDuty                     
00001715  __aeabi_dcmpeq                  
00001729  __aeabi_dcmplt                  
0000173d  __aeabi_dcmple                  
00001751  __aeabi_dcmpge                  
00001765  __aeabi_dcmpgt                  
00001779  __aeabi_fcmpeq                  
0000178d  __aeabi_fcmplt                  
000017a1  __aeabi_fcmple                  
000017b5  __aeabi_fcmpge                  
000017c9  __aeabi_fcmpgt                  
00001831  Encoder_Init                    
000018d1  SYSCFG_DL_QEI_0_init            
0000191d  DL_UART_init                    
00001965  SYSCFG_DL_UART_0_init           
000019ad  SYSCFG_DL_init                  
000019ed  __aeabi_uidiv                   
000019ed  __aeabi_uidivmod                
00001a2d  __aeabi_f2d                     
00001a2d  __extendsfdf2                   
00001a6d  SSD1106_Set_Pos                 
00001aad  SYSCFG_DL_TIMER_0_init          
00001ae9  __aeabi_i2f                     
00001ae9  __floatsisf                     
00001b25  __gesf2                         
00001b25  __gtsf2                         
00001b61  __TI_auto_init_nobinit_nopinit  
00001b9d  __cmpsf2                        
00001b9d  __eqsf2                         
00001b9d  __lesf2                         
00001b9d  __ltsf2                         
00001b9d  __nesf2                         
00001bd9  __muldsi3                       
00001c15  UART3_IRQHandler                
00001c4d  UART_Init                       
00001c85  __aeabi_f2iz                    
00001c85  __fixsfsi                       
00001cf1  SYSCFG_DL_SYSCTL_init           
00001d25  __aeabi_f2uiz                   
00001d25  __fixunssfsi                    
00001d57  SSD1106_pow                     
00001e39  __aeabi_i2d                     
00001e39  __floatsidf                     
00001e8d  TIMG0_IRQHandler                
00001eb5  UART_GetFlag                    
00001edd  __aeabi_ui2f                    
00001edd  __floatunsisf                   
00001f05  _c_int00_noargs                 
00001f4d  Speed_Change                    
00002089  DL_Timer_setCaptCompUpdateMethod
000020a5  DL_Timer_setClockConfig         
000020dd  Encoder_GetS                    
00002201  DL_Timer_setCaptureCompareOutCtl
000022bd  __TI_zero_init_nomemset         
00002389  Encoder_Clear                   
000023c1  DL_UART_setClockConfig          
000023d3  TI_memcpy_small                 
000023e5  __TI_decompress_none            
00002419  DL_Timer_setCaptureCompareValue 
00002429  PWM_init                        
00002439  UART_ReturnM1                   
00002449  UART_ReturnM2                   
00002459  Encoder_GetS1                   
00002465  Encoder_GetS2                   
00002471  UART_Stop                       
0000247d  DL_Common_delayCycles           
00002489  __aeabi_memcpy                  
00002489  __aeabi_memcpy4                 
00002489  __aeabi_memcpy8                 
00002491  ADC0_IRQHandler                 
00002491  ADC1_IRQHandler                 
00002491  AES_IRQHandler                  
00002491  CANFD0_IRQHandler               
00002491  DAC0_IRQHandler                 
00002491  DMA_IRQHandler                  
00002491  Default_Handler                 
00002491  GROUP0_IRQHandler               
00002491  HardFault_Handler               
00002491  I2C0_IRQHandler                 
00002491  I2C1_IRQHandler                 
00002491  NMI_Handler                     
00002491  PendSV_Handler                  
00002491  RTC_IRQHandler                  
00002491  SPI0_IRQHandler                 
00002491  SPI1_IRQHandler                 
00002491  SVC_Handler                     
00002491  SysTick_Handler                 
00002491  TIMA0_IRQHandler                
00002491  TIMA1_IRQHandler                
00002491  TIMG12_IRQHandler               
00002491  TIMG6_IRQHandler                
00002491  TIMG7_IRQHandler                
00002491  TIMG8_IRQHandler                
00002491  UART0_IRQHandler                
00002491  UART1_IRQHandler                
00002491  UART2_IRQHandler                
00002495  Reset_Handler                   
00002499  _system_pre_init                
0000249c  C$$EXIT                         
0000249d  abort                           
000024a0  F8X16                           
00002a90  F6x8                            
00002d18  __TI_Handler_Table_Base         
00002d24  __TI_Handler_Table_Limit        
00002d2c  __TI_CINIT_Base                 
00002d3c  __TI_CINIT_Limit                
00002d3c  __TI_CINIT_Warm                 
20200000  __start___llvm_prf_bits         
20200000  __start___llvm_prf_cnts         
20200000  __stop___llvm_prf_bits          
20200000  __stop___llvm_prf_cnts          
20200000  gPWM_0Backup                    
20200078  gQEI_0Backup                    
202000f0  gUART_0Backup                   
20200120  duty_left                       
20200124  duty_right                      
20200128  gpioA                           
2020012c  monitor1                        
20200130  monitor2                        
20200134  speed_left                      
20200138  speed_right                     
2020013c  sum1                            
20200140  sum2                            
20200144  encoder1                        
20200146  encoder2                        
20200148  gEncoderCount                   
2020014a  M1                              
2020014b  M2                              
2020014c  clear_flag                      
2020014d  flag                            
2020014e  gEchoData                       
2020014f  gpio_flag                       
20200150  stage                           
20200151  stop_flag                       
20200154  d_left                          
20200158  d_right                         
2020015c  erro_left0                      
20200160  erro_left1                      
20200164  erro_left2                      
20200168  erro_right0                     
2020016c  erro_right1                     
20200170  erro_right2                     
20200174  i_left                          
20200178  i_right                         
2020017c  kd_left                         
20200180  kd_right                        
20200184  ki_left                         
20200188  ki_right                        
2020018c  kp_left                         
20200190  kp_right                        
20200194  p_left                          
20200198  p_right                         
20207e00  __stack                         
20208000  __STACK_END                     
ffffffff  __TI_pprof_out_hndl             
ffffffff  __TI_prof_data_size             
ffffffff  __TI_prof_data_start            
ffffffff  __binit__                       
ffffffff  binit                           
UNDEFED   __mpu_init                      
UNDEFED   _system_post_cinit              

[212 symbols]
